07-23 09:55:28.761 25251 25334 I com.mediavault: Note: end time exceeds INT32_MAX: 18446744067
07-23 09:55:28.767 25251 25334 I com.mediavault: Note: end time exceeds INT32_MAX: 18446744067
07-23 09:55:28.768 25251 25334 I com.mediavault: Note: end time exceeds INT32_MAX: 18446744067
07-23 09:55:28.769 25251 25334 I com.mediavault: Note: end time exceeds INT32_MAX: 18446744067
07-23 09:55:28.775 25251 25334 I com.mediavault: Note: end time exceeds INT32_MAX: 18446744067
07-23 09:55:28.776 25251 25334 I com.mediavault: Note: end time exceeds INT32_MAX: 18446744067
07-23 09:55:28.777 25251 25334 I com.mediavault: Note: end time exceeds INT32_MAX: 18446744067
07-23 09:55:28.778 25251 25334 I com.mediavault: Note: end time exceeds INT32_MAX: 18446744067
07-23 09:55:28.792 25251 25334 I com.mediavault: Note: end time exceeds INT32_MAX: 18446744067
07-23 09:55:28.800 25251 25334 I com.mediavault: Note: end time exceeds INT32_MAX: 18446744067
07-23 09:55:28.808 25251 25334 I com.mediavault: Note: end time exceeds INT32_MAX: 18446744067
07-23 09:55:28.825 25251 25334 I com.mediavault: Note: end time exceeds INT32_MAX: 18446744067
07-23 09:55:28.842 25251 25334 I com.mediavault: Note: end time exceeds INT32_MAX: 18446744067
07-23 09:55:28.874 25251 25334 I com.mediavault: Note: end time exceeds INT32_MAX: 18446744067
07-23 09:55:28.883 25251 25334 I com.mediavault: Note: end time exceeds INT32_MAX: 18446744067
07-23 09:55:28.900 25251 25334 I com.mediavault: Note: end time exceeds INT32_MAX: 18446744067
07-23 09:55:28.913 25251 25334 I com.mediavault: Note: end time exceeds INT32_MAX: 18446744067
07-23 09:55:28.982 25251 25334 I com.mediavault: Note: end time exceeds INT32_MAX: 18446744067
07-23 09:55:29.003 25251 28333 D VRI[VideoDetailActivity]: dispatchAppVisibility visible:false mUpcomingWindowFocus:false
07-23 09:55:29.003 25251 25251 D VRI[VideoDetailActivity]: visibilityChanged oldVisibility=true newVisibility=false
07-23 09:55:29.012 25251 25251 D HWUI    : RenderProxy::destroy: this=0xb4000077fa0f5600, mContext=0xb40000769a98ee00
07-23 09:55:29.012 25251 25453 D HWUI    : SkiaVulkanPipeline::setSurface: this=0xb4000077f75ce980, surface=NULL
07-23 09:55:29.013 25251 25453 D BufferQueueProducer: [VRI[VideoDetailActivity]#32(BLAST Consumer)32](id:62a30000002b,api:1,p:25251,c:25251) disconnect: api 1
07-23 09:55:29.014 25251 25251 D ViewRootImplExtImpl: wrapConfigInfoIntoFlags rotation=0, smallestScreenWidthDp=360, residentWS=false, scenario=0, bounds=Rect(0, 0 - 1080, 2376), relayoutAsync=false, flags=0, newFlags=1245719808, title=com.mediavault/com.mediavault.ui.VideoDetailActivity
07-23 09:55:29.015 25251 25251 D VRI[VideoDetailActivity]: relayoutWindow result, sizeChanged:false, surfaceControlChanged:true, transformHintChanged:false, mSurfaceSize:Point(1080, 2376), mLastSurfaceSize:Point(1080, 2376), mWidth:1080, mHeight:2376, requestedWidth:1080, requestedHeight:2376, transformHint:0, installOrientation:0, displayRotation:0, isSurfaceValid:false, attr.flag:-2122252032, tmpFrames:ClientWindowFrames{frame=[0,0][1080,2376] display=[0,0][1080,2376] parentFrame=[0,0][0,0]}, relayoutAsync:false, mSyncSeqId:0
07-23 09:55:29.015 25251 25251 D BLASTBufferQueue: [VRI[VideoDetailActivity]#32](f:0,a:1) destructor()
07-23 09:55:29.015 25251 25251 D BufferQueueConsumer: [VRI[VideoDetailActivity]#32(BLAST Consumer)32](id:62a30000002b,api:0,p:-1,c:25251) disconnect
07-23 09:55:29.017 25251 25251 D VRI[VideoDetailActivity]: setWindowStopped stopped:true
07-23 09:55:29.018 25251 25251 D OplusScrollToTopManager: com.mediavault/com.mediavault.ui.VideoDetailActivity,window dying
07-23 09:55:29.018 25251 25251 D OplusScrollToTopManager: com.mediavault/com.mediavault.ui.VideoDetailActivity,unregisterSystemUIBroadcastReceiver 
07-23 09:55:29.018 25251 25251 D OplusScrollToTopManager: com.mediavault/com.mediavault.ui.VideoDetailActivity, unregisterSystemUIBroadcastReceiver failed java.lang.IllegalArgumentException: Receiver not registered: android.view.OplusScrollToTopManager$2@94bdb4c
07-23 09:55:29.019 25251 25251 W WindowOnBackDispatcher: sendCancelIfRunning: isInProgress=false callback=android.view.ViewRootImpl$$ExternalSyntheticLambda13@7a1e9a
07-23 09:55:29.020 25251 25251 D HWUI    : RenderProxy::destroy: this=0xb4000077fa0f5600, mContext=0xb40000769a98ee00
07-23 09:55:29.020 25251 25453 D HWUI    : SkiaVulkanPipeline::setSurface: this=0xb4000077f75ce980, surface=NULL
07-23 09:55:29.020 25251 25251 D ViewRootImpl: Skipping stats log for color mode
07-23 09:55:29.119 25251 10173 D AidlBufferPoolAcc: evictor expired: 1, evicted: 0
07-23 09:55:29.669 25251 25314 D OplusScrollToTopManager: com.mediavault/com.mediavault.ui.MainActivity,This com.android.internal.policy.DecorView{138dc3f V.E...... R....... 0,0-1080,2376 aid=0 alpha=1.0 viewInfo = }[MainActivity] change focus to true
07-23 09:55:29.775 25251 25251 E IJankManager: slideSceneEnd unknown scene 1000 mScene:-1
07-23 09:55:29.887 25251 25251 D OplusViewDragTouchViewHelper: dispatchTouchView action = 1
07-23 09:55:29.887 25251 25251 D ViewRootImplExtImpl: the up motion event handled by client, just return
07-23 09:55:29.913 25251 25251 D ResourcesManagerExtImpl: applyConfigurationToAppResourcesLocked app.getDisplayId() return callback.displayId:0
07-23 09:55:29.915 25251 25251 I com.mediavault: AssetManager2(0xb4000076b040d028) locale list changing from [] to [zh-Hans-CN]
07-23 09:55:29.916 25251 25251 E OplusPredictiveBackController:  NoSuchMethodException 
07-23 09:55:29.916 25251 25251 E OplusPredictiveBackController:  NoSuchMethodException 
07-23 09:55:29.916 25251 25251 E OplusPredictiveBackController:  NoSuchMethodException 
07-23 09:55:29.916 25251 25251 D OplusPredictiveBackController: initPredictiveBackConfig for com.mediavault.ui.VideoDetailActivity@feb9b80 initPredictiveBackConfig mShouldInterceptKeyEvent false
07-23 09:55:29.917 25251 25251 D WindowOnBackDispatcher:  predictive settings is disabled for com.mediavault
07-23 09:55:29.938 25251 25334 I com.mediavault: Note: end time exceeds INT32_MAX: 18446744066
07-23 09:55:29.943 25251 25334 I com.mediavault: Note: end time exceeds INT32_MAX: 18446744066
07-23 09:55:29.947 25251 25334 I com.mediavault: Note: end time exceeds INT32_MAX: 18446744066
07-23 09:55:29.953 25251 25251 D ActivityThread: ComponentInfo{com.mediavault/com.mediavault.ui.VideoDetailActivity} checkFinished=false 2
07-23 09:55:29.953 25251 25251 D ResourcesManagerExtImpl: applyConfigurationToAppResourcesLocked app.getDisplayId() return callback.displayId:0
07-23 09:55:29.953 25251 25251 D WindowManager: Add to mViews: com.android.internal.policy.DecorView{74cb8be I.E...... R.....ID 0,0-0,0 alpha=1.0 viewInfo = }[VideoDetailActivity],pkg= com.mediavault
07-23 09:55:29.953 25251 25453 D skia    : setRusSupported enable 0
07-23 09:55:29.955 25251 25251 I ViewRootImplExtImpl: not create nav bar bg layer surface is invalid title = com.mediavault/com.mediavault.ui.VideoDetailActivity
07-23 09:55:29.955 25251 25251 D ViewRootImplExtImpl: onDisplayChanged -1 for VRI android.view.ViewRootImpl@cb44e35
07-23 09:55:29.956 25251 25251 D VRI[MainActivity]: onFocusEvent false
07-23 09:55:29.956 25251 25251 D ResourcesManagerExtImpl: applyConfigurationToAppResourcesLocked app.getDisplayId() return callback.displayId:0
07-23 09:55:29.960 25251 25251 E OplusBracketLog: [OplusViewMirrorManager] updateHostViewRootIfNeeded, not support android.view.ViewRootImpl@cb44e35
07-23 09:55:29.962 25251 25251 D WindowOnBackDispatcher:  predictive settings is disabled for com.mediavault
07-23 09:55:29.962 25251 25251 D WindowOnBackDispatcher:  predictive settings is disabled for com.mediavault
07-23 09:55:29.963 25251 25334 I com.mediavault: Note: end time exceeds INT32_MAX: 18446744066
07-23 09:55:29.970 25251 25334 I com.mediavault: Note: end time exceeds INT32_MAX: 18446744066
07-23 09:55:29.971 25251 25251 D ViewRootImplExtImpl: wrapConfigInfoIntoFlags rotation=0, smallestScreenWidthDp=0, residentWS=false, scenario=0, bounds=Rect(0, 0 - 1080, 2376), relayoutAsync=false, flags=0, newFlags=1245708288, title=com.mediavault/com.mediavault.ui.VideoDetailActivity
07-23 09:55:29.973 25251 25251 D VRI[VideoDetailActivity]: relayoutWindow result, sizeChanged:true, surfaceControlChanged:true, transformHintChanged:false, mSurfaceSize:Point(1080, 2376), mLastSurfaceSize:Point(0, 0), mWidth:-1, mHeight:-1, requestedWidth:1080, requestedHeight:2376, transformHint:0, installOrientation:0, displayRotation:0, isSurfaceValid:true, attr.flag:-2122252032, tmpFrames:ClientWindowFrames{frame=[0,0][1080,2376] display=[0,0][1080,2376] parentFrame=[0,0][0,0]}, relayoutAsync:false, mSyncSeqId:0
07-23 09:55:29.973 25251 25251 W VRI[VideoDetailActivity]: updateBlastSurfaceIfNeeded, surfaceSize:Point(1080, 2376), lastSurfaceSize:Point(0, 0), format:-1, blastBufferQueue:null
07-23 09:55:29.973 25251 25251 D BufferQueueConsumer: [](id:62a30000002e,api:0,p:-1,c:25251) connect: controlledByApp=false
07-23 09:55:29.974 25251 25251 D BufferQueueConsumer: [VRI[VideoDetailActivity]#34(BLAST Consumer)34](id:62a30000002e,api:0,p:-1,c:25251) setMaxAcquiredBufferCount: 2
07-23 09:55:29.975 25251 25453 D BufferQueueProducer: [VRI[VideoDetailActivity]#34(BLAST Consumer)34](id:62a30000002e,api:1,p:25251,c:25251) connect: api=1 producerControlledByApp=true
07-23 09:55:29.976 25251 25334 I com.mediavault: Note: end time exceeds INT32_MAX: 18446744066
07-23 09:55:29.978 25251 25251 I SurfaceControl:  setExtendedRangeBrightness sc=Surface(name=com.mediavault/com.mediavault.ui.VideoDetailActivity)/@0x9247338,currentBufferRatio=1.0,desiredRatio=1.0
07-23 09:55:29.979 25251 25334 I com.mediavault: Note: end time exceeds INT32_MAX: 18446744066
07-23 09:55:29.981 25251 25334 I com.mediavault: Note: end time exceeds INT32_MAX: 18446744066
07-23 09:55:29.982 25251 25334 I com.mediavault: Note: end time exceeds INT32_MAX: 18446744066
07-23 09:55:29.983 25251 25334 I com.mediavault: Note: end time exceeds INT32_MAX: 18446744066
07-23 09:55:29.984 25251 25334 I com.mediavault: Note: end time exceeds INT32_MAX: 18446744066
07-23 09:55:29.984 25251 25334 I com.mediavault: Note: end time exceeds INT32_MAX: 18446744066
07-23 09:55:29.985 25251 25334 I com.mediavault: Note: end time exceeds INT32_MAX: 18446744066
07-23 09:55:29.986 25251 25334 I com.mediavault: Note: end time exceeds INT32_MAX: 18446744066
07-23 09:55:29.986 25251 25334 I com.mediavault: Note: end time exceeds INT32_MAX: 18446744066
07-23 09:55:29.987 25251 25334 I com.mediavault: Note: end time exceeds INT32_MAX: 18446744066
07-23 09:55:29.988 25251 25334 I com.mediavault: Note: end time exceeds INT32_MAX: 18446744066
07-23 09:55:29.988 25251 25334 I com.mediavault: Note: end time exceeds INT32_MAX: 18446744066
07-23 09:55:29.989 25251 25334 I com.mediavault: Note: end time exceeds INT32_MAX: 18446744066
07-23 09:55:29.990 25251 25334 I com.mediavault: Note: end time exceeds INT32_MAX: 18446744066
07-23 09:55:29.990 25251 25334 I com.mediavault: Note: end time exceeds INT32_MAX: 18446744066
07-23 09:55:29.991 25251 25334 I com.mediavault: Note: end time exceeds INT32_MAX: 18446744066
07-23 09:55:29.991 25251 25334 I com.mediavault: Note: end time exceeds INT32_MAX: 18446744066
07-23 09:55:29.992 25251 25334 I com.mediavault: Note: end time exceeds INT32_MAX: 18446744066
07-23 09:55:29.993 25251 25334 I com.mediavault: Note: end time exceeds INT32_MAX: 18446744066
07-23 09:55:29.993 25251 25334 I com.mediavault: Note: end time exceeds INT32_MAX: 18446744066
07-23 09:55:29.994 25251 25334 I com.mediavault: Note: end time exceeds INT32_MAX: 18446744066
07-23 09:55:29.994 25251 25334 I com.mediavault: Note: end time exceeds INT32_MAX: 18446744066
07-23 09:55:29.995 25251 25334 I com.mediavault: Note: end time exceeds INT32_MAX: 18446744066
07-23 09:55:29.995 25251 25334 I com.mediavault: Note: end time exceeds INT32_MAX: 18446744066
07-23 09:55:29.998 25251 25334 I com.mediavault: Note: end time exceeds INT32_MAX: 18446744066
07-23 09:55:29.998 25251 25334 I com.mediavault: Note: end time exceeds INT32_MAX: 18446744066
07-23 09:55:29.999 25251 25334 I com.mediavault: Note: end time exceeds INT32_MAX: 18446744066
07-23 09:55:29.999 25251 25334 I com.mediavault: Note: end time exceeds INT32_MAX: 18446744066
07-23 09:55:30.000 25251 25334 I com.mediavault: Note: end time exceeds INT32_MAX: 18446744066
07-23 09:55:30.001 25251 25334 I com.mediavault: Note: end time exceeds INT32_MAX: 18446744066
07-23 09:55:30.001 25251 25334 I com.mediavault: Note: end time exceeds INT32_MAX: 18446744066
07-23 09:55:30.002 25251 25334 I com.mediavault: Note: end time exceeds INT32_MAX: 18446744066
07-23 09:55:30.002 25251 25334 I com.mediavault: Note: end time exceeds INT32_MAX: 18446744066
07-23 09:55:30.003 25251 25334 I com.mediavault: Note: end time exceeds INT32_MAX: 18446744066
07-23 09:55:30.007 25251 25453 D BLASTBufferQueue: [VRI[VideoDetailActivity]#34](f:0,a:1) acquireNextBufferLocked size=1080x2376 mFrameNumber=1 applyTransaction=true mTimestamp=53546141755041(auto) mPendingTransactions.size=0 graphicBufferId=108452219192558 transform=0
07-23 09:55:30.007 25251 25453 D VRI[VideoDetailActivity]: Received frameCommittedCallback lastAttemptedDrawFrameNum=1 didProduceBuffer=true syncBuffer=false
07-23 09:55:30.007 25251 25251 D VRI[VideoDetailActivity]: draw finished. seqId=0
07-23 09:55:30.011 25251 25334 I com.mediavault: Note: end time exceeds INT32_MAX: 18446744066
07-23 09:55:30.012 25251 25334 I com.mediavault: Note: end time exceeds INT32_MAX: 18446744066
07-23 09:55:30.014 25251 25334 I com.mediavault: Note: end time exceeds INT32_MAX: 18446744066
07-23 09:55:30.015 25251 25334 I com.mediavault: Note: end time exceeds INT32_MAX: 18446744066
07-23 09:55:30.015 25251 25334 I com.mediavault: Note: end time exceeds INT32_MAX: 18446744066
07-23 09:55:30.016 25251 25334 I com.mediavault: Note: end time exceeds INT32_MAX: 18446744066
07-23 09:55:30.017 25251 25334 I com.mediavault: Note: end time exceeds INT32_MAX: 18446744066
07-23 09:55:30.018 25251 25251 W VRI[VideoDetailActivity]: handleResized, msg:, frameChanged:false, configChanged:false, displayChanged:false, attachedFrameChanged:false, compatScaleChanged:false, pendingDragResizing=false
07-23 09:55:30.019 25251 25251 D VRI[VideoDetailActivity]: onFocusEvent true
07-23 09:55:30.019 25251 25334 I com.mediavault: Note: end time exceeds INT32_MAX: 18446744066
07-23 09:55:30.021 25251 25334 I com.mediavault: Note: end time exceeds INT32_MAX: 18446744066
07-23 09:55:30.022 25251 25334 I com.mediavault: Note: end time exceeds INT32_MAX: 18446744066
07-23 09:55:30.022 25251 25334 I com.mediavault: Note: end time exceeds INT32_MAX: 18446744066
07-23 09:55:30.023 25251 25334 I com.mediavault: Note: end time exceeds INT32_MAX: 18446744066
07-23 09:55:30.023 25251 25334 I com.mediavault: Note: end time exceeds INT32_MAX: 18446744066
07-23 09:55:30.024 25251 25334 I com.mediavault: Note: end time exceeds INT32_MAX: 18446744066
07-23 09:55:30.026 25251 25453 D VRI[VideoDetailActivity]: Received frameCommittedCallback lastAttemptedDrawFrameNum=3 didProduceBuffer=true syncBuffer=false
07-23 09:55:30.026 25251 25251 D VRI[VideoDetailActivity]: draw finished. seqId=0
07-23 09:55:30.027 25251 25334 I com.mediavault: Note: end time exceeds INT32_MAX: 18446744065
07-23 09:55:30.028 25251 25334 I com.mediavault: Note: end time exceeds INT32_MAX: 18446744065
07-23 09:55:30.029 25251 25334 I com.mediavault: Note: end time exceeds INT32_MAX: 18446744065
07-23 09:55:30.029 25251 25334 I com.mediavault: Note: end time exceeds INT32_MAX: 18446744065
07-23 09:55:30.030 25251 25334 I com.mediavault: Note: end time exceeds INT32_MAX: 18446744065
07-23 09:55:30.030 25251 25334 I com.mediavault: Note: end time exceeds INT32_MAX: 18446744065
07-23 09:55:30.031 25251 25334 I com.mediavault: Note: end time exceeds INT32_MAX: 18446744065
07-23 09:55:30.032 25251 25334 I com.mediavault: Note: end time exceeds INT32_MAX: 18446744065
07-23 09:55:30.033 25251 25251 D InsetsController: hide(ime(), fromIme=false)
07-23 09:55:30.033 25251 25251 I ImeTracker: com.mediavault:1e9f4c75: onCancelled at PHASE_CLIENT_ALREADY_HIDDEN
07-23 09:55:30.034 25251 25334 I com.mediavault: Note: end time exceeds INT32_MAX: 18446744065
07-23 09:55:30.035 25251 25334 I com.mediavault: Note: end time exceeds INT32_MAX: 18446744065
07-23 09:55:30.036 25251 25334 I com.mediavault: Note: end time exceeds INT32_MAX: 18446744065
07-23 09:55:30.036 25251 25334 I com.mediavault: Note: end time exceeds INT32_MAX: 18446744065
07-23 09:55:30.037 25251 25334 I com.mediavault: Note: end time exceeds INT32_MAX: 18446744065
07-23 09:55:30.038 25251 25334 I com.mediavault: Note: end time exceeds INT32_MAX: 18446744065
07-23 09:55:30.038 25251 25334 I com.mediavault: Note: end time exceeds INT32_MAX: 18446744065
07-23 09:55:30.039 25251 25334 I com.mediavault: Note: end time exceeds INT32_MAX: 18446744065
07-23 09:55:30.040 25251 25334 I com.mediavault: Note: end time exceeds INT32_MAX: 18446744065
07-23 09:55:30.043 25251 25334 I com.mediavault: Note: end time exceeds INT32_MAX: 18446744065
07-23 09:55:30.044 25251 25334 I com.mediavault: Note: end time exceeds INT32_MAX: 18446744065
07-23 09:55:30.045 25251 25334 I com.mediavault: Note: end time exceeds INT32_MAX: 18446744065
07-23 09:55:30.045 25251 25334 I com.mediavault: Note: end time exceeds INT32_MAX: 18446744065
07-23 09:55:30.046 25251 25334 I com.mediavault: Note: end time exceeds INT32_MAX: 18446744065
07-23 09:55:30.047 25251 25334 I com.mediavault: Note: end time exceeds INT32_MAX: 18446744065
07-23 09:55:30.047 25251 25334 I com.mediavault: Note: end time exceeds INT32_MAX: 18446744065
07-23 09:55:30.048 25251 25334 I com.mediavault: Note: end time exceeds INT32_MAX: 18446744065
07-23 09:55:30.052 25251 25334 I com.mediavault: Note: end time exceeds INT32_MAX: 18446744065
07-23 09:55:30.052 25251 25334 I com.mediavault: Note: end time exceeds INT32_MAX: 18446744065
07-23 09:55:30.054 25251 25334 I com.mediavault: Note: end time exceeds INT32_MAX: 18446744065
07-23 09:55:30.054 25251 25334 I com.mediavault: Note: end time exceeds INT32_MAX: 18446744065
07-23 09:55:30.055 25251 25334 I com.mediavault: Note: end time exceeds INT32_MAX: 18446744065
07-23 09:55:30.055 25251 25334 I com.mediavault: Note: end time exceeds INT32_MAX: 18446744065
07-23 09:55:30.056 25251 25334 I com.mediavault: Note: end time exceeds INT32_MAX: 18446744065
07-23 09:55:30.057 25251 25334 I com.mediavault: Note: end time exceeds INT32_MAX: 18446744065
07-23 09:55:30.057 25251 25334 I com.mediavault: Note: end time exceeds INT32_MAX: 18446744065
07-23 09:55:30.060 25251 25334 I com.mediavault: Note: end time exceeds INT32_MAX: 18446744065
07-23 09:55:30.061 25251 25334 I com.mediavault: Note: end time exceeds INT32_MAX: 18446744065
07-23 09:55:30.062 25251 25334 I com.mediavault: Note: end time exceeds INT32_MAX: 18446744065
07-23 09:55:30.062 25251 25334 I com.mediavault: Note: end time exceeds INT32_MAX: 18446744065
07-23 09:55:30.063 25251 25334 I com.mediavault: Note: end time exceeds INT32_MAX: 18446744065
07-23 09:55:30.064 25251 25334 I com.mediavault: Note: end time exceeds INT32_MAX: 18446744065
07-23 09:55:30.064 25251 25334 I com.mediavault: Note: end time exceeds INT32_MAX: 18446744065
07-23 09:55:30.068 25251 25334 I com.mediavault: Note: end time exceeds INT32_MAX: 18446744065
07-23 09:55:30.069 25251 25334 I com.mediavault: Note: end time exceeds INT32_MAX: 18446744065
07-23 09:55:30.070 25251 25334 I com.mediavault: Note: end time exceeds INT32_MAX: 18446744065
07-23 09:55:30.071 25251 25334 I com.mediavault: Note: end time exceeds INT32_MAX: 18446744065
07-23 09:55:30.072 25251 25334 I com.mediavault: Note: end time exceeds INT32_MAX: 18446744065
07-23 09:55:30.073 25251 25334 I com.mediavault: Note: end time exceeds INT32_MAX: 18446744065
07-23 09:55:30.077 25251 25334 I com.mediavault: Note: end time exceeds INT32_MAX: 18446744065
07-23 09:55:30.079 25251 25334 I com.mediavault: Note: end time exceeds INT32_MAX: 18446744065
07-23 09:55:30.079 25251 25334 I com.mediavault: Note: end time exceeds INT32_MAX: 18446744065
07-23 09:55:30.080 25251 25334 I com.mediavault: Note: end time exceeds INT32_MAX: 18446744065
07-23 09:55:30.081 25251 25334 I com.mediavault: Note: end time exceeds INT32_MAX: 18446744065
07-23 09:55:30.081 25251 25334 I com.mediavault: Note: end time exceeds INT32_MAX: 18446744065
07-23 09:55:30.082 25251 25334 I com.mediavault: Note: end time exceeds INT32_MAX: 18446744065
07-23 09:55:30.085 25251 25334 I com.mediavault: Note: end time exceeds INT32_MAX: 18446744065
07-23 09:55:30.086 25251 25334 I com.mediavault: Note: end time exceeds INT32_MAX: 18446744065
07-23 09:55:30.087 25251 25334 I com.mediavault: Note: end time exceeds INT32_MAX: 18446744065
07-23 09:55:30.088 25251 25334 I com.mediavault: Note: end time exceeds INT32_MAX: 18446744065
07-23 09:55:30.088 25251 25334 I com.mediavault: Note: end time exceeds INT32_MAX: 18446744065
07-23 09:55:30.089 25251 25334 I com.mediavault: Note: end time exceeds INT32_MAX: 18446744065
07-23 09:55:30.090 25251 25334 I com.mediavault: Note: end time exceeds INT32_MAX: 18446744065
07-23 09:55:30.093 25251 25334 I com.mediavault: Note: end time exceeds INT32_MAX: 18446744065
07-23 09:55:30.095 25251 25334 I com.mediavault: Note: end time exceeds INT32_MAX: 18446744065
07-23 09:55:30.096 25251 25334 I com.mediavault: Note: end time exceeds INT32_MAX: 18446744065
07-23 09:55:30.097 25251 25334 I com.mediavault: Note: end time exceeds INT32_MAX: 18446744065
07-23 09:55:30.097 25251 25334 I com.mediavault: Note: end time exceeds INT32_MAX: 18446744065
07-23 09:55:30.098 25251 25334 I com.mediavault: Note: end time exceeds INT32_MAX: 18446744065
07-23 09:55:30.101 25251 25334 I com.mediavault: Note: end time exceeds INT32_MAX: 18446744065
07-23 09:55:30.102 25251 25334 I com.mediavault: Note: end time exceeds INT32_MAX: 18446744065
07-23 09:55:30.104 25251 25334 I com.mediavault: Note: end time exceeds INT32_MAX: 18446744065
07-23 09:55:30.104 25251 25334 I com.mediavault: Note: end time exceeds INT32_MAX: 18446744065
07-23 09:55:30.105 25251 25334 I com.mediavault: Note: end time exceeds INT32_MAX: 18446744065
07-23 09:55:30.106 25251 25334 I com.mediavault: Note: end time exceeds INT32_MAX: 18446744065
07-23 09:55:30.106 25251 25334 I com.mediavault: Note: end time exceeds INT32_MAX: 18446744065
07-23 09:55:30.107 25251 25334 I com.mediavault: Note: end time exceeds INT32_MAX: 18446744065
07-23 09:55:30.110 25251 25334 I com.mediavault: Note: end time exceeds INT32_MAX: 18446744065
07-23 09:55:30.111 25251 25334 I com.mediavault: Note: end time exceeds INT32_MAX: 18446744065
07-23 09:55:30.112 25251 25334 I com.mediavault: Note: end time exceeds INT32_MAX: 18446744065
07-23 09:55:30.112 25251 25334 I com.mediavault: Note: end time exceeds INT32_MAX: 18446744065
07-23 09:55:30.113 25251 25334 I com.mediavault: Note: end time exceeds INT32_MAX: 18446744065
07-23 09:55:30.118 25251 25334 I com.mediavault: Note: end time exceeds INT32_MAX: 18446744065
07-23 09:55:30.119 25251 25334 I com.mediavault: Note: end time exceeds INT32_MAX: 18446744065
07-23 09:55:30.120 25251 25334 I com.mediavault: Note: end time exceeds INT32_MAX: 18446744065
07-23 09:55:30.121 25251 25334 I com.mediavault: Note: end time exceeds INT32_MAX: 18446744065
07-23 09:55:30.122 25251 25334 I com.mediavault: Note: end time exceeds INT32_MAX: 18446744065
07-23 09:55:30.122 25251 25334 I com.mediavault: Note: end time exceeds INT32_MAX: 18446744065
07-23 09:55:30.123 25251 25334 I com.mediavault: Note: end time exceeds INT32_MAX: 18446744065
07-23 09:55:30.378 25251 28333 D VRI[MainActivity]: dispatchAppVisibility visible:false mUpcomingWindowFocus:false
07-23 09:55:30.378 25251 25251 D VRI[MainActivity]: visibilityChanged oldVisibility=true newVisibility=false
07-23 09:55:30.387 25251 25251 D HWUI    : RenderProxy::destroy: this=0xb4000076bd976b00, mContext=0xb4000076b77326c0
07-23 09:55:30.387 25251 25453 D HWUI    : SkiaVulkanPipeline::setSurface: this=0xb4000077b0c88e80, surface=NULL
07-23 09:55:30.387 25251 25453 D BufferQueueProducer: [VRI[MainActivity]#33(BLAST Consumer)33](id:62a30000002d,api:1,p:25251,c:25251) disconnect: api 1
07-23 09:55:30.388 25251 25251 D ViewRootImplExtImpl: wrapConfigInfoIntoFlags rotation=0, smallestScreenWidthDp=360, residentWS=false, scenario=0, bounds=Rect(0, 0 - 1080, 2376), relayoutAsync=false, flags=0, newFlags=1245719808, title=com.mediavault/com.mediavault.ui.MainActivity
07-23 09:55:30.391 25251 25251 D VRI[MainActivity]: relayoutWindow result, sizeChanged:false, surfaceControlChanged:true, transformHintChanged:false, mSurfaceSize:Point(1080, 2376), mLastSurfaceSize:Point(1080, 2376), mWidth:1080, mHeight:2376, requestedWidth:1080, requestedHeight:2376, transformHint:0, installOrientation:0, displayRotation:0, isSurfaceValid:false, attr.flag:-2122252032, tmpFrames:ClientWindowFrames{frame=[0,0][1080,2376] display=[0,0][1080,2376] parentFrame=[0,0][0,0]}, relayoutAsync:false, mSyncSeqId:0
07-23 09:55:30.391 25251 25251 D BLASTBufferQueue: [VRI[MainActivity]#33](f:0,a:1) destructor()
07-23 09:55:30.391 25251 25251 D BufferQueueConsumer: [VRI[MainActivity]#33(BLAST Consumer)33](id:62a30000002d,api:0,p:-1,c:25251) disconnect
07-23 09:55:30.394 25251 25251 D VRI[MainActivity]: setWindowStopped stopped:true
07-23 09:55:30.804 25251 25251 E IJankManager: slideSceneEnd unknown scene 1000 mScene:-1
07-23 09:55:30.882 25251 25251 D OplusViewDragTouchViewHelper: dispatchTouchView action = 1
07-23 09:55:30.883 25251 25251 D ViewRootImplExtImpl: the up motion event handled by client, just return
07-23 09:55:30.918 25251 25251 D ResourcesManagerExtImpl: applyConfigurationToAppResourcesLocked app.getDisplayId() return callback.displayId:0
07-23 09:55:30.921 25251 25251 E OplusPredictiveBackController:  NoSuchMethodException 
07-23 09:55:30.921 25251 25251 E OplusPredictiveBackController:  NoSuchMethodException 
07-23 09:55:30.921 25251 25251 E OplusPredictiveBackController:  NoSuchMethodException 
07-23 09:55:30.921 25251 25251 D OplusPredictiveBackController: initPredictiveBackConfig for com.mediavault.ui.PlayerActivity@5dac8c7 initPredictiveBackConfig mShouldInterceptKeyEvent false
07-23 09:55:30.921 25251 25251 D WindowOnBackDispatcher:  predictive settings is disabled for com.mediavault
07-23 09:55:30.931 25251 25251 I ExoPlayerImpl: Init 57c6267 [AndroidXMedia3/1.4.1] [OP5D0DL1, PJZ110, OnePlus, 36]
07-23 09:55:30.936 25251 25251 D ActivityThread: ComponentInfo{com.mediavault/com.mediavault.ui.PlayerActivity} checkFinished=false 2
07-23 09:55:30.936 25251 25251 D ResourcesManagerExtImpl: applyConfigurationToAppResourcesLocked app.getDisplayId() return callback.displayId:0
07-23 09:55:30.936 25251 25251 D WindowManager: Add to mViews: com.android.internal.policy.DecorView{16dd862 I.E...... R.....ID 0,0-0,0 alpha=1.0 viewInfo = }[PlayerActivity],pkg= com.mediavault
07-23 09:55:30.936 25251 25453 D skia    : setRusSupported enable 0
07-23 09:55:30.937 25251 25251 D InsetsController: setRequestedVisibleTypes, mRequestedVisibleTypes: statusBars navigationBars captionBar systemGestures mandatorySystemGestures tappableElement displayCutout windowDecor systemOverlays, requestedVisibleTypes: navigationBars captionBar systemGestures mandatorySystemGestures tappableElement displayCutout windowDecor systemOverlays, visibleTypes: , type: 1, call: android.view.InsetsController.controlAnimationUnchecked:1556 android.view.InsetsController.applyAnimation:2378 android.view.InsetsController.applyAnimation:2344 android.view.InsetsController.hide:1484 android.view.InsetsController.hide:1388 android.view.PendingInsetsController$HideRequest.replay:277 android.view.PendingInsetsController.replayAndAttach:192 android.view.ViewRootImpl.setView:1749 android.view.WindowManagerGlobal.addView:514 android.view.WindowManagerImpl.addView:158 
07-23 09:55:30.937 25251 25251 D InsetsController: Setting requestedVisibleTypes to -10 (was -9)
07-23 09:55:30.937 25251 25251 D InsetsController: setRequestedVisibleTypes, mRequestedVisibleTypes: navigationBars captionBar systemGestures mandatorySystemGestures tappableElement displayCutout windowDecor systemOverlays, requestedVisibleTypes: captionBar systemGestures mandatorySystemGestures tappableElement displayCutout windowDecor systemOverlays, visibleTypes: , type: 2, call: android.view.InsetsController.controlAnimationUnchecked:1556 android.view.InsetsController.applyAnimation:2378 android.view.InsetsController.applyAnimation:2344 android.view.InsetsController.hide:1484 android.view.InsetsController.hide:1388 android.view.PendingInsetsController$HideRequest.replay:277 android.view.PendingInsetsController.replayAndAttach:192 android.view.ViewRootImpl.setView:1749 android.view.WindowManagerGlobal.addView:514 android.view.WindowManagerImpl.addView:158 
07-23 09:55:30.937 25251 25251 D InsetsController: Setting requestedVisibleTypes to -12 (was -10)
07-23 09:55:30.938 25251 25251 D ViewRootImplExtImpl: onDisplayChanged -1 for VRI android.view.ViewRootImpl@c701d29
07-23 09:55:30.939 25251 25251 D VRI[VideoDetailActivity]: onFocusEvent false
07-23 09:55:30.940 25251 25251 D ResourcesManagerExtImpl: applyConfigurationToAppResourcesLocked app.getDisplayId() return callback.displayId:0
07-23 09:55:30.940 25251 25251 E OplusBracketLog: [OplusViewMirrorManager] updateHostViewRootIfNeeded, not support android.view.ViewRootImpl@c701d29
07-23 09:55:30.941 25251 25251 D WindowOnBackDispatcher:  predictive settings is disabled for com.mediavault
07-23 09:55:30.941 25251 25251 D WindowOnBackDispatcher:  predictive settings is disabled for com.mediavault
07-23 09:55:30.941 25251 25251 D ViewRootImplExtImpl: wrapConfigInfoIntoFlags rotation=1, smallestScreenWidthDp=0, residentWS=false, scenario=0, bounds=Rect(0, 0 - 2376, 1080), relayoutAsync=false, flags=0, newFlags=1245708296, title=com.mediavault/com.mediavault.ui.PlayerActivity
07-23 09:55:30.944 25251 25251 D VRI[PlayerActivity]: relayoutWindow result, sizeChanged:true, surfaceControlChanged:true, transformHintChanged:true, mSurfaceSize:Point(2256, 1080), mLastSurfaceSize:Point(0, 0), mWidth:-1, mHeight:-1, requestedWidth:2256, requestedHeight:1080, transformHint:4, installOrientation:0, displayRotation:1, isSurfaceValid:true, attr.flag:-2122252032, tmpFrames:ClientWindowFrames{frame=[120,0][2376,1080] display=[120,0][2376,1080] parentFrame=[0,0][0,0]}, relayoutAsync:false, mSyncSeqId:0
07-23 09:55:30.945 25251 25251 W VRI[PlayerActivity]: updateBlastSurfaceIfNeeded, surfaceSize:Point(2256, 1080), lastSurfaceSize:Point(0, 0), format:-1, blastBufferQueue:null
07-23 09:55:30.945 25251 25251 D BufferQueueConsumer: [](id:62a30000002f,api:0,p:-1,c:25251) connect: controlledByApp=false
07-23 09:55:30.945 25251 25251 D BufferQueueConsumer: [VRI[PlayerActivity]#35(BLAST Consumer)35](id:62a30000002f,api:0,p:-1,c:25251) setMaxAcquiredBufferCount: 2
07-23 09:55:30.945 25251 25251 E OplusDisplayModeManager: has been initialized.
07-23 09:55:30.946 25251 25453 D BufferQueueProducer: [VRI[PlayerActivity]#35(BLAST Consumer)35](id:62a30000002f,api:1,p:25251,c:25251) connect: api=1 producerControlledByApp=true
07-23 09:55:30.946 25251 25251 I SurfaceControl:  setExtendedRangeBrightness sc=Surface(name=com.mediavault/com.mediavault.ui.PlayerActivity)/@0xd5ce636,currentBufferRatio=1.0,desiredRatio=1.0
07-23 09:55:30.946 25251 25251 D TextureView: getHardwareLayer, createNewSurface:true
07-23 09:55:30.946 25251 25251 D BufferQueueConsumer: [](id:62a300000030,api:0,p:-1,c:25251) connect: controlledByApp=true
07-23 09:55:30.949 25251 25453 D BLASTBufferQueue: [VRI[PlayerActivity]#35](f:0,a:1) acquireNextBufferLocked size=2256x1080 mFrameNumber=1 applyTransaction=true mTimestamp=53547083988165(auto) mPendingTransactions.size=0 graphicBufferId=108452219192559 transform=7
07-23 09:55:30.949 25251 25453 D VRI[PlayerActivity]: Received frameCommittedCallback lastAttemptedDrawFrameNum=1 didProduceBuffer=true syncBuffer=false
07-23 09:55:30.950 25251 25251 D VRI[PlayerActivity]: draw finished. seqId=0
07-23 09:55:30.952 25251 25251 W VRI[PlayerActivity]: handleResized, msg:, frameChanged:false, configChanged:false, displayChanged:false, attachedFrameChanged:false, compatScaleChanged:false, pendingDragResizing=false
07-23 09:55:30.959 25251 25453 D VRI[PlayerActivity]: Received frameCommittedCallback lastAttemptedDrawFrameNum=2 didProduceBuffer=true syncBuffer=false
07-23 09:55:30.959 25251 25453 D VRI[PlayerActivity]: draw finished. seqId=0
07-23 09:55:30.962 25251 25251 W VRI[PlayerActivity]: handleResized abandoned!
07-23 09:55:30.968 25251 25251 D VRI[PlayerActivity]: onFocusEvent true
07-23 09:55:30.970 25251 25251 D InsetsController: hide(ime(), fromIme=false)
07-23 09:55:30.970 25251 25251 I ImeTracker: com.mediavault:99d06c52: onCancelled at PHASE_CLIENT_ALREADY_HIDDEN
07-23 09:55:31.005 25251  3724 D MediaCodecInfo: NoSupport [codec.profileLevel, hvc1.2.4.L120.90, video/hevc] [c2.android.hevc.decoder, video/hevc] [OP5D0DL1, PJZ110, OnePlus, 36]
07-23 09:55:31.005 25251  3724 I DMCodecAdapterFactory: Creating an asynchronous MediaCodec adapter for track type video
07-23 09:55:31.005 25251  3724 W libc    : Access denied finding property "vendor.debug.stagefright.mediacodec.trace"
07-23 09:55:31.006 25251  3724 W VideoCapabilities: Unrecognized profile 8 for video/hevc
07-23 09:55:31.006 25251  3724 W libc    : Access denied finding property "persist.vendor.media.c2.frameworks.buffercount.trace"
07-23 09:55:31.006 25251  3724 W libc    : Access denied finding property "persist.vendor.media.c2.frameworks.buffercount.trace"
07-23 09:55:31.006 25251  3724 W libc    : Access denied finding property "persist.vendor.media.c2.frameworks.buffercount.trace"
07-23 09:55:31.006 25251  3724 W libc    : Access denied finding property "persist.vendor.media.c2.frameworks.buffercount.trace"
07-23 09:55:31.008 25251  3726 E LoadTask: Unexpected exception loading stream
07-23 09:55:31.008 25251  3726 E LoadTask:   java.lang.IllegalStateException
07-23 09:55:31.008 25251  3726 E LoadTask:       at androidx.media3.extractor.text.ssa.SsaParser.parse(SsaParser.java:166)
07-23 09:55:31.008 25251  3726 E LoadTask:       at androidx.media3.extractor.text.SubtitleTranscodingTrackOutput.sampleMetadata(SubtitleTranscodingTrackOutput.java:146)
07-23 09:55:31.008 25251  3726 E LoadTask:       at androidx.media3.extractor.mkv.MatroskaExtractor.commitSampleToOutput(MatroskaExtractor.java:1518)
07-23 09:55:31.008 25251  3726 E LoadTask:       at androidx.media3.extractor.mkv.MatroskaExtractor.endMasterElement(MatroskaExtractor.java:863)
07-23 09:55:31.008 25251  3726 E LoadTask:       at androidx.media3.extractor.mkv.MatroskaExtractor$InnerEbmlProcessor.endMasterElement(MatroskaExtractor.java:2034)
07-23 09:55:31.008 25251  3726 E LoadTask:       at androidx.media3.extractor.mkv.DefaultEbmlReader.read(DefaultEbmlReader.java:88)
07-23 09:55:31.008 25251  3726 E LoadTask:       at androidx.media3.extractor.mkv.MatroskaExtractor.read(MatroskaExtractor.java:594)
07-23 09:55:31.008 25251  3726 E LoadTask:       at androidx.media3.exoplayer.source.BundledExtractorsAdapter.read(BundledExtractorsAdapter.java:147)
07-23 09:55:31.008 25251  3726 E LoadTask:       at androidx.media3.exoplayer.source.ProgressiveMediaPeriod$ExtractingLoadable.load(ProgressiveMediaPeriod.java:1082)
07-23 09:55:31.008 25251  3726 E LoadTask:       at androidx.media3.exoplayer.upstream.Loader$LoadTask.run(Loader.java:421)
07-23 09:55:31.008 25251  3726 E LoadTask:       at java.util.concurrent.ThreadPoolExecutor.runWorker(ThreadPoolExecutor.java:1156)
07-23 09:55:31.008 25251  3726 E LoadTask:       at java.util.concurrent.ThreadPoolExecutor$Worker.run(ThreadPoolExecutor.java:651)
07-23 09:55:31.008 25251  3726 E LoadTask:       at java.lang.Thread.run(Thread.java:1119)
07-23 09:55:31.008 25251 25314 D OplusScrollToTopManager: com.mediavault/com.mediavault.ui.MainActivity,This com.android.internal.policy.DecorView{138dc3f I.E...... R.....ID 0,0-1080,2376 aid=0 alpha=1.0 viewInfo = }[MainActivity] change focus to false
07-23 09:55:31.014 25251  3737 W com.mediavault: AIBinder_linkToDeath is being called with a non-null cookie and no onUnlink callback set. This might not be intended. AIBinder_DeathRecipient_setOnUnlinked should be called first.
07-23 09:55:31.014 25251  3737 D CCodecConfig: read media type: video/hevc
07-23 09:55:31.015 25251  3737 D ReflectedParamUpdater: extent() != 1 for single value type: output.buffers.pool-ids.values
07-23 09:55:31.015 25251  3737 D ReflectedParamUpdater: ignored struct field vendor.output.configs.portConfigs
07-23 09:55:31.015 25251  3737 D ReflectedParamUpdater: extent() != 1 for single value type: output.subscribed-indices.values
07-23 09:55:31.017 25251  3737 D ReflectedParamUpdater: extent() != 1 for single value type: vendor.qti-ext-info-hist_hdr.stats_info
07-23 09:55:31.017 25251  3737 D ReflectedParamUpdater: extent() != 1 for single value type: vendor.qti-ext-info-hist_hdr.reserved
07-23 09:55:31.017 25251  3737 D ReflectedParamUpdater: extent() != 1 for single value type: vendor.qti-ext-transcode-info-stats.stats_info
07-23 09:55:31.018 25251  3737 D ReflectedParamUpdater: ignored struct field vendor.input.configs.portConfigs
07-23 09:55:31.018 25251  3737 D ReflectedParamUpdater: Could not describe oplus.vpp.is.ff.mode
07-23 09:55:31.018 25251  3737 D ReflectedParamUpdater: Could not describe oplus.vpp.white.list
07-23 09:55:31.018 25251  3737 D ReflectedParamUpdater: Could not describe oplus.vpp.inputdelay
07-23 09:55:31.018 25251  3737 D ReflectedParamUpdater: Could not describe oplus.switch.by.app
07-23 09:55:31.018 25251  3737 D CCodecConfig: ignoring local param raw.size (0xd2001800) as it is already supported
07-23 09:55:31.018 25251  3737 D CCodecConfig: ignoring local param default.color (0x5200180b) as it is already supported
07-23 09:55:31.018 25251  3737 D CCodecConfig: ignoring local param raw.hdr-static-info (0xd200180a) as it is already supported
07-23 09:55:31.019 25251  3737 I CCodecConfig: query failed after returning 18 values (BAD_INDEX)
07-23 09:55:31.019 25251  3737 W ColorUtils: expected specified color aspects (0:0:0:0)
07-23 09:55:31.021 25251  3724 E MediaCodec: Media Quality Service not found.
07-23 09:55:31.021 25251  3735 D SurfaceUtils: connecting to surface 0xb4000077f6feae10, reason connectToSurface
07-23 09:55:31.021 25251  3735 D BufferQueueProducer: [SurfaceTexture-0-25251-6](id:62a300000030,api:3,p:25251,c:25251) connect: api=3 producerControlledByApp=true
07-23 09:55:31.021 25251  3735 D SurfaceUtils: disconnecting from surface 0xb4000077f6feae10, reason connectToSurface(reconnect)
07-23 09:55:31.021 25251  3735 D BufferQueueProducer: [SurfaceTexture-0-25251-6](id:62a300000030,api:3,p:25251,c:25251) disconnect: api 3
07-23 09:55:31.021 25251  3735 D SurfaceUtils: connecting to surface 0xb4000077f6feae00, reason connectToSurface(reconnect-with-listener)
07-23 09:55:31.021 25251  3735 D BufferQueueProducer: [SurfaceTexture-0-25251-6](id:62a300000030,api:3,p:25251,c:25251) connect: api=3 producerControlledByApp=true
07-23 09:55:31.021 25251  3735 W AString : ctor got NULL, using empty string instead
07-23 09:55:31.022 25251  3735 D AtlasEventUploadUtils: setEvent event:atlas_event_video_monitor_network_switch
07-23 09:55:31.023 25251  3737 W CCodec  : This behavior is subject to change. It is recommended that app developers double check whether the requested max input size is in reasonable range.
07-23 09:55:31.023 25251  3737 I CCodecConfig: query failed after returning 20 values (BAD_INDEX)
07-23 09:55:31.024 25251  3737 E com.mediavault: Failed to query component interface for required system resources: 6
07-23 09:55:31.029 25251  3737 D Codec2Client: GraphicBufferAllocator created
07-23 09:55:31.031 25251  3737 D Codec2Client: setOutputSurface -- failed to set consumer usage (6/BAD_INDEX)
07-23 09:55:31.031 25251  3737 D GraphicsTracker: new surface in configuration: maxDequeueRequested(0), maxDequeueCommitted(3)
07-23 09:55:31.031 25251  3737 D GraphicsTracker: new surface configured with id:108452219191344 gen:25857037 maxDequeue:3
07-23 09:55:31.031 25251  3737 D GraphicsTracker: maxDequeueCount committed to IGBP: 11
07-23 09:55:31.031 25251  3737 D GraphicsTracker: Cache size 0 -> 0: maybe_cleared(0), dequeued(0)
07-23 09:55:31.031 25251  3737 D GraphicsTracker: maxDqueueCount change 3 -> 11: pending: 0
07-23 09:55:31.031 25251  3737 D Codec2Client: setOutputSurface -- generation=25857037 consumer usage=0x900
07-23 09:55:31.033 25251  3735 W com.mediavault: AIBinder_linkToDeath is being called with a non-null cookie and no onUnlink callback set. This might not be intended. AIBinder_DeathRecipient_setOnUnlinked should be called first.
07-23 09:55:31.033 25251  3724 I DMCodecAdapterFactory: Creating an asynchronous MediaCodec adapter for track type audio
07-23 09:55:31.034 25251  3724 W libc    : Access denied finding property "vendor.debug.stagefright.mediacodec.trace"
07-23 09:55:31.034 25251  3724 W libc    : Access denied finding property "persist.vendor.media.c2.frameworks.buffercount.trace"
07-23 09:55:31.034 25251  3724 W libc    : Access denied finding property "persist.vendor.media.c2.frameworks.buffercount.trace"
07-23 09:55:31.034 25251  3724 W libc    : Access denied finding property "persist.vendor.media.c2.frameworks.buffercount.trace"
07-23 09:55:31.034 25251  3724 W libc    : Access denied finding property "persist.vendor.media.c2.frameworks.buffercount.trace"
07-23 09:55:31.036 25251  3765 W com.mediavault: AIBinder_linkToDeath is being called with a non-null cookie and no onUnlink callback set. This might not be intended. AIBinder_DeathRecipient_setOnUnlinked should be called first.
07-23 09:55:31.036 25251  3765 D CCodecConfig: read media type: audio/mp4a-latm
07-23 09:55:31.037 25251  3765 D ReflectedParamUpdater: extent() != 1 for single value type: algo.buffers.max-count.values
07-23 09:55:31.038 25251  3765 D ReflectedParamUpdater: extent() != 1 for single value type: output.subscribed-indices.values
07-23 09:55:31.038 25251  3765 D ReflectedParamUpdater: extent() != 1 for single value type: input.buffers.allocator-ids.values
07-23 09:55:31.038 25251  3765 D ReflectedParamUpdater: extent() != 1 for single value type: output.buffers.allocator-ids.values
07-23 09:55:31.038 25251  3765 D ReflectedParamUpdater: extent() != 1 for single value type: algo.buffers.allocator-ids.values
07-23 09:55:31.038 25251  3765 D ReflectedParamUpdater: extent() != 1 for single value type: output.buffers.pool-ids.values
07-23 09:55:31.038 25251  3765 D ReflectedParamUpdater: extent() != 1 for single value type: algo.buffers.pool-ids.values
07-23 09:55:31.039 25251  3765 I CCodecConfig: query failed after returning 21 values (BAD_INDEX)
07-23 09:55:31.040 25251  3724 E MediaCodec: Media Quality Service not found.
07-23 09:55:31.040 25251  3765 W AString : ctor got NULL, using empty string instead
07-23 09:55:31.040 25251  3765 I CCodecConfig: query failed after returning 21 values (BAD_INDEX)
07-23 09:55:31.040 25251  3765 E com.mediavault: Failed to query component interface for required system resources: 6
07-23 09:55:31.042 25251  3765 D CCodecBuffers: [c2.android.aac.decoder#160:1D-Output.Impl[N]] converted 0 buffers to array mode of 6
07-23 09:55:31.042 25251  3765 W com.mediavault: AIBinder_linkToDeath is being called with a non-null cookie and no onUnlink callback set. This might not be intended. AIBinder_DeathRecipient_setOnUnlinked should be called first.
07-23 09:55:31.045 25251  3724 E ExoPlayerImplInternal: Playback error
07-23 09:55:31.045 25251  3724 E ExoPlayerImplInternal:   androidx.media3.exoplayer.ExoPlaybackException: Source error
07-23 09:55:31.045 25251  3724 E ExoPlayerImplInternal:       at androidx.media3.exoplayer.ExoPlayerImplInternal.handleIoException(ExoPlayerImplInternal.java:736)
07-23 09:55:31.045 25251  3724 E ExoPlayerImplInternal:       at androidx.media3.exoplayer.ExoPlayerImplInternal.handleMessage(ExoPlayerImplInternal.java:712)
07-23 09:55:31.045 25251  3724 E ExoPlayerImplInternal:       at android.os.Handler.dispatchMessage(Handler.java:111)
07-23 09:55:31.045 25251  3724 E ExoPlayerImplInternal:       at android.os.Looper.loopOnce(Looper.java:302)
07-23 09:55:31.045 25251  3724 E ExoPlayerImplInternal:       at android.os.Looper.loop(Looper.java:412)
07-23 09:55:31.045 25251  3724 E ExoPlayerImplInternal:       at android.os.HandlerThread.run(HandlerThread.java:85)
07-23 09:55:31.045 25251  3724 E ExoPlayerImplInternal:   Caused by: androidx.media3.exoplayer.upstream.Loader$UnexpectedLoaderException: Unexpected IllegalStateException
07-23 09:55:31.045 25251  3724 E ExoPlayerImplInternal:       at androidx.media3.exoplayer.upstream.Loader$LoadTask.run(Loader.java:442)
07-23 09:55:31.045 25251  3724 E ExoPlayerImplInternal:       at java.util.concurrent.ThreadPoolExecutor.runWorker(ThreadPoolExecutor.java:1156)
07-23 09:55:31.045 25251  3724 E ExoPlayerImplInternal:       at java.util.concurrent.ThreadPoolExecutor$Worker.run(ThreadPoolExecutor.java:651)
07-23 09:55:31.045 25251  3724 E ExoPlayerImplInternal:       at java.lang.Thread.run(Thread.java:1119)
07-23 09:55:31.045 25251  3724 E ExoPlayerImplInternal:   Caused by: java.lang.IllegalStateException
07-23 09:55:31.045 25251  3724 E ExoPlayerImplInternal:       at androidx.media3.extractor.text.ssa.SsaParser.parse(SsaParser.java:166)
07-23 09:55:31.045 25251  3724 E ExoPlayerImplInternal:       at androidx.media3.extractor.text.SubtitleTranscodingTrackOutput.sampleMetadata(SubtitleTranscodingTrackOutput.java:146)
07-23 09:55:31.045 25251  3724 E ExoPlayerImplInternal:       at androidx.media3.extractor.mkv.MatroskaExtractor.commitSampleToOutput(MatroskaExtractor.java:1518)
07-23 09:55:31.045 25251  3724 E ExoPlayerImplInternal:       at androidx.media3.extractor.mkv.MatroskaExtractor.endMasterElement(MatroskaExtractor.java:863)
07-23 09:55:31.045 25251  3724 E ExoPlayerImplInternal:       at androidx.media3.extractor.mkv.MatroskaExtractor$InnerEbmlProcessor.endMasterElement(MatroskaExtractor.java:2034)
07-23 09:55:31.045 25251  3724 E ExoPlayerImplInternal:       at androidx.media3.extractor.mkv.DefaultEbmlReader.read(DefaultEbmlReader.java:88)
07-23 09:55:31.045 25251  3724 E ExoPlayerImplInternal:       at androidx.media3.extractor.mkv.MatroskaExtractor.read(MatroskaExtractor.java:594)
07-23 09:55:31.045 25251  3724 E ExoPlayerImplInternal:       at androidx.media3.exoplayer.source.BundledExtractorsAdapter.read(BundledExtractorsAdapter.java:147)
07-23 09:55:31.045 25251  3724 E ExoPlayerImplInternal:       at androidx.media3.exoplayer.source.ProgressiveMediaPeriod$ExtractingLoadable.load(ProgressiveMediaPeriod.java:1082)
07-23 09:55:31.045 25251  3724 E ExoPlayerImplInternal:       at androidx.media3.exoplayer.upstream.Loader$LoadTask.run(Loader.java:421)
07-23 09:55:31.045 25251  3724 E ExoPlayerImplInternal:       ... 3 more
07-23 09:55:31.046 25251  3735 I CCodecConfig: query failed after returning 19 values (BAD_INDEX)
07-23 09:55:31.047 25251  3765 I CCodecConfig: query failed after returning 21 values (BAD_INDEX)
07-23 09:55:31.048 25251  3735 D BufferQueueConsumer: [](id:62a300000031,api:0,p:-1,c:25251) connect: controlledByApp=false
07-23 09:55:31.048 25251  3735 D SurfaceUtils: connecting to surface 0xb4000077fa1a6210, reason connectToSurface
07-23 09:55:31.048 25251  3735 D BufferQueueProducer: [MediaCodec.release](id:62a300000031,api:3,p:25251,c:25251) connect: api=3 producerControlledByApp=false
07-23 09:55:31.048 25251  3735 D SurfaceUtils: disconnecting from surface 0xb4000077fa1a6210, reason connectToSurface(reconnect)
07-23 09:55:31.048 25251  3735 D BufferQueueProducer: [MediaCodec.release](id:62a300000031,api:3,p:25251,c:25251) disconnect: api 3
07-23 09:55:31.048 25251  3735 D SurfaceUtils: connecting to surface 0xb4000077fa1a6200, reason connectToSurface(reconnect-with-listener)
07-23 09:55:31.048 25251  3735 D BufferQueueProducer: [MediaCodec.release](id:62a300000031,api:3,p:25251,c:25251) connect: api=3 producerControlledByApp=false
07-23 09:55:31.048 25251  3735 D Codec2Client: setOutputSurface -- failed to set consumer usage (6/BAD_INDEX)
07-23 09:55:31.048 25251  3735 D GraphicsTracker: new surface in configuration: maxDequeueRequested(0), maxDequeueCommitted(11)
07-23 09:55:31.048 25251  3735 D GraphicsTracker: new surface configured with id:108452219191345 gen:25857038 maxDequeue:11
07-23 09:55:31.048 25251  3735 D GraphicsTracker: maxDequeueCount committed to IGBP: 21
07-23 09:55:31.048 25251  3735 D GraphicsTracker: Cache size 0 -> 0: maybe_cleared(0), dequeued(0)
07-23 09:55:31.048 25251  3735 D GraphicsTracker: maxDqueueCount change 11 -> 21: pending: 0
07-23 09:55:31.048 25251  3735 D Codec2Client: setOutputSurface -- generation=25857038 consumer usage=0x900
07-23 09:55:31.048 25251  3735 D SurfaceUtils: disconnecting from surface 0xb4000077f6feae10, reason disconnectFromSurface
07-23 09:55:31.048 25251  3735 D BufferQueueProducer: [SurfaceTexture-0-25251-6](id:62a300000030,api:3,p:25251,c:25251) disconnect: api 3
07-23 09:55:31.049 25251  3765 D AtlasEventUploadUtils: setEvent event:atlas_event_video_monitor_network_switch
07-23 09:55:31.065 25251 25251 D WindowOnBackDispatcher:  predictive settings is disabled for com.mediavault
07-23 09:55:31.065 25251 25251 D WindowManager: Add to mViews: com.android.internal.policy.DecorView{a423ede V.E...... R.....ID 0,0-0,0 alpha=1.0 viewInfo = }[PlayerActivity],pkg= com.mediavault
07-23 09:55:31.066 25251 25453 D skia    : setRusSupported enable 0
07-23 09:55:31.068 25251 25251 D ViewRootImplExtImpl: onDisplayChanged -1 for VRI android.view.ViewRootImpl@6ba2d5
07-23 09:55:31.070 25251  3735 D SurfaceUtils: disconnecting from surface 0xb4000077fa1a6210, reason disconnectFromSurface
