07-23 09:55:31.070 25251  3735 D BufferQueueProducer: [MediaCodec.release](id:62a300000031,api:3,p:25251,c:25251) disconnect: api 3
07-23 09:55:31.070 25251 25251 E OplusBracketLog: [OplusViewMirrorManager] updateHostViewRootIfNeeded, not support android.view.ViewRootImpl@6ba2d5
07-23 09:55:31.071 25251 25251 D WindowOnBackDispatcher:  predictive settings is disabled for com.mediavault
07-23 09:55:31.071 25251 25251 D WindowOnBackDispatcher:  predictive settings is disabled for com.mediavault
07-23 09:55:31.071 25251  3735 D AtlasEventUploadUtils: setEvent event:atlas_event_video_monitor_network_switch
07-23 09:55:31.073 25251 25251 D BufferQueueConsumer: [](id:62a300000032,api:0,p:-1,c:25251) connect: controlledByApp=false
07-23 09:55:31.074 25251 25251 D BufferQueueConsumer: [VRI[PlayerActivity]#36(BLAST Consumer)36](id:62a300000032,api:0,p:-1,c:25251) setMaxAcquiredBufferCount: 2
07-23 09:55:31.075 25251 25453 D BufferQueueProducer: [VRI[PlayerActivity]#36(BLAST Consumer)36](id:62a300000032,api:1,p:25251,c:25251) connect: api=1 producerControlledByApp=true
07-23 09:55:31.075 25251 25251 I SurfaceControl:  setExtendedRangeBrightness sc=Surface(name=com.mediavault/com.mediavault.ui.PlayerActivity)/@0xac9629f,currentBufferRatio=1.0,desiredRatio=1.0
07-23 09:55:31.079 25251 25453 D BLASTBufferQueue: [VRI[PlayerActivity]#36](f:0,a:1) acquireNextBufferLocked size=1658x742 mFrameNumber=1 applyTransaction=true mTimestamp=53547214137020(auto) mPendingTransactions.size=0 graphicBufferId=108452219192568 transform=7
07-23 09:55:31.079 25251 25453 D VRI[PlayerActivity]: Received frameCommittedCallback lastAttemptedDrawFrameNum=1 didProduceBuffer=true syncBuffer=false
07-23 09:55:31.079 25251 25251 D VRI[PlayerActivity]: draw finished. seqId=0
07-23 09:55:31.086 25251 25453 D BufferQueueProducer: [VRI[PlayerActivity]#36(BLAST Consumer)36](id:62a300000032,api:1,p:25251,c:25251) disconnect: api 1
07-23 09:55:31.086 25251 25453 D BufferQueueProducer: [VRI[PlayerActivity]#36(BLAST Consumer)36](id:62a300000032,api:1,p:25251,c:25251) connect: api=1 producerControlledByApp=true
07-23 09:55:31.088 25251 25251 I SurfaceControl:  setExtendedRangeBrightness sc=Surface(name=com.mediavault/com.mediavault.ui.PlayerActivity)/@0xac9629f,currentBufferRatio=1.0,desiredRatio=1.0
07-23 09:55:31.089 25251 25453 D BLASTBufferQueue: [VRI[PlayerActivity]#36](f:0,a:2) producer disconnected before acquireNextBufferLocked
07-23 09:55:31.089 25251 25453 D VRI[PlayerActivity]: Received frameCommittedCallback lastAttemptedDrawFrameNum=2 didProduceBuffer=true syncBuffer=false
07-23 09:55:31.089 25251 25251 D VRI[PlayerActivity]: draw finished. seqId=0
07-23 09:55:31.089 25251 25251 D VRI[PlayerActivity]: onFocusEvent false
07-23 09:55:31.089 25251 25251 W VRI[PlayerActivity]: handleResized abandoned!
07-23 09:55:31.104 25251 25251 D VRI[PlayerActivity]: onFocusEvent true
07-23 09:55:31.322 25251 31513 D VRI[VideoDetailActivity]: dispatchAppVisibility visible:false mUpcomingWindowFocus:false
07-23 09:55:31.322 25251 25251 D VRI[VideoDetailActivity]: visibilityChanged oldVisibility=true newVisibility=false
07-23 09:55:31.330 25251 25251 D HWUI    : RenderProxy::destroy: this=0xb4000076b040d300, mContext=0xb4000077f77cff80
07-23 09:55:31.330 25251 25453 D HWUI    : SkiaVulkanPipeline::setSurface: this=0xb4000077f81cd840, surface=NULL
07-23 09:55:31.331 25251 25453 D BufferQueueProducer: [VRI[VideoDetailActivity]#34(BLAST Consumer)34](id:62a30000002e,api:1,p:25251,c:25251) disconnect: api 1
07-23 09:55:31.331 25251 25453 D HWUI    : endAllActiveAnimators on 0xb4000076bc84f600 (RippleDrawable) with handle 0xb4000076a65be7a0
07-23 09:55:31.331 25251 25251 D ViewRootImplExtImpl: wrapConfigInfoIntoFlags rotation=0, smallestScreenWidthDp=360, residentWS=false, scenario=0, bounds=Rect(0, 0 - 1080, 2376), relayoutAsync=false, flags=0, newFlags=1245719808, title=com.mediavault/com.mediavault.ui.VideoDetailActivity
07-23 09:55:31.349 25251 25251 D VRI[VideoDetailActivity]: relayoutWindow result, sizeChanged:false, surfaceControlChanged:true, transformHintChanged:false, mSurfaceSize:Point(1080, 2376), mLastSurfaceSize:Point(1080, 2376), mWidth:1080, mHeight:2376, requestedWidth:1080, requestedHeight:2376, transformHint:0, installOrientation:0, displayRotation:0, isSurfaceValid:false, attr.flag:-2122252032, tmpFrames:ClientWindowFrames{frame=[0,0][1080,2376] display=[0,0][1080,2376] parentFrame=[0,0][0,0]}, relayoutAsync:false, mSyncSeqId:0
07-23 09:55:31.350 25251 25251 D BLASTBufferQueue: [VRI[VideoDetailActivity]#34](f:0,a:1) destructor()
07-23 09:55:31.350 25251 25251 D BufferQueueConsumer: [VRI[VideoDetailActivity]#34(BLAST Consumer)34](id:62a30000002e,api:0,p:-1,c:25251) disconnect
07-23 09:55:31.351 25251 25251 W VRI[PlayerActivity]: handleResized abandoned!
07-23 09:55:31.351 25251 25251 W VRI[PlayerActivity]: handleResized abandoned!
07-23 09:55:31.374 25251 25251 D VRI[VideoDetailActivity]: setWindowStopped stopped:true
07-23 09:55:31.377 25251 25251 D ViewRootImplExtImpl: wrapConfigInfoIntoFlags rotation=0, smallestScreenWidthDp=360, residentWS=false, scenario=0, bounds=Rect(0, 0 - 1080, 2376), relayoutAsync=false, flags=0, newFlags=1245719808, title=com.mediavault/com.mediavault.ui.VideoDetailActivity
07-23 09:55:31.384 25251 25251 D VRI[VideoDetailActivity]: relayoutWindow result, sizeChanged:false, surfaceControlChanged:true, transformHintChanged:false, mSurfaceSize:Point(1080, 2376), mLastSurfaceSize:Point(1080, 2376), mWidth:1080, mHeight:2376, requestedWidth:1080, requestedHeight:2376, transformHint:0, installOrientation:0, displayRotation:0, isSurfaceValid:false, attr.flag:-2122252032, tmpFrames:ClientWindowFrames{frame=[0,0][1080,2376] display=[0,0][1080,2376] parentFrame=[0,0][0,0]}, relayoutAsync:false, mSyncSeqId:0
07-23 09:55:31.956 25251 25314 D OplusScrollToTopManager: com.mediavault/com.mediavault.ui.VideoDetailActivity,This com.android.internal.policy.DecorView{74cb8be I.E...... R.....ID 0,0-1080,2376 aid=16 alpha=1.0 viewInfo = }[VideoDetailActivity] change focus to false
07-23 09:55:32.091 25251 25314 D OplusScrollToTopManager: com.mediavault/com.mediavault.ui.PlayerActivity,This com.android.internal.policy.DecorView{16dd862 V.E...... R....... 0,0-2256,1080 aid=17 alpha=1.0 viewInfo = }[PlayerActivity] change focus to false
07-23 09:55:32.105 25251 25314 D OplusScrollToTopManager: com.mediavault/com.mediavault.ui.PlayerActivity,This com.android.internal.policy.DecorView{a423ede V.ED..... R....... 0,0-1466,454 alpha=1.0 viewInfo = }[PlayerActivity] change focus to true
07-23 09:55:32.812 25251 25251 E IJankManager: slideSceneEnd unknown scene 1000 mScene:-1
07-23 09:55:32.851 25251 25251 D OplusViewDragTouchViewHelper: dispatchTouchView action = 1
07-23 09:55:32.851 25251 25251 D ViewRootImplExtImpl: the up motion event handled by client, just return
07-23 09:55:32.862 25251 25251 D OplusScrollToTopManager: com.mediavault/com.mediavault.ui.PlayerActivity,window dying
07-23 09:55:32.862 25251 25251 D OplusScrollToTopManager: com.mediavault/com.mediavault.ui.PlayerActivity,unregisterSystemUIBroadcastReceiver 
07-23 09:55:32.862 25251 25251 D OplusScrollToTopManager: com.mediavault/com.mediavault.ui.PlayerActivity, unregisterSystemUIBroadcastReceiver failed java.lang.IllegalArgumentException: Receiver not registered: android.view.OplusScrollToTopManager$2@d17edd
07-23 09:55:32.862 25251 25251 W WindowOnBackDispatcher: sendCancelIfRunning: isInProgress=false callback=android.view.ViewRootImpl$$ExternalSyntheticLambda13@b3b478
07-23 09:55:32.864 25251 25251 D HWUI    : RenderProxy::destroy: this=0xb4000077f6dab100, mContext=0xb40000769b1a3f00
07-23 09:55:32.865 25251 25453 D HWUI    : SkiaVulkanPipeline::setSurface: this=0xb4000077f6e23d00, surface=NULL
07-23 09:55:32.866 25251 25453 D BufferQueueProducer: [VRI[PlayerActivity]#36(BLAST Consumer)36](id:62a300000032,api:1,p:25251,c:25251) disconnect: api 1
07-23 09:55:32.866 25251 25453 D HWUI    : endAllActiveAnimators on 0xb4000077f0616000 (RippleDrawable) with handle 0xb4000077fb2df920
07-23 09:55:32.878 25251  6466 D BLASTBufferQueue: [VRI[PlayerActivity]#36](f:0,a:1) destructor()
07-23 09:55:32.878 25251  6466 D BufferQueueConsumer: [VRI[PlayerActivity]#36(BLAST Consumer)36](id:62a300000032,api:0,p:-1,c:25251) disconnect
07-23 09:55:32.886 25251 25251 D VRI[PlayerActivity]: onFocusEvent true
07-23 09:55:32.888 25251 25251 D InsetsController: hide(ime(), fromIme=false)
07-23 09:55:32.889 25251 25251 I ImeTracker: com.mediavault:86e2b4a7: onCancelled at PHASE_CLIENT_ALREADY_HIDDEN
07-23 09:55:33.120 25251 10173 D AidlBufferPool: bufferpool2 0xb4000076bc99b1e8 : 0(0 size) total buffers - 0(0 size) used buffers - 323/339 (recycle/alloc) - 20/346 (fetch/transfer)
07-23 09:55:33.120 25251 10173 D AidlBufferPool: bufferpool2 0xb4000076b40472e8 : 0(0 size) total buffers - 0(0 size) used buffers - 248/253 (recycle/alloc) - 5/242 (fetch/transfer)
07-23 09:55:33.120 25251 10173 D AidlBufferPoolAcc: evictor expired: 2, evicted: 2
07-23 09:55:33.319 25251 25251 E IJankManager: slideSceneEnd unknown scene 1000 mScene:-1
07-23 09:55:33.399 25251 25251 D OplusViewDragTouchViewHelper: dispatchTouchView action = 1
07-23 09:55:33.399 25251 25251 D ViewRootImplExtImpl: the up motion event handled by client, just return
07-23 09:55:33.623 25251 25251 D InsetsController: setRequestedVisibleTypes, mRequestedVisibleTypes: captionBar systemGestures mandatorySystemGestures tappableElement displayCutout windowDecor systemOverlays, requestedVisibleTypes: navigationBars captionBar systemGestures mandatorySystemGestures tappableElement displayCutout windowDecor systemOverlays, visibleTypes: navigationBars, type: 2, call: android.view.InsetsController.controlAnimationUnchecked:1556 android.view.InsetsController.applyAnimation:2378 android.view.InsetsController.applyAnimation:2344 android.view.InsetsController.show:1360 android.view.InsetsController.show:1264 androidx.core.view.WindowInsetsControllerCompat$Impl30.show:646 androidx.core.view.WindowInsetsControllerCompat.show:175 com.mediavault.ui.PlayerChromeController.hideSystemBars:237 com.mediavault.ui.PlayerChromeController.showChrome:132 com.mediavault.ui.PlayerChromeController.toggleChrome:122 
07-23 09:55:33.624 25251 25251 D InsetsController: Setting requestedVisibleTypes to -10 (was -12)
07-23 09:55:33.639 25251 25251 D ViewRootImplExtImpl: wrapConfigInfoIntoFlags rotation=1, smallestScreenWidthDp=360, residentWS=false, scenario=0, bounds=Rect(0, 0 - 2376, 1080), relayoutAsync=true, flags=0, newFlags=1245719816, title=com.mediavault/com.mediavault.ui.PlayerActivity
07-23 09:55:33.639 25251 25251 D VRI[PlayerActivity]: relayoutWindow result, sizeChanged:false, surfaceControlChanged:false, transformHintChanged:false, mSurfaceSize:Point(2256, 1080), mLastSurfaceSize:Point(2256, 1080), mWidth:2256, mHeight:1080, requestedWidth:2256, requestedHeight:1080, transformHint:4, installOrientation:0, displayRotation:1, isSurfaceValid:true, attr.flag:-2122252032, tmpFrames:ClientWindowFrames{frame=[120,0][2376,1080] display=[120,0][2376,1080] parentFrame=[120,0][2376,1080] parentClippedByDisplayCutout}, relayoutAsync:true, mSyncSeqId:0
07-23 09:55:33.639 25251 25251 W VRI[PlayerActivity]: updateBlastSurfaceIfNeeded, surfaceSize:Point(2256, 1080), lastSurfaceSize:Point(2256, 1080), format:-1, blastBufferQueue:android.graphics.BLASTBufferQueue@1549e76
07-23 09:55:33.640 25251 25251 E OplusDisplayModeManager: has been initialized.
07-23 09:55:33.640 25251 25251 I SurfaceControl:  setExtendedRangeBrightness sc=Surface(name=com.mediavault/com.mediavault.ui.PlayerActivity)/@0xd5ce636,currentBufferRatio=1.0,desiredRatio=1.0
07-23 09:55:33.643 25251 25251 W VRI[PlayerActivity]: handleResized abandoned!
07-23 09:55:33.890 25251 25314 D OplusScrollToTopManager: com.mediavault/com.mediavault.ui.PlayerActivity,This com.android.internal.policy.DecorView{16dd862 V.E...... R....... 0,0-2256,1080 aid=17 alpha=1.0 viewInfo = }[PlayerActivity] change focus to true
07-23 09:55:33.915 25251 25251 D InsetsController: setRequestedVisibleTypes, mRequestedVisibleTypes: navigationBars captionBar systemGestures mandatorySystemGestures tappableElement displayCutout windowDecor systemOverlays, requestedVisibleTypes: navigationBars captionBar systemGestures mandatorySystemGestures tappableElement displayCutout windowDecor systemOverlays, visibleTypes: navigationBars, type: 2, call: android.view.InsetsController.notifyFinished:1966 android.view.InsetsAnimationThreadControlRunner$1.lambda$notifyFinished$0:82 android.view.InsetsAnimationThreadControlRunner$1.$r8$lambda$cDFF0h4Ncq-8EXdGszv69jrUu7c:0 android.view.InsetsAnimationThreadControlRunner$1$$ExternalSyntheticLambda1.run:0 android.os.Handler.handleCallback:1027 android.os.Handler.dispatchMessage:108 android.os.Looper.loopOnce:302 android.os.Looper.loop:412 android.app.ActivityThread.main:9998 java.lang.reflect.Method.invoke:-2 
07-23 09:55:34.111 25251 25251 E IJankManager: slideSceneEnd unknown scene 1000 mScene:-1
07-23 09:55:34.119 25251 25251 D OplusViewDragTouchViewHelper: dispatchTouchView action = 1
07-23 09:55:34.119 25251 25251 D ViewRootImplExtImpl: the up motion event handled by client, just return
07-23 09:55:34.125 25251 25251 D ActivityClient: activity finished by caller: android.app.Activity.finish:7644 android.app.Activity.finish:7661 com.mediavault.ui.PlayerActivity.bindControls$lambda$16:337 com.mediavault.ui.PlayerActivity.$r8$lambda$7fihvwB_UynewHCWFtfltvw9gf8:0 com.mediavault.ui.PlayerActivity$$ExternalSyntheticLambda8.onClick:0 android.view.View.performClick:8177 android.view.View.performClickInternal:8143 android.view.View.-$$Nest$mperformClickInternal:0 android.view.View$PerformClick.run:32319 android.os.Handler.handleCallback:1027 
07-23 09:55:34.134 25251 31513 D VRI[VideoDetailActivity]: dispatchAppVisibility visible:true mUpcomingWindowFocus:false
07-23 09:55:34.143 25251 25251 D VRI[VideoDetailActivity]: setWindowStopped stopped:false
07-23 09:55:34.145 25251 25251 D ActivityThread: ComponentInfo{com.mediavault/com.mediavault.ui.VideoDetailActivity} checkFinished=false 2
07-23 09:55:34.145 25251 25251 D ResourcesManagerExtImpl: applyConfigurationToAppResourcesLocked app.getDisplayId() return callback.displayId:0
07-23 09:55:34.146 25251 25251 D ViewRootImplExtImpl: wrapConfigInfoIntoFlags rotation=0, smallestScreenWidthDp=360, residentWS=false, scenario=0, bounds=Rect(0, 0 - 1080, 2376), relayoutAsync=false, flags=0, newFlags=1245719808, title=com.mediavault/com.mediavault.ui.VideoDetailActivity
07-23 09:55:34.149 25251 25251 D VRI[VideoDetailActivity]: relayoutWindow result, sizeChanged:false, surfaceControlChanged:true, transformHintChanged:false, mSurfaceSize:Point(1080, 2376), mLastSurfaceSize:Point(1080, 2376), mWidth:1080, mHeight:2376, requestedWidth:1080, requestedHeight:2376, transformHint:0, installOrientation:0, displayRotation:0, isSurfaceValid:true, attr.flag:-2122252032, tmpFrames:ClientWindowFrames{frame=[0,0][1080,2376] display=[0,0][1080,2376] parentFrame=[0,0][0,0]}, relayoutAsync:false, mSyncSeqId:0
07-23 09:55:34.149 25251 25251 W VRI[VideoDetailActivity]: updateBlastSurfaceIfNeeded, surfaceSize:Point(1080, 2376), lastSurfaceSize:Point(1080, 2376), format:-1, blastBufferQueue:null
07-23 09:55:34.149 25251 25251 D BufferQueueConsumer: [](id:62a300000033,api:0,p:-1,c:25251) connect: controlledByApp=false
07-23 09:55:34.149 25251 25251 D BufferQueueConsumer: [VRI[VideoDetailActivity]#37(BLAST Consumer)37](id:62a300000033,api:0,p:-1,c:25251) setMaxAcquiredBufferCount: 2
07-23 09:55:34.150 25251 25453 D BufferQueueProducer: [VRI[VideoDetailActivity]#37(BLAST Consumer)37](id:62a300000033,api:1,p:25251,c:25251) connect: api=1 producerControlledByApp=true
07-23 09:55:34.150 25251 25251 I SurfaceControl:  setExtendedRangeBrightness sc=Surface(name=com.mediavault/com.mediavault.ui.VideoDetailActivity)/@0x9247338,currentBufferRatio=1.0,desiredRatio=1.0
07-23 09:55:34.169 25251 25453 D BLASTBufferQueue: [VRI[VideoDetailActivity]#37](f:0,a:1) acquireNextBufferLocked size=1080x2376 mFrameNumber=1 applyTransaction=true mTimestamp=53550303538998(auto) mPendingTransactions.size=0 graphicBufferId=108452219192576 transform=0
07-23 09:55:34.169 25251 25453 D VRI[VideoDetailActivity]: Received frameCommittedCallback lastAttemptedDrawFrameNum=1 didProduceBuffer=true syncBuffer=false
07-23 09:55:34.169 25251 25251 D VRI[VideoDetailActivity]: draw finished. seqId=0
07-23 09:55:34.169 25251 25251 D VRI[PlayerActivity]: onFocusEvent false
07-23 09:55:34.170 25251 25251 D InsetsController: setRequestedVisibleTypes, mRequestedVisibleTypes: statusBars navigationBars captionBar systemGestures mandatorySystemGestures tappableElement displayCutout windowDecor systemOverlays, requestedVisibleTypes: statusBars navigationBars captionBar systemGestures mandatorySystemGestures tappableElement displayCutout windowDecor systemOverlays, visibleTypes: statusBars, type: 1, call: android.view.InsetsController.controlAnimationUnchecked:1556 android.view.InsetsController.applyAnimation:2378 android.view.InsetsController.applyAnimation:2344 android.view.InsetsController.onControlsChanged:1176 android.view.ViewRootImpl.onActiveControlsChanged:2764 android.view.ViewRootImpl.handleInsetsControlChanged:2718 android.view.ViewRootImpl$W.insetsControlChanged:13238 android.app.servertransaction.WindowStateInsetsControlChangeItem.execute:85 android.app.servertransaction.WindowStateTransactionItem.execute:62 android.app.servertransaction.TransactionExecutor.executeNonLifecycleItem:138 
07-23 09:55:34.170 25251 25251 W VRI[VideoDetailActivity]: handleResized, msg:, frameChanged:false, configChanged:false, displayChanged:false, attachedFrameChanged:false, compatScaleChanged:false, pendingDragResizing=false
07-23 09:55:34.171 25251 25453 D VRI[VideoDetailActivity]: Received frameCommittedCallback lastAttemptedDrawFrameNum=2 didProduceBuffer=false syncBuffer=false
07-23 09:55:34.171 25251 25251 D VRI[VideoDetailActivity]: draw finished. seqId=0
07-23 09:55:34.190 25251 25251 D VRI[VideoDetailActivity]: onFocusEvent true
07-23 09:55:34.193 25251 25251 D InsetsController: hide(ime(), fromIme=false)
07-23 09:55:34.193 25251 25251 I ImeTracker: com.mediavault:3100be4d: onCancelled at PHASE_CLIENT_ALREADY_HIDDEN
07-23 09:55:34.437 25251 25251 D InsetsController: setRequestedVisibleTypes, mRequestedVisibleTypes: statusBars navigationBars captionBar systemGestures mandatorySystemGestures tappableElement displayCutout windowDecor systemOverlays, requestedVisibleTypes: statusBars navigationBars captionBar systemGestures mandatorySystemGestures tappableElement displayCutout windowDecor systemOverlays, visibleTypes: statusBars, type: 1, call: android.view.InsetsController.notifyFinished:1966 android.view.InsetsAnimationThreadControlRunner$1.lambda$notifyFinished$0:82 android.view.InsetsAnimationThreadControlRunner$1.$r8$lambda$cDFF0h4Ncq-8EXdGszv69jrUu7c:0 android.view.InsetsAnimationThreadControlRunner$1$$ExternalSyntheticLambda1.run:0 android.os.Handler.handleCallback:1027 android.os.Handler.dispatchMessage:108 android.os.Looper.loopOnce:302 android.os.Looper.loop:412 android.app.ActivityThread.main:9998 java.lang.reflect.Method.invoke:-2 
07-23 09:55:34.540 25251 31513 D VRI[PlayerActivity]: dispatchAppVisibility visible:false mUpcomingWindowFocus:false
07-23 09:55:34.541 25251 25251 D VRI[PlayerActivity]: visibilityChanged oldVisibility=true newVisibility=false
07-23 09:55:34.547 25251 25251 D HWUI    : RenderProxy::destroy: this=0xb4000077fa0f6e00, mContext=0xb4000077f81d92c0
07-23 09:55:34.547 25251 25453 D HWUI    : SkiaVulkanPipeline::setSurface: this=0xb4000077f81ca3c0, surface=NULL
07-23 09:55:34.548 25251 25453 D BufferQueueProducer: [VRI[PlayerActivity]#35(BLAST Consumer)35](id:62a30000002f,api:1,p:25251,c:25251) disconnect: api 1
07-23 09:55:34.548 25251 25453 D HWUI    : endAllActiveAnimators on 0xb4000077f0617200 (RippleDrawable) with handle 0xb40000769a5ecf40
07-23 09:55:34.548 25251 25251 D ViewRootImplExtImpl: wrapConfigInfoIntoFlags rotation=1, smallestScreenWidthDp=360, residentWS=false, scenario=0, bounds=Rect(0, 0 - 2376, 1080), relayoutAsync=false, flags=0, newFlags=1245719816, title=com.mediavault/com.mediavault.ui.PlayerActivity
07-23 09:55:34.569 25251 25251 D VRI[PlayerActivity]: relayoutWindow result, sizeChanged:false, surfaceControlChanged:true, transformHintChanged:false, mSurfaceSize:Point(2256, 1080), mLastSurfaceSize:Point(2256, 1080), mWidth:2256, mHeight:1080, requestedWidth:2256, requestedHeight:1080, transformHint:4, installOrientation:0, displayRotation:1, isSurfaceValid:false, attr.flag:-2122252032, tmpFrames:ClientWindowFrames{frame=[120,0][2376,1080] display=[120,0][2376,1080] parentFrame=[0,0][0,0]}, relayoutAsync:false, mSyncSeqId:0
07-23 09:55:34.571 25251 25251 D BLASTBufferQueue: [VRI[PlayerActivity]#35](f:0,a:1) destructor()
07-23 09:55:34.571 25251 25251 D BufferQueueConsumer: [VRI[PlayerActivity]#35(BLAST Consumer)35](id:62a30000002f,api:0,p:-1,c:25251) disconnect
07-23 09:55:34.571 25251 25251 W VRI[VideoDetailActivity]: handleResized abandoned!
07-23 09:55:34.586 25251 25251 D VRI[PlayerActivity]: setWindowStopped stopped:true
07-23 09:55:34.587 25251 25251 I ExoPlayerImpl: Release 57c6267 [AndroidXMedia3/1.4.1] [OP5D0DL1, PJZ110, OnePlus, 36] [media3.common, media3.ui, media3.exoplayer, media3.decoder, media3.datasource, media3.extractor]
07-23 09:55:34.588 25251 25251 D OplusScrollToTopManager: com.mediavault/com.mediavault.ui.PlayerActivity,window dying
07-23 09:55:34.588 25251 25251 D OplusScrollToTopManager: com.mediavault/com.mediavault.ui.PlayerActivity,unregisterSystemUIBroadcastReceiver 
07-23 09:55:34.588 25251 25251 D OplusScrollToTopManager: com.mediavault/com.mediavault.ui.PlayerActivity, unregisterSystemUIBroadcastReceiver failed java.lang.IllegalArgumentException: Receiver not registered: android.view.OplusScrollToTopManager$2@f844788
07-23 09:55:34.588 25251 25251 W WindowOnBackDispatcher: sendCancelIfRunning: isInProgress=false callback=android.view.ViewRootImpl$$ExternalSyntheticLambda13@554b64f
07-23 09:55:34.588 25251 25251 D BufferQueueConsumer: [SurfaceTexture-0-25251-6](id:62a300000030,api:0,p:-1,c:25251) disconnect
07-23 09:55:34.589 25251 25251 D HWUI    : RenderProxy::destroy: this=0xb4000077fa0f6e00, mContext=0xb4000077f81d92c0
07-23 09:55:34.590 25251 25453 D HWUI    : SkiaVulkanPipeline::setSurface: this=0xb4000077f81ca3c0, surface=NULL
07-23 09:55:34.590 25251 25251 D ViewRootImpl: Skipping stats log for color mode
07-23 09:55:35.051 25251 25251 D VRI[VideoDetailActivity]: onFocusEvent false
07-23 09:55:35.777 25251 25251 D VRI[VideoDetailActivity]: setWindowStopped stopped:true
07-23 09:55:35.795 25251 25251 D HWUI    : RenderProxy::destroy: this=0xb4000076b040d300, mContext=0xb4000077f77cff80
07-23 09:55:35.795 25251 25453 D HWUI    : SkiaVulkanPipeline::setSurface: this=0xb4000077f81cd840, surface=NULL
07-23 09:55:35.795 25251 25453 D BufferQueueProducer: [VRI[VideoDetailActivity]#37(BLAST Consumer)37](id:62a300000033,api:1,p:25251,c:25251) disconnect: api 1
07-23 09:55:35.796 25251 25453 D BLASTBufferQueue: [VRI[VideoDetailActivity]#37](f:0,a:1) destructor()
07-23 09:55:35.796 25251 25453 D BufferQueueConsumer: [VRI[VideoDetailActivity]#37(BLAST Consumer)37](id:62a300000033,api:0,p:-1,c:25251) disconnect
07-23 09:55:35.797 25251 25251 D ViewRootImplExtImpl: wrapConfigInfoIntoFlags rotation=0, smallestScreenWidthDp=360, residentWS=false, scenario=0, bounds=Rect(0, 0 - 1080, 2376), relayoutAsync=false, flags=0, newFlags=1245719808, title=com.mediavault/com.mediavault.ui.VideoDetailActivity
07-23 09:55:35.813 25251 25251 D VRI[VideoDetailActivity]: relayoutWindow result, sizeChanged:false, surfaceControlChanged:true, transformHintChanged:false, mSurfaceSize:Point(1080, 2376), mLastSurfaceSize:Point(1080, 2376), mWidth:1080, mHeight:2376, requestedWidth:1080, requestedHeight:2376, transformHint:0, installOrientation:0, displayRotation:0, isSurfaceValid:false, attr.flag:-2122252032, tmpFrames:ClientWindowFrames{frame=[0,0][1080,2376] display=[0,0][1080,2376] parentFrame=[0,0][0,0]}, relayoutAsync:false, mSyncSeqId:0
07-23 09:55:35.828 25251 18885 D VRI[VideoDetailActivity]: dispatchAppVisibility visible:false mUpcomingWindowFocus:false
07-23 09:55:36.055 25251 25314 D OplusScrollToTopManager: com.mediavault/com.mediavault.ui.VideoDetailActivity,This com.android.internal.policy.DecorView{74cb8be I.E...... R......D 0,0-1080,2376 aid=16 alpha=1.0 viewInfo = }[VideoDetailActivity] change focus to false
07-23 09:55:36.120 25251 10173 D AidlBufferPool: bufferpool2 0xb4000077f79212e8 : 0(0 size) total buffers - 0(0 size) used buffers - 6/11 (recycle/alloc) - 1/2 (fetch/transfer)
07-23 09:55:36.120 25251 10173 D AidlBufferPool: bufferpool2 0xb4000077f7921568 : 0(0 size) total buffers - 0(0 size) used buffers - 11/21 (recycle/alloc) - 1/1 (fetch/transfer)
07-23 09:55:36.120 25251 10173 D AidlBufferPoolAcc: evictor expired: 2, evicted: 2
07-23 09:55:37.294 25251 25453 D HWUI    : SkiaVulkanPipeline::setSurface: this=0xb4000077f75ce980, surface=NULL
07-23 09:55:37.302 25251 25453 D HWUI    : SkiaVulkanPipeline::setSurface: this=0xb4000076993f8480, surface=NULL
07-23 09:55:37.330 25251 25453 D HWUI    : SkiaVulkanPipeline::setSurface: this=0xb4000077f81ca3c0, surface=NULL
07-23 09:55:37.336 25251 25453 D HWUI    : SkiaVulkanPipeline::setSurface: this=0xb4000077f6e23d00, surface=NULL

========== capture end 2026-07-23 09:55:39 ==========
lines: 1320
size: 175448 bytes
