07-23 09:55:24.517 25251 25251 W VRI[PlayerActivity]: handleResized abandoned!
07-23 09:55:24.550 25251 28143 W AudioSystem-JNI: Unknown native audio format for JAVA API: 503316496
07-23 09:55:24.550 25251 28143 W AudioSystem-JNI: Unknown native audio format for JAVA API: 503316736
07-23 09:55:24.558 25251  3200 D AudioTrack: getTimestamp_l(1605): device stall time corrected using current time 53540693173533
07-23 09:55:24.571 25251 28143 D PipelineWatcher: [0xb4000077f849bb00] pipelineFull: too many frames in pipeline (6)
07-23 09:55:24.571 25251  3232 D PipelineWatcher: [0xb4000077f849bb00] pipelineFull: too many frames in pipeline (6)
07-23 09:55:24.761 25251  3232 D PipelineWatcher: [0xb4000077f849bb00] pipelineFull: too many frames in pipeline (6)
07-23 09:55:24.844 25251 18885 D PipelineWatcher: [0xb4000077f849bb00] pipelineFull: too many frames in pipeline (6)
07-23 09:55:24.844 25251  3232 D PipelineWatcher: [0xb4000077f849bb00] pipelineFull: too many frames in pipeline (6)
07-23 09:55:24.862 25251 25251 E IJankManager: slideSceneEnd unknown scene 1000 mScene:-1
07-23 09:55:24.942 25251 25251 D OplusViewDragTouchViewHelper: dispatchTouchView action = 1
07-23 09:55:24.942 25251 25251 D ViewRootImplExtImpl: the up motion event handled by client, just return
07-23 09:55:24.994 25251 25334 I com.mediavault: Note: end time exceeds INT32_MAX: 18446744071
07-23 09:55:25.005 25251  3232 D PipelineWatcher: [0xb4000077f849bb00] pipelineFull: too many frames in pipeline (6)
07-23 09:55:25.042 25251 25314 D OplusScrollToTopManager: com.mediavault/com.mediavault.ui.VideoDetailActivity,This com.android.internal.policy.DecorView{45ca942 I.E...... R.....ID 0,0-1080,2376 aid=12 alpha=1.0 viewInfo = }[VideoDetailActivity] change focus to false
07-23 09:55:25.066 25251 25314 D OplusScrollToTopManager: com.mediavault/com.mediavault.ui.PlayerActivity,This com.android.internal.policy.DecorView{cc2c0cc V.E...... R....... 0,0-2256,1080 aid=15 alpha=1.0 viewInfo = }[PlayerActivity] change focus to true
07-23 09:55:25.122 25251  3216 W OplusFeedbackInfo: 0xb4000076b0372d00 c2.qti.hevc.decoder codec[0xb4000077f7376000] 1920x1080 inputFps=195 outputFps=175 renderFps=14, discardFps=135
07-23 09:55:25.164 25251 25251 D InsetsController: setRequestedVisibleTypes, mRequestedVisibleTypes: captionBar systemGestures mandatorySystemGestures tappableElement displayCutout windowDecor systemOverlays, requestedVisibleTypes: navigationBars captionBar systemGestures mandatorySystemGestures tappableElement displayCutout windowDecor systemOverlays, visibleTypes: navigationBars, type: 2, call: android.view.InsetsController.controlAnimationUnchecked:1556 android.view.InsetsController.applyAnimation:2378 android.view.InsetsController.applyAnimation:2344 android.view.InsetsController.show:1360 android.view.InsetsController.show:1264 androidx.core.view.WindowInsetsControllerCompat$Impl30.show:646 androidx.core.view.WindowInsetsControllerCompat.show:175 com.mediavault.ui.PlayerChromeController.hideSystemBars:237 com.mediavault.ui.PlayerChromeController.showChrome:132 com.mediavault.ui.PlayerChromeController.toggleChrome:122 
07-23 09:55:25.164 25251 25251 D InsetsController: Setting requestedVisibleTypes to -10 (was -12)
07-23 09:55:25.180 25251 25251 D ViewRootImplExtImpl: wrapConfigInfoIntoFlags rotation=1, smallestScreenWidthDp=360, residentWS=false, scenario=0, bounds=Rect(0, 0 - 2376, 1080), relayoutAsync=true, flags=0, newFlags=1245719816, title=com.mediavault/com.mediavault.ui.PlayerActivity
07-23 09:55:25.181 25251 25251 D VRI[PlayerActivity]: relayoutWindow result, sizeChanged:false, surfaceControlChanged:false, transformHintChanged:false, mSurfaceSize:Point(2256, 1080), mLastSurfaceSize:Point(2256, 1080), mWidth:2256, mHeight:1080, requestedWidth:2256, requestedHeight:1080, transformHint:4, installOrientation:0, displayRotation:1, isSurfaceValid:true, attr.flag:-2122252032, tmpFrames:ClientWindowFrames{frame=[120,0][2376,1080] display=[120,0][2376,1080] parentFrame=[120,0][2376,1080] parentClippedByDisplayCutout}, relayoutAsync:true, mSyncSeqId:0
07-23 09:55:25.181 25251 25251 W VRI[PlayerActivity]: updateBlastSurfaceIfNeeded, surfaceSize:Point(2256, 1080), lastSurfaceSize:Point(2256, 1080), format:-1, blastBufferQueue:android.graphics.BLASTBufferQueue@ba02738
07-23 09:55:25.181 25251 25251 E OplusDisplayModeManager: has been initialized.
07-23 09:55:25.182 25251 25251 I SurfaceControl:  setExtendedRangeBrightness sc=Surface(name=com.mediavault/com.mediavault.ui.PlayerActivity)/@0x84be900,currentBufferRatio=1.0,desiredRatio=1.0
07-23 09:55:25.188 25251 25251 W VRI[PlayerActivity]: handleResized abandoned!
07-23 09:55:25.253 25251 25334 I com.mediavault: Note: end time exceeds INT32_MAX: 18446744070
07-23 09:55:25.443 25251 25334 I com.mediavault: Note: end time exceeds INT32_MAX: 18446744070
07-23 09:55:25.462 25251 25251 D InsetsController: setRequestedVisibleTypes, mRequestedVisibleTypes: navigationBars captionBar systemGestures mandatorySystemGestures tappableElement displayCutout windowDecor systemOverlays, requestedVisibleTypes: navigationBars captionBar systemGestures mandatorySystemGestures tappableElement displayCutout windowDecor systemOverlays, visibleTypes: navigationBars, type: 2, call: android.view.InsetsController.notifyFinished:1966 android.view.InsetsAnimationThreadControlRunner$1.lambda$notifyFinished$0:82 android.view.InsetsAnimationThreadControlRunner$1.$r8$lambda$cDFF0h4Ncq-8EXdGszv69jrUu7c:0 android.view.InsetsAnimationThreadControlRunner$1$$ExternalSyntheticLambda1.run:0 android.os.Handler.handleCallback:1027 android.os.Handler.dispatchMessage:108 android.os.Looper.loopOnce:302 android.os.Looper.loop:412 android.app.ActivityThread.main:9998 java.lang.reflect.Method.invoke:-2 
07-23 09:55:25.520 25251 18885 D PipelineWatcher: [0xb4000077f849bb00] pipelineFull: too many frames in pipeline (6)
07-23 09:55:25.520 25251  3232 D PipelineWatcher: [0xb4000077f849bb00] pipelineFull: too many frames in pipeline (6)
07-23 09:55:25.713 25251  3232 D PipelineWatcher: [0xb4000077f849bb00] pipelineFull: too many frames in pipeline (6)
07-23 09:55:26.065 25251 25334 I com.mediavault: Note: end time exceeds INT32_MAX: 18446744069
07-23 09:55:26.123 25251  3216 W OplusFeedbackInfo: 0xb4000076b0372d00 c2.qti.hevc.decoder codec[0xb4000077f7376000] 1920x1080 inputFps=24 outputFps=24 renderFps=24, discardFps=0
07-23 09:55:26.242 25251 25251 E IJankManager: slideSceneEnd unknown scene 1000 mScene:-1
07-23 09:55:26.279 25251  3200 D AudioTrack: pause(1605): prior state:STATE_ACTIVE output 37 stream 3 session 11617
07-23 09:55:26.283 25251 25251 D OplusViewDragTouchViewHelper: dispatchTouchView action = 1
07-23 09:55:26.283 25251 25251 D ViewRootImplExtImpl: the up motion event handled by client, just return
07-23 09:55:26.284 25251  3215 I CCodecConfig: query failed after returning 19 values (BAD_INDEX)
07-23 09:55:26.287 25251 25334 I com.mediavault: Note: end time exceeds INT32_MAX: 18446744069
07-23 09:55:26.287 25251  3232 I CCodecConfig: query failed after returning 21 values (BAD_INDEX)
07-23 09:55:26.289 25251  3455 D AudioTrack: flush+ mIsStopFlush 0, mIsTrackSupportFade 1, mTrackFadeSupportType 0 , mShareBuffer != 0 ? 0, mState 2
07-23 09:55:26.289 25251  3455 D AudioTrack: flush(1605): prior state:STATE_PAUSED
07-23 09:55:26.289 25251  3455 D AudioTrack: [oplusAudioFade]stop mState STATE_FLUSHED, mIsTrackSupportFade 1
07-23 09:55:26.289 25251  3455 D AudioTrack: stop(1605): prior state:STATE_FLUSHED output 37 stream 3 session 11617
07-23 09:55:26.289 25251  3455 D AudioTrack: ~AudioTrack(1605), releasing mStatus =0 session id 11617 from 25251 on behalf of 25251
07-23 09:55:26.289 25251  3455 D AudioTrack: [oplusAudioFade]stop mState STATE_FLUSHED, mIsTrackSupportFade 1
07-23 09:55:26.289 25251  3455 D AudioTrack: stop(1605): prior state:STATE_FLUSHED output 37 stream 3 session 11617
07-23 09:55:26.289 25251  3455 I AudioTrack: stopAndJoinCallbacks(1605) done
07-23 09:55:26.322 25251  3200 I AudioTrack: set(): type=audio,case=1,attributes=1,content_type=0,usage=1,source=-1,flags=0xa00
07-23 09:55:26.322 25251  3200 D AudioTrackExtImpl: AudioTrackExtImpl init
07-23 09:55:26.323 25251  3200 D AudioTrack: set(): streamType -1, sampleRate 48000, format 0x1, channelMask 0x3, frameCount 23064, flags #0, notificationFrames 0, sessionId 11617, transferType 3, uid 10352, pid 25251
07-23 09:55:26.323 25251  3200 I AudioTrack: set(): 0xb4000076bdc29600, Create AudioTrackThread, tid = 3456
07-23 09:55:26.323 25251  3200 D AudioTrackExtImpl: doSchedBoost, set audioapp task boost, pid=25251, tid=3200, enable=1, ret=0
07-23 09:55:26.328 25251  3200 D AudioTrack: createTrack state 0 output.outputId=37
07-23 09:55:26.329 25251  3200 I AudioTrack: createTrack_l(1606) on outputId(37) : 0xb4000076bdc29600, mCblk = 0x7891735000,  mLatency = 609, mAfLatency = 129, frameCount = 23064, mSampleRate = 48000, mFlags = 0x8, mReqFrameCount = 23064, mNotificationFramesAct = 11532
07-23 09:55:26.330 25251  3200 D AudioTrackExtImpl: doSchedBoost, set audioapp task boost, pid=25251, tid=3200, enable=0, ret=0
07-23 09:55:26.330 25251  3200 E AudioTrackExtImpl: get fade type, but return null, pid 25251, uid 10352
07-23 09:55:26.330 25251  3200 D AudioTrack: set: pop_optimize mIsPopOptimizeSupport:0, mIsPopOptimizeFlush:0
07-23 09:55:26.331 25251  3200 D AudioTrack: setVolume(1606) left 1.000 right 1.000 , callingPid 25251
07-23 09:55:26.332 25251  3200 D AudioTrackExtImpl: doSchedBoost, set audioapp task boost, pid=25251, tid=3200, enable=1, ret=0
07-23 09:55:26.333 25251  3232 D PipelineWatcher: [0xb4000077f849bb00] pipelineFull: too many frames in pipeline (6)
07-23 09:55:26.349 25251  3200 D AudioTrack: start(1606): prior state:STATE_STOPPED output 37 stream 3 session 11617
07-23 09:55:26.356 25251 28143 W AudioSystem-JNI: Unknown native audio format for JAVA API: 503316496
07-23 09:55:26.356 25251 28143 W AudioSystem-JNI: Unknown native audio format for JAVA API: 503316736
07-23 09:55:26.377 25251  3232 D PipelineWatcher: [0xb4000077f849bb00] pipelineFull: too many frames in pipeline (6)
07-23 09:55:26.398 25251  3232 D PipelineWatcher: [0xb4000077f849bb00] pipelineFull: too many frames in pipeline (6)
07-23 09:55:26.943 25251 25334 I com.mediavault: Note: end time exceeds INT32_MAX: 18446744069
07-23 09:55:27.123 25251  3216 W OplusFeedbackInfo: 0xb4000076b0372d00 c2.qti.hevc.decoder codec[0xb4000077f7376000] 1920x1080 inputFps=92 outputFps=92 renderFps=23, discardFps=53
07-23 09:55:27.308 25251 25251 E IJankManager: slideSceneEnd unknown scene 1000 mScene:-1
07-23 09:55:27.334 25251 31331 D PipelineWatcher: [0xb4000077f849bb00] pipelineFull: too many frames in pipeline (6)
07-23 09:55:27.334 25251  3232 D PipelineWatcher: [0xb4000077f849bb00] pipelineFull: too many frames in pipeline (6)
07-23 09:55:27.362 25251 25251 D OplusViewDragTouchViewHelper: dispatchTouchView action = 1
07-23 09:55:27.362 25251 25251 D ViewRootImplExtImpl: the up motion event handled by client, just return
07-23 09:55:27.363 25251 25251 D ActivityClient: activity finished by caller: android.app.Activity.finish:7644 android.app.Activity.finish:7661 com.mediavault.ui.PlayerActivity.bindControls$lambda$16:337 com.mediavault.ui.PlayerActivity.$r8$lambda$7fihvwB_UynewHCWFtfltvw9gf8:0 com.mediavault.ui.PlayerActivity$$ExternalSyntheticLambda8.onClick:0 android.view.View.performClick:8177 android.view.View.performClickInternal:8143 android.view.View.-$$Nest$mperformClickInternal:0 android.view.View$PerformClick.run:32319 android.os.Handler.handleCallback:1027 
07-23 09:55:27.370 25251 18885 D VRI[VideoDetailActivity]: dispatchAppVisibility visible:true mUpcomingWindowFocus:false
07-23 09:55:27.379 25251 25251 D VRI[VideoDetailActivity]: setWindowStopped stopped:false
07-23 09:55:27.380 25251 25251 D ActivityThread: ComponentInfo{com.mediavault/com.mediavault.ui.VideoDetailActivity} checkFinished=false 2
07-23 09:55:27.380 25251 25251 D ResourcesManagerExtImpl: applyConfigurationToAppResourcesLocked app.getDisplayId() return callback.displayId:0
07-23 09:55:27.383 25251 25251 D ViewRootImplExtImpl: wrapConfigInfoIntoFlags rotation=0, smallestScreenWidthDp=360, residentWS=false, scenario=0, bounds=Rect(0, 0 - 1080, 2376), relayoutAsync=false, flags=0, newFlags=1245719808, title=com.mediavault/com.mediavault.ui.VideoDetailActivity
07-23 09:55:27.386 25251 25251 D VRI[VideoDetailActivity]: relayoutWindow result, sizeChanged:false, surfaceControlChanged:true, transformHintChanged:false, mSurfaceSize:Point(1080, 2376), mLastSurfaceSize:Point(1080, 2376), mWidth:1080, mHeight:2376, requestedWidth:1080, requestedHeight:2376, transformHint:0, installOrientation:0, displayRotation:0, isSurfaceValid:true, attr.flag:-2122252032, tmpFrames:ClientWindowFrames{frame=[0,0][1080,2376] display=[0,0][1080,2376] parentFrame=[0,0][0,0]}, relayoutAsync:false, mSyncSeqId:0
07-23 09:55:27.386 25251 25251 W VRI[VideoDetailActivity]: updateBlastSurfaceIfNeeded, surfaceSize:Point(1080, 2376), lastSurfaceSize:Point(1080, 2376), format:-1, blastBufferQueue:null
07-23 09:55:27.387 25251 25251 D BufferQueueConsumer: [](id:62a30000002b,api:0,p:-1,c:25251) connect: controlledByApp=false
07-23 09:55:27.387 25251 25251 D BufferQueueConsumer: [VRI[VideoDetailActivity]#32(BLAST Consumer)32](id:62a30000002b,api:0,p:-1,c:25251) setMaxAcquiredBufferCount: 2
07-23 09:55:27.387 25251 25453 D BufferQueueProducer: [VRI[VideoDetailActivity]#32(BLAST Consumer)32](id:62a30000002b,api:1,p:25251,c:25251) connect: api=1 producerControlledByApp=true
07-23 09:55:27.388 25251 25251 I SurfaceControl:  setExtendedRangeBrightness sc=Surface(name=com.mediavault/com.mediavault.ui.VideoDetailActivity)/@0x344b946,currentBufferRatio=1.0,desiredRatio=1.0
07-23 09:55:27.388 25251 25334 I com.mediavault: Note: end time exceeds INT32_MAX: 18446744068
07-23 09:55:27.389 25251 25334 I com.mediavault: Note: end time exceeds INT32_MAX: 18446744068
07-23 09:55:27.391 25251 25334 I com.mediavault: Note: end time exceeds INT32_MAX: 18446744068
07-23 09:55:27.391 25251 25334 I com.mediavault: Note: end time exceeds INT32_MAX: 18446744068
07-23 09:55:27.392 25251 25334 I com.mediavault: Note: end time exceeds INT32_MAX: 18446744068
07-23 09:55:27.393 25251 25334 I com.mediavault: Note: end time exceeds INT32_MAX: 18446744068
07-23 09:55:27.393 25251 25334 I com.mediavault: Note: end time exceeds INT32_MAX: 18446744068
07-23 09:55:27.394 25251 25334 I com.mediavault: Note: end time exceeds INT32_MAX: 18446744068
07-23 09:55:27.395 25251 25334 I com.mediavault: Note: end time exceeds INT32_MAX: 18446744068
07-23 09:55:27.395 25251 25334 I com.mediavault: Note: end time exceeds INT32_MAX: 18446744068
07-23 09:55:27.396 25251 25334 I com.mediavault: Note: end time exceeds INT32_MAX: 18446744068
07-23 09:55:27.396 25251 25334 I com.mediavault: Note: end time exceeds INT32_MAX: 18446744068
07-23 09:55:27.397 25251 25334 I com.mediavault: Note: end time exceeds INT32_MAX: 18446744068
07-23 09:55:27.398 25251 25334 I com.mediavault: Note: end time exceeds INT32_MAX: 18446744068
07-23 09:55:27.399 25251 25334 I com.mediavault: Note: end time exceeds INT32_MAX: 18446744068
07-23 09:55:27.399 25251 25334 I com.mediavault: Note: end time exceeds INT32_MAX: 18446744068
07-23 09:55:27.400 25251 25334 I com.mediavault: Note: end time exceeds INT32_MAX: 18446744068
07-23 09:55:27.401 25251 25334 I com.mediavault: Note: end time exceeds INT32_MAX: 18446744068
07-23 09:55:27.403 25251 25453 D BLASTBufferQueue: [VRI[VideoDetailActivity]#32](f:0,a:1) acquireNextBufferLocked size=1080x2376 mFrameNumber=1 applyTransaction=true mTimestamp=53543537485875(auto) mPendingTransactions.size=0 graphicBufferId=108452219192537 transform=0
07-23 09:55:27.403 25251 25453 D VRI[VideoDetailActivity]: Received frameCommittedCallback lastAttemptedDrawFrameNum=1 didProduceBuffer=true syncBuffer=false
07-23 09:55:27.403 25251 25251 D VRI[VideoDetailActivity]: draw finished. seqId=0
07-23 09:55:27.403 25251 25251 D VRI[PlayerActivity]: onFocusEvent false
07-23 09:55:27.404 25251 25251 D InsetsController: setRequestedVisibleTypes, mRequestedVisibleTypes: statusBars navigationBars captionBar systemGestures mandatorySystemGestures tappableElement displayCutout windowDecor systemOverlays, requestedVisibleTypes: statusBars navigationBars captionBar systemGestures mandatorySystemGestures tappableElement displayCutout windowDecor systemOverlays, visibleTypes: statusBars, type: 1, call: android.view.InsetsController.controlAnimationUnchecked:1556 android.view.InsetsController.applyAnimation:2378 android.view.InsetsController.applyAnimation:2344 android.view.InsetsController.onControlsChanged:1176 android.view.ViewRootImpl.onActiveControlsChanged:2764 android.view.ViewRootImpl.handleInsetsControlChanged:2718 android.view.ViewRootImpl$W.insetsControlChanged:13238 android.app.servertransaction.WindowStateInsetsControlChangeItem.execute:85 android.app.servertransaction.WindowStateTransactionItem.execute:62 android.app.servertransaction.TransactionExecutor.executeNonLifecycleItem:138 
07-23 09:55:27.404 25251 25251 W VRI[VideoDetailActivity]: handleResized, msg:, frameChanged:false, configChanged:false, displayChanged:false, attachedFrameChanged:false, compatScaleChanged:false, pendingDragResizing=false
07-23 09:55:27.408 25251 25453 D VRI[VideoDetailActivity]: Received frameCommittedCallback lastAttemptedDrawFrameNum=2 didProduceBuffer=false syncBuffer=false
07-23 09:55:27.408 25251 25251 D VRI[VideoDetailActivity]: draw finished. seqId=0
07-23 09:55:27.419 25251 25251 D VRI[VideoDetailActivity]: onFocusEvent true
07-23 09:55:27.423 25251 25251 D InsetsController: hide(ime(), fromIme=false)
07-23 09:55:27.423 25251 25251 I ImeTracker: com.mediavault:f364f40b: onCancelled at PHASE_CLIENT_ALREADY_HIDDEN
07-23 09:55:27.427 25251 25334 I com.mediavault: Note: end time exceeds INT32_MAX: 18446744068
07-23 09:55:27.427 25251 25334 I com.mediavault: Note: end time exceeds INT32_MAX: 18446744068
07-23 09:55:27.428 25251 25334 I com.mediavault: Note: end time exceeds INT32_MAX: 18446744068
07-23 09:55:27.429 25251 25334 I com.mediavault: Note: end time exceeds INT32_MAX: 18446744068
07-23 09:55:27.430 25251 25334 I com.mediavault: Note: end time exceeds INT32_MAX: 18446744068
07-23 09:55:27.433 25251 25334 I com.mediavault: Note: end time exceeds INT32_MAX: 18446744068
07-23 09:55:27.434 25251 25334 I com.mediavault: Note: end time exceeds INT32_MAX: 18446744068
07-23 09:55:27.442 25251 25334 I com.mediavault: Note: end time exceeds INT32_MAX: 18446744068
07-23 09:55:27.443 25251 25334 I com.mediavault: Note: end time exceeds INT32_MAX: 18446744068
07-23 09:55:27.443 25251 25334 I com.mediavault: Note: end time exceeds INT32_MAX: 18446744068
07-23 09:55:27.444 25251 25334 I com.mediavault: Note: end time exceeds INT32_MAX: 18446744068
07-23 09:55:27.444 25251 31331 D PipelineWatcher: [0xb4000077f849bb00] pipelineFull: too many frames in pipeline (6)
07-23 09:55:27.444 25251  3232 D PipelineWatcher: [0xb4000077f849bb00] pipelineFull: too many frames in pipeline (6)
07-23 09:55:27.450 25251 25334 I com.mediavault: Note: end time exceeds INT32_MAX: 18446744068
07-23 09:55:27.451 25251 25334 I com.mediavault: Note: end time exceeds INT32_MAX: 18446744068
07-23 09:55:27.452 25251 25334 I com.mediavault: Note: end time exceeds INT32_MAX: 18446744068
07-23 09:55:27.454 25251 25334 I com.mediavault: Note: end time exceeds INT32_MAX: 18446744068
07-23 09:55:27.454 25251 25334 I com.mediavault: Note: end time exceeds INT32_MAX: 18446744068
07-23 09:55:27.455 25251 25334 I com.mediavault: Note: end time exceeds INT32_MAX: 18446744068
07-23 09:55:27.460 25251 25334 I com.mediavault: Note: end time exceeds INT32_MAX: 18446744068
07-23 09:55:27.461 25251 25334 I com.mediavault: Note: end time exceeds INT32_MAX: 18446744068
07-23 09:55:27.461 25251 25334 I com.mediavault: Note: end time exceeds INT32_MAX: 18446744068
07-23 09:55:27.465 25251 25334 I com.mediavault: Note: end time exceeds INT32_MAX: 18446744068
07-23 09:55:27.468 25251 25334 I com.mediavault: Note: end time exceeds INT32_MAX: 18446744068
07-23 09:55:27.469 25251 25334 I com.mediavault: Note: end time exceeds INT32_MAX: 18446744068
07-23 09:55:27.470 25251 25334 I com.mediavault: Note: end time exceeds INT32_MAX: 18446744068
07-23 09:55:27.470 25251 25334 I com.mediavault: Note: end time exceeds INT32_MAX: 18446744068
07-23 09:55:27.474 25251 25334 I com.mediavault: Note: end time exceeds INT32_MAX: 18446744068
07-23 09:55:27.476 25251 25334 I com.mediavault: Note: end time exceeds INT32_MAX: 18446744068
07-23 09:55:27.477 25251 25334 I com.mediavault: Note: end time exceeds INT32_MAX: 18446744068
07-23 09:55:27.478 25251 25334 I com.mediavault: Note: end time exceeds INT32_MAX: 18446744068
07-23 09:55:27.479 25251 25334 I com.mediavault: Note: end time exceeds INT32_MAX: 18446744068
07-23 09:55:27.484 25251 25334 I com.mediavault: Note: end time exceeds INT32_MAX: 18446744068
07-23 09:55:27.485 25251 25334 I com.mediavault: Note: end time exceeds INT32_MAX: 18446744068
07-23 09:55:27.487 25251 25334 I com.mediavault: Note: end time exceeds INT32_MAX: 18446744068
07-23 09:55:27.487 25251 25334 I com.mediavault: Note: end time exceeds INT32_MAX: 18446744068
07-23 09:55:27.488 25251 25334 I com.mediavault: Note: end time exceeds INT32_MAX: 18446744068
07-23 09:55:27.489 25251 25334 I com.mediavault: Note: end time exceeds INT32_MAX: 18446744068
07-23 09:55:27.492 25251 25334 I com.mediavault: Note: end time exceeds INT32_MAX: 18446744068
07-23 09:55:27.492 25251 25334 I com.mediavault: Note: end time exceeds INT32_MAX: 18446744068
07-23 09:55:27.493 25251 25334 I com.mediavault: Note: end time exceeds INT32_MAX: 18446744068
07-23 09:55:27.494 25251 25334 I com.mediavault: Note: end time exceeds INT32_MAX: 18446744068
07-23 09:55:27.495 25251 25334 I com.mediavault: Note: end time exceeds INT32_MAX: 18446744068
07-23 09:55:27.499 25251 25334 I com.mediavault: Note: end time exceeds INT32_MAX: 18446744068
07-23 09:55:27.500 25251 25334 I com.mediavault: Note: end time exceeds INT32_MAX: 18446744068
07-23 09:55:27.501 25251 25334 I com.mediavault: Note: end time exceeds INT32_MAX: 18446744068
07-23 09:55:27.501 25251 25334 I com.mediavault: Note: end time exceeds INT32_MAX: 18446744068
07-23 09:55:27.502 25251 25334 I com.mediavault: Note: end time exceeds INT32_MAX: 18446744068
07-23 09:55:27.509 25251 25334 I com.mediavault: Note: end time exceeds INT32_MAX: 18446744068
07-23 09:55:27.510 25251 25334 I com.mediavault: Note: end time exceeds INT32_MAX: 18446744068
07-23 09:55:27.511 25251 25334 I com.mediavault: Note: end time exceeds INT32_MAX: 18446744068
07-23 09:55:27.511 25251 25334 I com.mediavault: Note: end time exceeds INT32_MAX: 18446744068
07-23 09:55:27.512 25251 25334 I com.mediavault: Note: end time exceeds INT32_MAX: 18446744068
07-23 09:55:27.516 25251 25334 I com.mediavault: Note: end time exceeds INT32_MAX: 18446744068
07-23 09:55:27.517 25251 25334 I com.mediavault: Note: end time exceeds INT32_MAX: 18446744068
07-23 09:55:27.518 25251 25334 I com.mediavault: Note: end time exceeds INT32_MAX: 18446744068
07-23 09:55:27.518 25251 25334 I com.mediavault: Note: end time exceeds INT32_MAX: 18446744068
07-23 09:55:27.519 25251 25334 I com.mediavault: Note: end time exceeds INT32_MAX: 18446744068
07-23 09:55:27.520 25251 25334 I com.mediavault: Note: end time exceeds INT32_MAX: 18446744068
07-23 09:55:27.582 25251 25334 I com.mediavault: Note: end time exceeds INT32_MAX: 18446744068
07-23 09:55:27.665 25251 25251 D InsetsController: setRequestedVisibleTypes, mRequestedVisibleTypes: statusBars navigationBars captionBar systemGestures mandatorySystemGestures tappableElement displayCutout windowDecor systemOverlays, requestedVisibleTypes: statusBars navigationBars captionBar systemGestures mandatorySystemGestures tappableElement displayCutout windowDecor systemOverlays, visibleTypes: statusBars, type: 1, call: android.view.InsetsController.notifyFinished:1966 android.view.InsetsAnimationThreadControlRunner$1.lambda$notifyFinished$0:82 android.view.InsetsAnimationThreadControlRunner$1.$r8$lambda$cDFF0h4Ncq-8EXdGszv69jrUu7c:0 android.view.InsetsAnimationThreadControlRunner$1$$ExternalSyntheticLambda1.run:0 android.os.Handler.handleCallback:1027 android.os.Handler.dispatchMessage:108 android.os.Looper.loopOnce:302 android.os.Looper.loop:412 android.app.ActivityThread.main:9998 java.lang.reflect.Method.invoke:-2 
07-23 09:55:27.776 25251 31611 D VRI[PlayerActivity]: dispatchAppVisibility visible:false mUpcomingWindowFocus:false
07-23 09:55:27.776 25251 25251 D VRI[PlayerActivity]: visibilityChanged oldVisibility=true newVisibility=false
07-23 09:55:27.788 25251 25251 D HWUI    : RenderProxy::destroy: this=0xb4000076b040d600, mContext=0xb4000077f78a2a40
07-23 09:55:27.788 25251 25453 D HWUI    : SkiaVulkanPipeline::setSurface: this=0xb4000076993f8480, surface=NULL
07-23 09:55:27.789 25251 25453 D BufferQueueProducer: [VRI[PlayerActivity]#31(BLAST Consumer)31](id:62a300000029,api:1,p:25251,c:25251) disconnect: api 1
07-23 09:55:27.789 25251 25251 D ViewRootImplExtImpl: wrapConfigInfoIntoFlags rotation=1, smallestScreenWidthDp=360, residentWS=false, scenario=0, bounds=Rect(0, 0 - 2376, 1080), relayoutAsync=false, flags=0, newFlags=1245719816, title=com.mediavault/com.mediavault.ui.PlayerActivity
07-23 09:55:27.810 25251 25251 D VRI[PlayerActivity]: relayoutWindow result, sizeChanged:false, surfaceControlChanged:true, transformHintChanged:false, mSurfaceSize:Point(2256, 1080), mLastSurfaceSize:Point(2256, 1080), mWidth:2256, mHeight:1080, requestedWidth:2256, requestedHeight:1080, transformHint:4, installOrientation:0, displayRotation:1, isSurfaceValid:false, attr.flag:-2122252032, tmpFrames:ClientWindowFrames{frame=[120,0][2376,1080] display=[120,0][2376,1080] parentFrame=[0,0][0,0]}, relayoutAsync:false, mSyncSeqId:0
07-23 09:55:27.810 25251 25251 D BLASTBufferQueue: [VRI[PlayerActivity]#31](f:0,a:1) destructor()
07-23 09:55:27.810 25251 25251 D BufferQueueConsumer: [VRI[PlayerActivity]#31(BLAST Consumer)31](id:62a300000029,api:0,p:-1,c:25251) disconnect
07-23 09:55:27.813 25251 25251 W VRI[VideoDetailActivity]: handleResized abandoned!
07-23 09:55:27.829 25251 25251 D VRI[PlayerActivity]: setWindowStopped stopped:true
07-23 09:55:27.830 25251  3200 D AudioTrack: pause(1606): prior state:STATE_ACTIVE output 37 stream 3 session 11617
07-23 09:55:27.834 25251 25251 I ExoPlayerImpl: Release 9d2d0e9 [AndroidXMedia3/1.4.1] [OP5D0DL1, PJZ110, OnePlus, 36] [media3.common, media3.ui, media3.exoplayer, media3.decoder, media3.datasource, media3.extractor]
07-23 09:55:27.839 25251  3215 I CCodecConfig: query failed after returning 19 values (BAD_INDEX)
07-23 09:55:27.840 25251  3490 D AudioTrack: flush+ mIsStopFlush 0, mIsTrackSupportFade 1, mTrackFadeSupportType 0 , mShareBuffer != 0 ? 0, mState 2
07-23 09:55:27.840 25251  3490 D AudioTrack: flush(1606): prior state:STATE_PAUSED
07-23 09:55:27.840 25251  3490 D AudioTrack: [oplusAudioFade]stop mState STATE_FLUSHED, mIsTrackSupportFade 1
07-23 09:55:27.840 25251  3490 D AudioTrack: stop(1606): prior state:STATE_FLUSHED output 37 stream 3 session 11617
07-23 09:55:27.840 25251  3490 D AudioTrack: ~AudioTrack(1606), releasing mStatus =0 session id 11617 from 25251 on behalf of 25251
07-23 09:55:27.840 25251  3490 D AudioTrack: [oplusAudioFade]stop mState STATE_FLUSHED, mIsTrackSupportFade 1
07-23 09:55:27.840 25251  3490 D AudioTrack: stop(1606): prior state:STATE_FLUSHED output 37 stream 3 session 11617
07-23 09:55:27.840 25251  3490 I AudioTrack: stopAndJoinCallbacks(1606) done
07-23 09:55:27.842 25251  3232 I CCodecConfig: query failed after returning 21 values (BAD_INDEX)
07-23 09:55:27.843 25251  3215 D BufferQueueConsumer: [](id:62a30000002c,api:0,p:-1,c:25251) connect: controlledByApp=false
07-23 09:55:27.843 25251  3215 D SurfaceUtils: connecting to surface 0xb4000077f7d8d010, reason connectToSurface
07-23 09:55:27.843 25251  3215 D BufferQueueProducer: [MediaCodec.release](id:62a30000002c,api:3,p:25251,c:25251) connect: api=3 producerControlledByApp=false
07-23 09:55:27.843 25251  3215 D SurfaceUtils: disconnecting from surface 0xb4000077f7d8d010, reason connectToSurface(reconnect)
07-23 09:55:27.843 25251  3215 D BufferQueueProducer: [MediaCodec.release](id:62a30000002c,api:3,p:25251,c:25251) disconnect: api 3
07-23 09:55:27.843 25251  3215 D SurfaceUtils: connecting to surface 0xb4000077f7d8d000, reason connectToSurface(reconnect-with-listener)
07-23 09:55:27.843 25251  3215 D BufferQueueProducer: [MediaCodec.release](id:62a30000002c,api:3,p:25251,c:25251) connect: api=3 producerControlledByApp=false
07-23 09:55:27.843 25251  3215 D Codec2Client: setOutputSurface -- failed to set consumer usage (6/BAD_INDEX)
07-23 09:55:27.843 25251  3215 D GraphicsTracker: new surface in configuration: maxDequeueRequested(0), maxDequeueCommitted(35)
07-23 09:55:27.843 25251  3215 D GraphicsTracker: new surface configured with id:108452219191340 gen:25857036 maxDequeue:35
07-23 09:55:27.843 25251  3215 D GraphicsTracker: maxDequeueCount is already 35
07-23 09:55:27.843 25251  3215 D Codec2Client: setOutputSurface -- generation=25857036 consumer usage=0x900
07-23 09:55:27.843 25251  3215 D SurfaceUtils: disconnecting from surface 0xb4000077fa02d010, reason disconnectFromSurface
07-23 09:55:27.843 25251  3215 D BufferQueueProducer: [SurfaceTexture-0-25251-5](id:62a30000002a,api:3,p:25251,c:25251) disconnect: api 3
07-23 09:55:27.848 25251 25251 D OplusScrollToTopManager: com.mediavault/com.mediavault.ui.PlayerActivity,window dying
07-23 09:55:27.848 25251 25251 D OplusScrollToTopManager: com.mediavault/com.mediavault.ui.PlayerActivity,unregisterSystemUIBroadcastReceiver 
07-23 09:55:27.848 25251  3232 D AtlasEventUploadUtils: setEvent event:atlas_event_video_monitor_network_switch
07-23 09:55:27.848 25251 25251 D OplusScrollToTopManager: com.mediavault/com.mediavault.ui.PlayerActivity, unregisterSystemUIBroadcastReceiver failed java.lang.IllegalArgumentException: Receiver not registered: android.view.OplusScrollToTopManager$2@f97b9f7
07-23 09:55:27.848 25251 25251 W WindowOnBackDispatcher: sendCancelIfRunning: isInProgress=false callback=android.view.ViewRootImpl$$ExternalSyntheticLambda13@297e791
07-23 09:55:27.848 25251 25251 D BufferQueueConsumer: [SurfaceTexture-0-25251-5](id:62a30000002a,api:0,p:-1,c:25251) disconnect
07-23 09:55:27.851 25251 25251 D HWUI    : RenderProxy::destroy: this=0xb4000076b040d600, mContext=0xb4000077f78a2a40
07-23 09:55:27.851 25251 25453 D HWUI    : SkiaVulkanPipeline::setSurface: this=0xb4000076993f8480, surface=NULL
07-23 09:55:27.851 25251 25251 D ViewRootImpl: Skipping stats log for color mode
07-23 09:55:27.859 25251  3215 D SurfaceUtils: disconnecting from surface 0xb4000077f7d8d010, reason disconnectFromSurface
07-23 09:55:27.859 25251  3215 D BufferQueueProducer: [MediaCodec.release](id:62a30000002c,api:3,p:25251,c:25251) disconnect: api 3
07-23 09:55:27.861 25251  3215 D AtlasEventUploadUtils: setEvent event:atlas_event_video_monitor_network_switch
07-23 09:55:28.342 25251 25251 D WindowOnBackDispatcher: onBackInvoked callback: android.view.ViewRootImpl$$ExternalSyntheticLambda13@7a1e9a, animationCallback is null
07-23 09:55:28.342 25251 25251 E IJankManager: slideSceneEnd unknown scene 1000 mScene:-1
07-23 09:55:28.342 25251 25251 D WindowOnBackDispatcher:  predictive settings is disabled for com.mediavault
07-23 09:55:28.343 25251 25251 D WindowOnBackDispatcher:  predictive settings is disabled for com.mediavault
07-23 09:55:28.345 25251 25251 D Activity: dispatchKeyEvent to com.mediavault.ui.VideoDetailActivity@3112dc9 will call onBackPressed
07-23 09:55:28.345 25251 25251 D Activity: com.mediavault.ui.VideoDetailActivity@3112dc9onBackPressed!
07-23 09:55:28.347 25251 25251 D ActivityClient: activity finished by caller: android.app.Activity.finish:7644 android.app.Activity.finish:7661 android.app.Activity.finishAfterTransition:7720 android.app.Activity$RequestFinishCallback$$ExternalSyntheticLambda0.run:0 android.os.Handler.handleCallback:1027 android.os.Handler.dispatchMessage:108 android.os.Looper.loopOnce:302 android.os.Looper.loop:412 android.app.ActivityThread.main:9998 java.lang.reflect.Method.invoke:-2 
07-23 09:55:28.352 25251 31611 D VRI[MainActivity]: dispatchAppVisibility visible:true mUpcomingWindowFocus:false
07-23 09:55:28.358 25251 25251 D VRI[MainActivity]: setWindowStopped stopped:false
07-23 09:55:28.359 25251 25251 D ViewRootImpl: Skipping stats log for color mode
07-23 09:55:28.362 25251 25251 D WindowOnBackDispatcher:  predictive settings is disabled for com.mediavault
07-23 09:55:28.362 25251 25251 W WindowOnBackDispatcher: OnBackInvokedCallback is not enabled for the application.
07-23 09:55:28.362 25251 25251 W WindowOnBackDispatcher: Set 'android:enableOnBackInvokedCallback="true"' in the application manifest.
07-23 09:55:28.383 25251 25334 I com.mediavault: Note: end time exceeds INT32_MAX: 18446744067
07-23 09:55:28.394 25251 25334 I com.mediavault: Note: end time exceeds INT32_MAX: 18446744067
07-23 09:55:28.400 25251 25334 I com.mediavault: Note: end time exceeds INT32_MAX: 18446744067
07-23 09:55:28.404 25251 25334 I com.mediavault: Note: end time exceeds INT32_MAX: 18446744067
07-23 09:55:28.409 25251 25334 I com.mediavault: Note: end time exceeds INT32_MAX: 18446744067
07-23 09:55:28.414 25251 25334 I com.mediavault: Note: end time exceeds INT32_MAX: 18446744067
07-23 09:55:28.418 25251 25334 I com.mediavault: Note: end time exceeds INT32_MAX: 18446744067
07-23 09:55:28.421 25251 25314 D OplusScrollToTopManager: com.mediavault/com.mediavault.ui.VideoDetailActivity,This com.android.internal.policy.DecorView{45ca942 V.E...... R....... 0,0-1080,2376 aid=12 alpha=1.0 viewInfo = }[VideoDetailActivity] change focus to true
07-23 09:55:28.422 25251 25334 I com.mediavault: Note: end time exceeds INT32_MAX: 18446744067
07-23 09:55:28.427 25251 25334 I com.mediavault: Note: end time exceeds INT32_MAX: 18446744067
07-23 09:55:28.431 25251 25334 I com.mediavault: Note: end time exceeds INT32_MAX: 18446744067
07-23 09:55:28.436 25251 25334 I com.mediavault: Note: end time exceeds INT32_MAX: 18446744067
07-23 09:55:28.442 25251 25334 I com.mediavault: Note: end time exceeds INT32_MAX: 18446744067
07-23 09:55:28.447 25251 25334 I com.mediavault: Note: end time exceeds INT32_MAX: 18446744067
07-23 09:55:28.451 25251 25334 I com.mediavault: Note: end time exceeds INT32_MAX: 18446744067
07-23 09:55:28.456 25251 25334 I com.mediavault: Note: end time exceeds INT32_MAX: 18446744067
07-23 09:55:28.461 25251 25334 I com.mediavault: Note: end time exceeds INT32_MAX: 18446744067
07-23 09:55:28.465 25251 25334 I com.mediavault: Note: end time exceeds INT32_MAX: 18446744067
07-23 09:55:28.470 25251 25334 I com.mediavault: Note: end time exceeds INT32_MAX: 18446744067
07-23 09:55:28.475 25251 25334 I com.mediavault: Note: end time exceeds INT32_MAX: 18446744067
07-23 09:55:28.477 25251 25251 D ActivityThread: ComponentInfo{com.mediavault/com.mediavault.ui.MainActivity} checkFinished=false 2
07-23 09:55:28.477 25251 25251 D ResourcesManagerExtImpl: applyConfigurationToAppResourcesLocked app.getDisplayId() return callback.displayId:0
07-23 09:55:28.484 25251 25334 I com.mediavault: Note: end time exceeds INT32_MAX: 18446744067
07-23 09:55:28.505 25251 25251 D VRI[VideoDetailActivity]: onFocusEvent false
07-23 09:55:28.509 25251 26097 D HWUI    : --- Failed to create image decoder with message 'unimplemented'
07-23 09:55:28.513 25251 26097 D HWUI    : --- Failed to create image decoder with message 'unimplemented'
07-23 09:55:28.528 25251 25334 I com.mediavault: Note: end time exceeds INT32_MAX: 18446744067
07-23 09:55:28.535 25251 26085 D HWUI    : --- Failed to create image decoder with message 'unimplemented'
07-23 09:55:28.549 25251 25334 I com.mediavault: Note: end time exceeds INT32_MAX: 18446744067
07-23 09:55:28.550 25251 26085 D HWUI    : --- Failed to create image decoder with message 'unimplemented'
07-23 09:55:28.557 25251 28544 D HWUI    : --- Failed to create image decoder with message 'unimplemented'
07-23 09:55:28.573 25251 26098 D HWUI    : --- Failed to create image decoder with message 'unimplemented'
07-23 09:55:28.573 25251 26098 D HWUI    : --- Failed to create image decoder with message 'unimplemented'
07-23 09:55:28.574 25251 26098 D HWUI    : --- Failed to create image decoder with message 'unimplemented'
07-23 09:55:28.574 25251 26100 D HWUI    : --- Failed to create image decoder with message 'unimplemented'
07-23 09:55:28.575 25251 25334 I com.mediavault: Note: end time exceeds INT32_MAX: 18446744067
07-23 09:55:28.578 25251 25251 D ViewRootImplExtImpl: wrapConfigInfoIntoFlags rotation=0, smallestScreenWidthDp=360, residentWS=false, scenario=0, bounds=Rect(0, 0 - 1080, 2376), relayoutAsync=false, flags=0, newFlags=1245719808, title=com.mediavault/com.mediavault.ui.MainActivity
07-23 09:55:28.582 25251 25251 D VRI[MainActivity]: relayoutWindow result, sizeChanged:false, surfaceControlChanged:true, transformHintChanged:false, mSurfaceSize:Point(1080, 2376), mLastSurfaceSize:Point(1080, 2376), mWidth:1080, mHeight:2376, requestedWidth:1080, requestedHeight:2376, transformHint:0, installOrientation:0, displayRotation:0, isSurfaceValid:true, attr.flag:-2122252032, tmpFrames:ClientWindowFrames{frame=[0,0][1080,2376] display=[0,0][1080,2376] parentFrame=[0,0][0,0]}, relayoutAsync:false, mSyncSeqId:0
07-23 09:55:28.583 25251 25251 W VRI[MainActivity]: updateBlastSurfaceIfNeeded, surfaceSize:Point(1080, 2376), lastSurfaceSize:Point(1080, 2376), format:-1, blastBufferQueue:null
07-23 09:55:28.583 25251 25251 D BufferQueueConsumer: [](id:62a30000002d,api:0,p:-1,c:25251) connect: controlledByApp=false
07-23 09:55:28.583 25251 25251 D BufferQueueConsumer: [VRI[MainActivity]#33(BLAST Consumer)33](id:62a30000002d,api:0,p:-1,c:25251) setMaxAcquiredBufferCount: 2
07-23 09:55:28.583 25251 25453 D BufferQueueProducer: [VRI[MainActivity]#33(BLAST Consumer)33](id:62a30000002d,api:1,p:25251,c:25251) connect: api=1 producerControlledByApp=true
07-23 09:55:28.587 25251 25251 I SurfaceControl:  setExtendedRangeBrightness sc=Surface(name=com.mediavault/com.mediavault.ui.MainActivity)/@0x6e0953,currentBufferRatio=1.0,desiredRatio=1.0
07-23 09:55:28.588 25251 25334 I com.mediavault: Note: end time exceeds INT32_MAX: 18446744067
07-23 09:55:28.589 25251 25334 I com.mediavault: Note: end time exceeds INT32_MAX: 18446744067
07-23 09:55:28.592 25251 25334 I com.mediavault: Note: end time exceeds INT32_MAX: 18446744067
07-23 09:55:28.593 25251 25334 I com.mediavault: Note: end time exceeds INT32_MAX: 18446744067
07-23 09:55:28.594 25251 25334 I com.mediavault: Note: end time exceeds INT32_MAX: 18446744067
07-23 09:55:28.595 25251 25334 I com.mediavault: Note: end time exceeds INT32_MAX: 18446744067
07-23 09:55:28.595 25251 25334 I com.mediavault: Note: end time exceeds INT32_MAX: 18446744067
07-23 09:55:28.596 25251 25334 I com.mediavault: Note: end time exceeds INT32_MAX: 18446744067
07-23 09:55:28.596 25251 25334 I com.mediavault: Note: end time exceeds INT32_MAX: 18446744067
07-23 09:55:28.597 25251 25334 I com.mediavault: Note: end time exceeds INT32_MAX: 18446744067
07-23 09:55:28.597 25251 25334 I com.mediavault: Note: end time exceeds INT32_MAX: 18446744067
07-23 09:55:28.599 25251 25334 I com.mediavault: Note: end time exceeds INT32_MAX: 18446744067
07-23 09:55:28.599 25251 25334 I com.mediavault: Note: end time exceeds INT32_MAX: 18446744067
07-23 09:55:28.600 25251 25334 I com.mediavault: Note: end time exceeds INT32_MAX: 18446744067
07-23 09:55:28.600 25251 25334 I com.mediavault: Note: end time exceeds INT32_MAX: 18446744067
07-23 09:55:28.601 25251 25334 I com.mediavault: Note: end time exceeds INT32_MAX: 18446744067
07-23 09:55:28.602 25251 25334 I com.mediavault: Note: end time exceeds INT32_MAX: 18446744067
07-23 09:55:28.602 25251 25334 I com.mediavault: Note: end time exceeds INT32_MAX: 18446744067
07-23 09:55:28.603 25251 25334 I com.mediavault: Note: end time exceeds INT32_MAX: 18446744067
07-23 09:55:28.604 25251 25334 I com.mediavault: Note: end time exceeds INT32_MAX: 18446744067
07-23 09:55:28.604 25251 25334 I com.mediavault: Note: end time exceeds INT32_MAX: 18446744067
07-23 09:55:28.605 25251 25334 I com.mediavault: Note: end time exceeds INT32_MAX: 18446744067
07-23 09:55:28.606 25251 25334 I com.mediavault: Note: end time exceeds INT32_MAX: 18446744067
07-23 09:55:28.606 25251 25334 I com.mediavault: Note: end time exceeds INT32_MAX: 18446744067
07-23 09:55:28.607 25251 25334 I com.mediavault: Note: end time exceeds INT32_MAX: 18446744067
07-23 09:55:28.608 25251 25334 I com.mediavault: Note: end time exceeds INT32_MAX: 18446744067
07-23 09:55:28.608 25251 25334 I com.mediavault: Note: end time exceeds INT32_MAX: 18446744067
07-23 09:55:28.609 25251 25334 I com.mediavault: Note: end time exceeds INT32_MAX: 18446744067
07-23 09:55:28.609 25251 25334 I com.mediavault: Note: end time exceeds INT32_MAX: 18446744067
07-23 09:55:28.610 25251 25334 I com.mediavault: Note: end time exceeds INT32_MAX: 18446744067
07-23 09:55:28.610 25251 25334 I com.mediavault: Note: end time exceeds INT32_MAX: 18446744067
07-23 09:55:28.611 25251 25334 I com.mediavault: Note: end time exceeds INT32_MAX: 18446744067
07-23 09:55:28.612 25251 25334 I com.mediavault: Note: end time exceeds INT32_MAX: 18446744067
07-23 09:55:28.612 25251 25334 I com.mediavault: Note: end time exceeds INT32_MAX: 18446744067
07-23 09:55:28.613 25251 25334 I com.mediavault: Note: end time exceeds INT32_MAX: 18446744067
07-23 09:55:28.613 25251 25334 I com.mediavault: Note: end time exceeds INT32_MAX: 18446744067
07-23 09:55:28.614 25251 25334 I com.mediavault: Note: end time exceeds INT32_MAX: 18446744067
07-23 09:55:28.615 25251 25334 I com.mediavault: Note: end time exceeds INT32_MAX: 18446744067
07-23 09:55:28.616 25251 25334 I com.mediavault: Note: end time exceeds INT32_MAX: 18446744067
07-23 09:55:28.616 25251 25334 I com.mediavault: Note: end time exceeds INT32_MAX: 18446744067
07-23 09:55:28.617 25251 25334 I com.mediavault: Note: end time exceeds INT32_MAX: 18446744067
07-23 09:55:28.625 25251 25453 D BLASTBufferQueue: [VRI[MainActivity]#33](f:0,a:1) acquireNextBufferLocked size=1080x2376 mFrameNumber=1 applyTransaction=true mTimestamp=53544760139781(auto) mPendingTransactions.size=0 graphicBufferId=108452219192554 transform=0
07-23 09:55:28.625 25251 25453 D VRI[MainActivity]: Received frameCommittedCallback lastAttemptedDrawFrameNum=1 didProduceBuffer=true syncBuffer=false
07-23 09:55:28.626 25251 25251 D VRI[MainActivity]: draw finished. seqId=0
07-23 09:55:28.627 25251 25334 I com.mediavault: Note: end time exceeds INT32_MAX: 18446744067
07-23 09:55:28.629 25251 25334 I com.mediavault: Note: end time exceeds INT32_MAX: 18446744067
07-23 09:55:28.633 25251 25334 I com.mediavault: Note: end time exceeds INT32_MAX: 18446744067
07-23 09:55:28.635 25251 25334 I com.mediavault: Note: end time exceeds INT32_MAX: 18446744067
07-23 09:55:28.637 25251 25334 I com.mediavault: Note: end time exceeds INT32_MAX: 18446744067
07-23 09:55:28.639 25251 25334 I com.mediavault: Note: end time exceeds INT32_MAX: 18446744067
07-23 09:55:28.650 25251 25334 I com.mediavault: Note: end time exceeds INT32_MAX: 18446744067
07-23 09:55:28.651 25251 25334 I com.mediavault: Note: end time exceeds INT32_MAX: 18446744067
07-23 09:55:28.651 25251 25334 I com.mediavault: Note: end time exceeds INT32_MAX: 18446744067
07-23 09:55:28.654 25251 25334 I com.mediavault: Note: end time exceeds INT32_MAX: 18446744067
07-23 09:55:28.655 25251 25334 I com.mediavault: Note: end time exceeds INT32_MAX: 18446744067
07-23 09:55:28.655 25251 25334 I com.mediavault: Note: end time exceeds INT32_MAX: 18446744067
07-23 09:55:28.656 25251 25334 I com.mediavault: Note: end time exceeds INT32_MAX: 18446744067
07-23 09:55:28.657 25251 25251 D VRI[MainActivity]: onFocusEvent true
07-23 09:55:28.659 25251 25334 I com.mediavault: Note: end time exceeds INT32_MAX: 18446744067
07-23 09:55:28.660 25251 25334 I com.mediavault: Note: end time exceeds INT32_MAX: 18446744067
07-23 09:55:28.660 25251 25334 I com.mediavault: Note: end time exceeds INT32_MAX: 18446744067
07-23 09:55:28.661 25251 25334 I com.mediavault: Note: end time exceeds INT32_MAX: 18446744067
07-23 09:55:28.664 25251 25334 I com.mediavault: Note: end time exceeds INT32_MAX: 18446744067
07-23 09:55:28.665 25251 25334 I com.mediavault: Note: end time exceeds INT32_MAX: 18446744067
07-23 09:55:28.666 25251 25334 I com.mediavault: Note: end time exceeds INT32_MAX: 18446744067
07-23 09:55:28.673 25251 25334 I com.mediavault: Note: end time exceeds INT32_MAX: 18446744067
07-23 09:55:28.673 25251 25334 I com.mediavault: Note: end time exceeds INT32_MAX: 18446744067
07-23 09:55:28.677 25251 25334 I com.mediavault: Note: end time exceeds INT32_MAX: 18446744067
07-23 09:55:28.678 25251 25334 I com.mediavault: Note: end time exceeds INT32_MAX: 18446744067
07-23 09:55:28.679 25251 25334 I com.mediavault: Note: end time exceeds INT32_MAX: 18446744067
07-23 09:55:28.679 25251 25334 I com.mediavault: Note: end time exceeds INT32_MAX: 18446744067
07-23 09:55:28.692 25251 25251 D InsetsController: hide(ime(), fromIme=false)
07-23 09:55:28.692 25251 25251 I ImeTracker: com.mediavault:28786420: onCancelled at PHASE_CLIENT_ALREADY_HIDDEN
07-23 09:55:28.692 25251 25334 I com.mediavault: Note: end time exceeds INT32_MAX: 18446744067
07-23 09:55:28.694 25251 25334 I com.mediavault: Note: end time exceeds INT32_MAX: 18446744067
07-23 09:55:28.695 25251 25334 I com.mediavault: Note: end time exceeds INT32_MAX: 18446744067
07-23 09:55:28.696 25251 25334 I com.mediavault: Note: end time exceeds INT32_MAX: 18446744067
07-23 09:55:28.696 25251 25334 I com.mediavault: Note: end time exceeds INT32_MAX: 18446744067
07-23 09:55:28.704 25251 25334 I com.mediavault: Note: end time exceeds INT32_MAX: 18446744067
07-23 09:55:28.705 25251 25334 I com.mediavault: Note: end time exceeds INT32_MAX: 18446744067
07-23 09:55:28.709 25251 25334 I com.mediavault: Note: end time exceeds INT32_MAX: 18446744067
07-23 09:55:28.710 25251 25334 I com.mediavault: Note: end time exceeds INT32_MAX: 18446744067
07-23 09:55:28.711 25251 25334 I com.mediavault: Note: end time exceeds INT32_MAX: 18446744067
07-23 09:55:28.712 25251 25334 I com.mediavault: Note: end time exceeds INT32_MAX: 18446744067
07-23 09:55:28.714 25251 25334 I com.mediavault: Note: end time exceeds INT32_MAX: 18446744067
07-23 09:55:28.715 25251 25334 I com.mediavault: Note: end time exceeds INT32_MAX: 18446744067
07-23 09:55:28.718 25251 25334 I com.mediavault: Note: end time exceeds INT32_MAX: 18446744067
07-23 09:55:28.720 25251 25334 I com.mediavault: Note: end time exceeds INT32_MAX: 18446744067
07-23 09:55:28.722 25251 25334 I com.mediavault: Note: end time exceeds INT32_MAX: 18446744067
07-23 09:55:28.722 25251 25334 I com.mediavault: Note: end time exceeds INT32_MAX: 18446744067
07-23 09:55:28.723 25251 25334 I com.mediavault: Note: end time exceeds INT32_MAX: 18446744067
07-23 09:55:28.724 25251 25334 I com.mediavault: Note: end time exceeds INT32_MAX: 18446744067
07-23 09:55:28.725 25251 25334 I com.mediavault: Note: end time exceeds INT32_MAX: 18446744067
07-23 09:55:28.726 25251 25334 I com.mediavault: Note: end time exceeds INT32_MAX: 18446744067
07-23 09:55:28.727 25251 25334 I com.mediavault: Note: end time exceeds INT32_MAX: 18446744067
07-23 09:55:28.727 25251 25334 I com.mediavault: Note: end time exceeds INT32_MAX: 18446744067
07-23 09:55:28.728 25251 25334 I com.mediavault: Note: end time exceeds INT32_MAX: 18446744067
07-23 09:55:28.729 25251 25334 I com.mediavault: Note: end time exceeds INT32_MAX: 18446744067
07-23 09:55:28.730 25251 25334 I com.mediavault: Note: end time exceeds INT32_MAX: 18446744067
07-23 09:55:28.730 25251 25334 I com.mediavault: Note: end time exceeds INT32_MAX: 18446744067
07-23 09:55:28.733 25251 25334 I com.mediavault: Note: end time exceeds INT32_MAX: 18446744067
07-23 09:55:28.735 25251 25334 I com.mediavault: Note: end time exceeds INT32_MAX: 18446744067
07-23 09:55:28.736 25251 25334 I com.mediavault: Note: end time exceeds INT32_MAX: 18446744067
07-23 09:55:28.737 25251 25334 I com.mediavault: Note: end time exceeds INT32_MAX: 18446744067
07-23 09:55:28.738 25251 25334 I com.mediavault: Note: end time exceeds INT32_MAX: 18446744067
07-23 09:55:28.739 25251 25334 I com.mediavault: Note: end time exceeds INT32_MAX: 18446744067
07-23 09:55:28.739 25251 25334 I com.mediavault: Note: end time exceeds INT32_MAX: 18446744067
07-23 09:55:28.741 25251 25334 I com.mediavault: Note: end time exceeds INT32_MAX: 18446744067
07-23 09:55:28.742 25251 25334 I com.mediavault: Note: end time exceeds INT32_MAX: 18446744067
07-23 09:55:28.742 25251 25334 I com.mediavault: Note: end time exceeds INT32_MAX: 18446744067
07-23 09:55:28.743 25251 25334 I com.mediavault: Note: end time exceeds INT32_MAX: 18446744067
07-23 09:55:28.744 25251 25334 I com.mediavault: Note: end time exceeds INT32_MAX: 18446744067
07-23 09:55:28.745 25251 25334 I com.mediavault: Note: end time exceeds INT32_MAX: 18446744067
07-23 09:55:28.746 25251 25334 I com.mediavault: Note: end time exceeds INT32_MAX: 18446744067
07-23 09:55:28.746 25251 25334 I com.mediavault: Note: end time exceeds INT32_MAX: 18446744067
07-23 09:55:28.750 25251 25334 I com.mediavault: Note: end time exceeds INT32_MAX: 18446744067
07-23 09:55:28.751 25251 25334 I com.mediavault: Note: end time exceeds INT32_MAX: 18446744067
07-23 09:55:28.752 25251 25334 I com.mediavault: Note: end time exceeds INT32_MAX: 18446744067
07-23 09:55:28.759 25251 25334 I com.mediavault: Note: end time exceeds INT32_MAX: 18446744067
07-23 09:55:28.760 25251 25334 I com.mediavault: Note: end time exceeds INT32_MAX: 18446744067
