========== MediaVault log capture ==========
start: 2026-07-23 09:55:20
mode: local-logcat
package: com.mediavault
pid: 25251
duration: until Ctrl+C
file: /data/user/0/com.termux/files/home/devwork/MediaVault/logcat_mediavault_com.mediavault_20260723_095520.log
tags: ExoPlayer, MediaVault, RemoteDataSource, WebDav, okhttp, scrape, PlayerActivity
----------------------------------------
--------- beginning of system
07-23 09:54:23.849 25251 25251 D VRI[VideoDetailActivity]: relayoutWindow result, sizeChanged:false, surfaceControlChanged:true, transformHintChanged:false, mSurfaceSize:Point(1080, 2376), mLastSurfaceSize:Point(1080, 2376), mWidth:1080, mHeight:2376, requestedWidth:1080, requestedHeight:2376, transformHint:0, installOrientation:0, displayRotation:0, isSurfaceValid:false, attr.flag:-2122252032, tmpFrames:ClientWindowFrames{frame=[0,0][1080,2376] display=[0,0][1080,2376] parentFrame=[0,0][0,0]}, relayoutAsync:false, mSyncSeqId:0
07-23 09:54:25.919 25251 25251 D ActivityThread: ComponentInfo{com.mediavault/com.mediavault.ui.VideoDetailActivity} checkFinished=false 2
07-23 09:54:25.919 25251 25251 D ResourcesManagerExtImpl: applyConfigurationToAppResourcesLocked app.getDisplayId() return callback.displayId:0
07-23 09:54:25.928 25251 25251 D VRI[VideoDetailActivity]: relayoutWindow result, sizeChanged:false, surfaceControlChanged:true, transformHintChanged:false, mSurfaceSize:Point(1080, 2376), mLastSurfaceSize:Point(1080, 2376), mWidth:1080, mHeight:2376, requestedWidth:1080, requestedHeight:2376, transformHint:0, installOrientation:0, displayRotation:0, isSurfaceValid:true, attr.flag:-2122252032, tmpFrames:ClientWindowFrames{frame=[0,0][1080,2376] display=[0,0][1080,2376] parentFrame=[0,0][0,0]}, relayoutAsync:false, mSyncSeqId:0
07-23 09:54:25.929 25251 25251 W VRI[VideoDetailActivity]: updateBlastSurfaceIfNeeded, surfaceSize:Point(1080, 2376), lastSurfaceSize:Point(1080, 2376), format:-1, blastBufferQueue:null
07-23 09:54:25.953 25251 25251 D ResourcesManagerExtImpl: applyConfigurationToAppResourcesLocked app.getDisplayId() return callback.displayId:0
07-23 09:54:25.953 25251 25251 W VRI[VideoDetailActivity]: handleResized, msg:, frameChanged:false, configChanged:false, displayChanged:false, attachedFrameChanged:false, compatScaleChanged:false, pendingDragResizing=false
07-23 09:54:27.470 25251 25251 D ResourcesManagerExtImpl: applyConfigurationToAppResourcesLocked app.getDisplayId() return callback.displayId:0
07-23 09:54:27.495 25251 25251 D ActivityThread: ComponentInfo{com.mediavault/com.mediavault.ui.PlayerActivity} checkFinished=false 2
07-23 09:54:27.495 25251 25251 D ResourcesManagerExtImpl: applyConfigurationToAppResourcesLocked app.getDisplayId() return callback.displayId:0
07-23 09:54:27.497 25251 25251 D InsetsController: Setting requestedVisibleTypes to -10 (was -9)
07-23 09:54:27.497 25251 25251 D InsetsController: Setting requestedVisibleTypes to -12 (was -10)
07-23 09:54:27.501 25251 25251 D ResourcesManagerExtImpl: applyConfigurationToAppResourcesLocked app.getDisplayId() return callback.displayId:0
07-23 09:54:27.511 25251 25251 D VRI[PlayerActivity]: relayoutWindow result, sizeChanged:true, surfaceControlChanged:true, transformHintChanged:true, mSurfaceSize:Point(2256, 1080), mLastSurfaceSize:Point(0, 0), mWidth:-1, mHeight:-1, requestedWidth:2256, requestedHeight:1080, transformHint:4, installOrientation:0, displayRotation:1, isSurfaceValid:true, attr.flag:-2122252032, tmpFrames:ClientWindowFrames{frame=[120,0][2376,1080] display=[120,0][2376,1080] parentFrame=[0,0][0,0]}, relayoutAsync:false, mSyncSeqId:0
07-23 09:54:27.511 25251 25251 W VRI[PlayerActivity]: updateBlastSurfaceIfNeeded, surfaceSize:Point(2256, 1080), lastSurfaceSize:Point(0, 0), format:-1, blastBufferQueue:null
07-23 09:54:27.520 25251 25251 W VRI[PlayerActivity]: handleResized, msg:, frameChanged:false, configChanged:false, displayChanged:false, attachedFrameChanged:false, compatScaleChanged:false, pendingDragResizing=false
07-23 09:54:27.527 25251 25251 W VRI[PlayerActivity]: handleResized abandoned!
07-23 09:54:27.933 25251 25251 D VRI[VideoDetailActivity]: relayoutWindow result, sizeChanged:false, surfaceControlChanged:true, transformHintChanged:false, mSurfaceSize:Point(1080, 2376), mLastSurfaceSize:Point(1080, 2376), mWidth:1080, mHeight:2376, requestedWidth:1080, requestedHeight:2376, transformHint:0, installOrientation:0, displayRotation:0, isSurfaceValid:false, attr.flag:-2122252032, tmpFrames:ClientWindowFrames{frame=[0,0][1080,2376] display=[0,0][1080,2376] parentFrame=[0,0][0,0]}, relayoutAsync:false, mSyncSeqId:0
07-23 09:54:27.938 25251 25251 W VRI[PlayerActivity]: handleResized abandoned!
07-23 09:54:28.004 25251 25251 D VRI[VideoDetailActivity]: relayoutWindow result, sizeChanged:false, surfaceControlChanged:true, transformHintChanged:false, mSurfaceSize:Point(1080, 2376), mLastSurfaceSize:Point(1080, 2376), mWidth:1080, mHeight:2376, requestedWidth:1080, requestedHeight:2376, transformHint:0, installOrientation:0, displayRotation:0, isSurfaceValid:false, attr.flag:-2122252032, tmpFrames:ClientWindowFrames{frame=[0,0][1080,2376] display=[0,0][1080,2376] parentFrame=[0,0][0,0]}, relayoutAsync:false, mSyncSeqId:0
07-23 09:54:28.619 25251 25251 D InsetsController: Setting requestedVisibleTypes to -10 (was -12)
07-23 09:54:28.632 25251 25251 D VRI[PlayerActivity]: relayoutWindow result, sizeChanged:false, surfaceControlChanged:false, transformHintChanged:false, mSurfaceSize:Point(2256, 1080), mLastSurfaceSize:Point(2256, 1080), mWidth:2256, mHeight:1080, requestedWidth:2256, requestedHeight:1080, transformHint:4, installOrientation:0, displayRotation:1, isSurfaceValid:true, attr.flag:-2122252032, tmpFrames:ClientWindowFrames{frame=[120,0][2376,1080] display=[120,0][2376,1080] parentFrame=[120,0][2376,1080] parentClippedByDisplayCutout}, relayoutAsync:true, mSyncSeqId:0
07-23 09:54:28.633 25251 25251 W VRI[PlayerActivity]: updateBlastSurfaceIfNeeded, surfaceSize:Point(2256, 1080), lastSurfaceSize:Point(2256, 1080), format:-1, blastBufferQueue:android.graphics.BLASTBufferQueue@de10608
07-23 09:54:28.637 25251 25251 W VRI[PlayerActivity]: handleResized abandoned!
07-23 09:54:30.321 25251 25251 D ActivityThread: ComponentInfo{com.mediavault/com.mediavault.ui.VideoDetailActivity} checkFinished=false 2
07-23 09:54:30.321 25251 25251 D ResourcesManagerExtImpl: applyConfigurationToAppResourcesLocked app.getDisplayId() return callback.displayId:0
07-23 09:54:30.331 25251 25251 D VRI[VideoDetailActivity]: relayoutWindow result, sizeChanged:false, surfaceControlChanged:true, transformHintChanged:false, mSurfaceSize:Point(1080, 2376), mLastSurfaceSize:Point(1080, 2376), mWidth:1080, mHeight:2376, requestedWidth:1080, requestedHeight:2376, transformHint:0, installOrientation:0, displayRotation:0, isSurfaceValid:true, attr.flag:-2122252032, tmpFrames:ClientWindowFrames{frame=[0,0][1080,2376] display=[0,0][1080,2376] parentFrame=[0,0][0,0]}, relayoutAsync:false, mSyncSeqId:0
07-23 09:54:30.331 25251 25251 W VRI[VideoDetailActivity]: updateBlastSurfaceIfNeeded, surfaceSize:Point(1080, 2376), lastSurfaceSize:Point(1080, 2376), format:-1, blastBufferQueue:null
07-23 09:54:30.353 25251 25251 W VRI[VideoDetailActivity]: handleResized, msg:, frameChanged:false, configChanged:false, displayChanged:false, attachedFrameChanged:false, compatScaleChanged:false, pendingDragResizing=false
07-23 09:54:30.770 25251 25251 D VRI[PlayerActivity]: relayoutWindow result, sizeChanged:false, surfaceControlChanged:true, transformHintChanged:false, mSurfaceSize:Point(2256, 1080), mLastSurfaceSize:Point(2256, 1080), mWidth:2256, mHeight:1080, requestedWidth:2256, requestedHeight:1080, transformHint:4, installOrientation:0, displayRotation:1, isSurfaceValid:false, attr.flag:-2122252032, tmpFrames:ClientWindowFrames{frame=[120,0][2376,1080] display=[120,0][2376,1080] parentFrame=[0,0][0,0]}, relayoutAsync:false, mSyncSeqId:0
07-23 09:54:30.771 25251 25251 W VRI[VideoDetailActivity]: handleResized abandoned!
07-23 09:54:37.004 25251 25251 D VRI[VideoDetailActivity]: relayoutWindow result, sizeChanged:false, surfaceControlChanged:true, transformHintChanged:false, mSurfaceSize:Point(1080, 2376), mLastSurfaceSize:Point(1080, 2376), mWidth:1080, mHeight:2376, requestedWidth:1080, requestedHeight:2376, transformHint:0, installOrientation:0, displayRotation:0, isSurfaceValid:false, attr.flag:-2122252032, tmpFrames:ClientWindowFrames{frame=[0,0][1080,2376] display=[0,0][1080,2376] parentFrame=[0,0][0,0]}, relayoutAsync:false, mSyncSeqId:0
--------- beginning of main
07-23 09:55:23.159 25251 31611 D VRI[VideoDetailActivity]: dispatchAppVisibility visible:true mUpcomingWindowFocus:false
07-23 09:55:23.166 25251 25251 D VRI[VideoDetailActivity]: setWindowStopped stopped:false
07-23 09:55:23.168 25251 25251 D ActivityThread: ComponentInfo{com.mediavault/com.mediavault.ui.VideoDetailActivity} checkFinished=false 2
07-23 09:55:23.168 25251 25251 D ResourcesManagerExtImpl: applyConfigurationToAppResourcesLocked app.getDisplayId() return callback.displayId:0
07-23 09:55:23.176 25251 25251 D ViewRootImplExtImpl: wrapConfigInfoIntoFlags rotation=0, smallestScreenWidthDp=360, residentWS=false, scenario=0, bounds=Rect(0, 0 - 1080, 2376), relayoutAsync=false, flags=0, newFlags=1245719808, title=com.mediavault/com.mediavault.ui.VideoDetailActivity
07-23 09:55:23.181 25251 25251 D VRI[VideoDetailActivity]: relayoutWindow result, sizeChanged:false, surfaceControlChanged:true, transformHintChanged:false, mSurfaceSize:Point(1080, 2376), mLastSurfaceSize:Point(1080, 2376), mWidth:1080, mHeight:2376, requestedWidth:1080, requestedHeight:2376, transformHint:0, installOrientation:0, displayRotation:0, isSurfaceValid:true, attr.flag:-2122252032, tmpFrames:ClientWindowFrames{frame=[0,0][1080,2376] display=[0,0][1080,2376] parentFrame=[0,0][0,0]}, relayoutAsync:false, mSyncSeqId:0
07-23 09:55:23.181 25251 25251 W VRI[VideoDetailActivity]: updateBlastSurfaceIfNeeded, surfaceSize:Point(1080, 2376), lastSurfaceSize:Point(1080, 2376), format:-1, blastBufferQueue:null
07-23 09:55:23.181 25251 25251 D BufferQueueConsumer: [](id:62a300000028,api:0,p:-1,c:25251) connect: controlledByApp=false
07-23 09:55:23.181 25251 25251 D BufferQueueConsumer: [VRI[VideoDetailActivity]#30(BLAST Consumer)30](id:62a300000028,api:0,p:-1,c:25251) setMaxAcquiredBufferCount: 2
07-23 09:55:23.182 25251 25453 D colorx  : I can't find colorx layer , let's enumerate colorx layers first.
07-23 09:55:23.182 25251 25453 I Adreno-UNKNOWN: Using previously loaded IMapper library.
07-23 09:55:23.183 25251 25453 I Adreno-UNKNOWN: Using previously loaded IMapper library.
07-23 09:55:23.183 25251 25453 I AdrenoVK-0: QUALCOMM build          : d9c51359ee, Ib0a60ffc99
07-23 09:55:23.183 25251 25453 I AdrenoVK-0: Build Date              : 12/19/25
07-23 09:55:23.183 25251 25453 I AdrenoVK-0: Shader Compiler Version : E031.47.18.44
07-23 09:55:23.183 25251 25453 I AdrenoVK-0: Local Branch            : 
07-23 09:55:23.183 25251 25453 I AdrenoVK-0: Remote Branch           : refs/tags/AU_LINUX_ANDROID_LA.VENDOR.15.4.0.11.00.00.1088.837
07-23 09:55:23.183 25251 25453 I AdrenoVK-0: Remote Branch           : NONE
07-23 09:55:23.183 25251 25453 I AdrenoVK-0: Reconstruct Branch      : NOTHING
07-23 09:55:23.183 25251 25453 I AdrenoVK-0: Build Config            : S P 18.0.0 AArch64
07-23 09:55:23.183 25251 25453 I AdrenoVK-0: Driver Path             : /vendor/lib64/hw/vulkan.adreno.so
07-23 09:55:23.183 25251 25453 I AdrenoVK-0: Driver Version          : 0800.67
07-23 09:55:23.183 25251 25453 I AdrenoVK-0: PFP                     : 0x01500081
07-23 09:55:23.183 25251 25453 I AdrenoVK-0: ME                      : 0x01500022
07-23 09:55:23.183 25251 25453 I AdrenoVK-0: Application Name    : android framework
07-23 09:55:23.183 25251 25453 I AdrenoVK-0: Process Name        : com.mediavault
07-23 09:55:23.183 25251 25453 I AdrenoVK-0: Application Version : 0x00000000
07-23 09:55:23.183 25251 25453 I AdrenoVK-0: Engine Name         : android framework
07-23 09:55:23.183 25251 25453 I AdrenoVK-0: Engine Version      : 0x00000000
07-23 09:55:23.183 25251 25453 I AdrenoVK-0: Api Version         : 0x00401000
07-23 09:55:23.186 25251 25453 D BufferQueueProducer: [VRI[VideoDetailActivity]#30(BLAST Consumer)30](id:62a300000028,api:1,p:25251,c:25251) connect: api=1 producerControlledByApp=true
07-23 09:55:23.188 25251 25251 I SurfaceControl:  setExtendedRangeBrightness sc=Surface(name=com.mediavault/com.mediavault.ui.VideoDetailActivity)/@0x344b946,currentBufferRatio=1.0,desiredRatio=1.0
07-23 09:55:23.190 25251 25334 I com.mediavault: Note: end time exceeds INT32_MAX: 18446744072
07-23 09:55:23.195 25251 25334 I com.mediavault: Note: end time exceeds INT32_MAX: 18446744072
07-23 09:55:23.197 25251 25334 I com.mediavault: Note: end time exceeds INT32_MAX: 18446744072
07-23 09:55:23.198 25251 25334 I com.mediavault: Note: end time exceeds INT32_MAX: 18446744072
07-23 09:55:23.199 25251 25334 I com.mediavault: Note: end time exceeds INT32_MAX: 18446744072
07-23 09:55:23.200 25251 25334 I com.mediavault: Note: end time exceeds INT32_MAX: 18446744072
07-23 09:55:23.200 25251 25334 I com.mediavault: Note: end time exceeds INT32_MAX: 18446744072
07-23 09:55:23.207 25251 25334 I com.mediavault: Note: end time exceeds INT32_MAX: 18446744072
07-23 09:55:23.208 25251 25334 I com.mediavault: Note: end time exceeds INT32_MAX: 18446744072
07-23 09:55:23.209 25251 25334 I com.mediavault: Note: end time exceeds INT32_MAX: 18446744072
07-23 09:55:23.210 25251 25334 I com.mediavault: Note: end time exceeds INT32_MAX: 18446744072
07-23 09:55:23.210 25251 25334 I com.mediavault: Note: end time exceeds INT32_MAX: 18446744072
07-23 09:55:23.217 25251 25453 D BLASTBufferQueue: [VRI[VideoDetailActivity]#30](f:0,a:1) acquireNextBufferLocked size=1080x2376 mFrameNumber=1 applyTransaction=true mTimestamp=53539352028273(auto) mPendingTransactions.size=0 graphicBufferId=108452219192211 transform=0
07-23 09:55:23.217 25251 25453 D VRI[VideoDetailActivity]: Received frameCommittedCallback lastAttemptedDrawFrameNum=1 didProduceBuffer=true syncBuffer=false
07-23 09:55:23.218 25251 25251 D VRI[VideoDetailActivity]: draw finished. seqId=0
07-23 09:55:23.218 25251 25251 W VRI[VideoDetailActivity]: handleResized, msg:, frameChanged:false, configChanged:false, displayChanged:false, attachedFrameChanged:false, compatScaleChanged:false, pendingDragResizing=false
07-23 09:55:23.218 25251 25251 D ResourcesManagerExtImpl: applyConfigurationToAppResourcesLocked app.getDisplayId() return callback.displayId:0
07-23 09:55:23.223 25251 25453 D VRI[VideoDetailActivity]: Received frameCommittedCallback lastAttemptedDrawFrameNum=2 didProduceBuffer=false syncBuffer=false
07-23 09:55:23.223 25251 25251 D VRI[VideoDetailActivity]: draw finished. seqId=0
07-23 09:55:23.323 25251 25251 D VRI[VideoDetailActivity]: onFocusEvent true
07-23 09:55:23.329 25251 25251 D InsetsController: hide(ime(), fromIme=false)
07-23 09:55:23.329 25251 25251 I ImeTracker: com.mediavault:eb4c5e4b: onCancelled at PHASE_CLIENT_ALREADY_HIDDEN
07-23 09:55:23.334 25251 25334 I com.mediavault: Note: end time exceeds INT32_MAX: 18446744072
07-23 09:55:23.337 25251 25334 I com.mediavault: Note: end time exceeds INT32_MAX: 18446744072
07-23 09:55:23.342 25251 25334 I com.mediavault: Note: end time exceeds INT32_MAX: 18446744072
07-23 09:55:23.343 25251 25334 I com.mediavault: Note: end time exceeds INT32_MAX: 18446744072
07-23 09:55:23.344 25251 25334 I com.mediavault: Note: end time exceeds INT32_MAX: 18446744072
07-23 09:55:23.347 25251 25334 I com.mediavault: Note: end time exceeds INT32_MAX: 18446744072
07-23 09:55:23.347 25251 25334 I com.mediavault: Note: end time exceeds INT32_MAX: 18446744072
07-23 09:55:23.348 25251 25334 I com.mediavault: Note: end time exceeds INT32_MAX: 18446744072
07-23 09:55:23.349 25251 25334 I com.mediavault: Note: end time exceeds INT32_MAX: 18446744072
07-23 09:55:23.350 25251 25334 I com.mediavault: Note: end time exceeds INT32_MAX: 18446744072
07-23 09:55:23.355 25251 25334 I com.mediavault: Note: end time exceeds INT32_MAX: 18446744072
07-23 09:55:23.356 25251 25334 I com.mediavault: Note: end time exceeds INT32_MAX: 18446744072
07-23 09:55:23.357 25251 25334 I com.mediavault: Note: end time exceeds INT32_MAX: 18446744072
07-23 09:55:23.358 25251 25334 I com.mediavault: Note: end time exceeds INT32_MAX: 18446744072
07-23 09:55:23.364 25251 25334 I com.mediavault: Note: end time exceeds INT32_MAX: 18446744072
07-23 09:55:23.365 25251 25334 I com.mediavault: Note: end time exceeds INT32_MAX: 18446744072
07-23 09:55:23.366 25251 25334 I com.mediavault: Note: end time exceeds INT32_MAX: 18446744072
07-23 09:55:23.367 25251 25334 I com.mediavault: Note: end time exceeds INT32_MAX: 18446744072
07-23 09:55:23.368 25251 25334 I com.mediavault: Note: end time exceeds INT32_MAX: 18446744072
07-23 09:55:23.373 25251 25334 I com.mediavault: Note: end time exceeds INT32_MAX: 18446744072
07-23 09:55:23.374 25251 25334 I com.mediavault: Note: end time exceeds INT32_MAX: 18446744072
07-23 09:55:23.375 25251 25334 I com.mediavault: Note: end time exceeds INT32_MAX: 18446744072
07-23 09:55:23.375 25251 25334 I com.mediavault: Note: end time exceeds INT32_MAX: 18446744072
07-23 09:55:23.380 25251 25334 I com.mediavault: Note: end time exceeds INT32_MAX: 18446744072
07-23 09:55:23.381 25251 25334 I com.mediavault: Note: end time exceeds INT32_MAX: 18446744072
07-23 09:55:23.382 25251 25334 I com.mediavault: Note: end time exceeds INT32_MAX: 18446744072
07-23 09:55:23.383 25251 25334 I com.mediavault: Note: end time exceeds INT32_MAX: 18446744072
07-23 09:55:23.384 25251 25334 I com.mediavault: Note: end time exceeds INT32_MAX: 18446744072
07-23 09:55:23.384 25251 25334 I com.mediavault: Note: end time exceeds INT32_MAX: 18446744072
07-23 09:55:23.389 25251 25334 I com.mediavault: Note: end time exceeds INT32_MAX: 18446744072
07-23 09:55:23.390 25251 25334 I com.mediavault: Note: end time exceeds INT32_MAX: 18446744072
07-23 09:55:23.391 25251 25334 I com.mediavault: Note: end time exceeds INT32_MAX: 18446744072
07-23 09:55:23.391 25251 25334 I com.mediavault: Note: end time exceeds INT32_MAX: 18446744072
07-23 09:55:23.392 25251 25334 I com.mediavault: Note: end time exceeds INT32_MAX: 18446744072
07-23 09:55:23.393 25251 25334 I com.mediavault: Note: end time exceeds INT32_MAX: 18446744072
07-23 09:55:23.398 25251 25334 I com.mediavault: Note: end time exceeds INT32_MAX: 18446744072
07-23 09:55:23.399 25251 25334 I com.mediavault: Note: end time exceeds INT32_MAX: 18446744072
07-23 09:55:23.400 25251 25334 I com.mediavault: Note: end time exceeds INT32_MAX: 18446744072
07-23 09:55:23.406 25251 25334 I com.mediavault: Note: end time exceeds INT32_MAX: 18446744072
07-23 09:55:23.407 25251 25334 I com.mediavault: Note: end time exceeds INT32_MAX: 18446744072
07-23 09:55:23.407 25251 25334 I com.mediavault: Note: end time exceeds INT32_MAX: 18446744072
07-23 09:55:23.408 25251 25334 I com.mediavault: Note: end time exceeds INT32_MAX: 18446744072
07-23 09:55:23.414 25251 25334 I com.mediavault: Note: end time exceeds INT32_MAX: 18446744072
07-23 09:55:23.415 25251 25334 I com.mediavault: Note: end time exceeds INT32_MAX: 18446744072
07-23 09:55:23.416 25251 25334 I com.mediavault: Note: end time exceeds INT32_MAX: 18446744072
07-23 09:55:23.417 25251 25334 I com.mediavault: Note: end time exceeds INT32_MAX: 18446744072
07-23 09:55:23.418 25251 25334 I com.mediavault: Note: end time exceeds INT32_MAX: 18446744072
07-23 09:55:23.419 25251 25334 I com.mediavault: Note: end time exceeds INT32_MAX: 18446744072
07-23 09:55:23.423 25251 25334 I com.mediavault: Note: end time exceeds INT32_MAX: 18446744072
07-23 09:55:23.424 25251 25334 I com.mediavault: Note: end time exceeds INT32_MAX: 18446744072
07-23 09:55:23.425 25251 25334 I com.mediavault: Note: end time exceeds INT32_MAX: 18446744072
07-23 09:55:23.426 25251 25334 I com.mediavault: Note: end time exceeds INT32_MAX: 18446744072
07-23 09:55:23.852 25251 25251 E IJankManager: slideSceneEnd unknown scene 1000 mScene:-1
07-23 09:55:23.955 25251 25251 D OplusViewDragTouchViewHelper: dispatchTouchView action = 1
07-23 09:55:23.955 25251 25251 D ViewRootImplExtImpl: the up motion event handled by client, just return
07-23 09:55:23.955 25251 25334 I com.mediavault: Note: end time exceeds INT32_MAX: 18446744072
07-23 09:55:23.987 25251 25251 D ResourcesManagerExtImpl: applyConfigurationToAppResourcesLocked app.getDisplayId() return callback.displayId:0
07-23 09:55:23.991 25251 25251 E OplusPredictiveBackController:  NoSuchMethodException 
07-23 09:55:23.991 25251 25251 E OplusPredictiveBackController:  NoSuchMethodException 
07-23 09:55:23.991 25251 25251 E OplusPredictiveBackController:  NoSuchMethodException 
07-23 09:55:23.991 25251 25251 D OplusPredictiveBackController: initPredictiveBackConfig for com.mediavault.ui.PlayerActivity@d0b1a45 initPredictiveBackConfig mShouldInterceptKeyEvent false
07-23 09:55:23.991 25251 25251 D WindowOnBackDispatcher:  predictive settings is disabled for com.mediavault
07-23 09:55:24.015 25251 25251 I ExoPlayerImpl: Init 9d2d0e9 [AndroidXMedia3/1.4.1] [OP5D0DL1, PJZ110, OnePlus, 36]
07-23 09:55:24.021 25251 25251 D ActivityThread: ComponentInfo{com.mediavault/com.mediavault.ui.PlayerActivity} checkFinished=false 2
07-23 09:55:24.021 25251 25251 D ResourcesManagerExtImpl: applyConfigurationToAppResourcesLocked app.getDisplayId() return callback.displayId:0
07-23 09:55:24.022 25251 25334 I com.mediavault: Note: end time exceeds INT32_MAX: 18446744072
07-23 09:55:24.023 25251 25251 D WindowManager: Add to mViews: com.android.internal.policy.DecorView{cc2c0cc I.E...... R.....ID 0,0-0,0 alpha=1.0 viewInfo = }[PlayerActivity],pkg= com.mediavault
07-23 09:55:24.023 25251 25453 D skia    : setRusSupported enable 0
07-23 09:55:24.023 25251 25251 D InsetsController: setRequestedVisibleTypes, mRequestedVisibleTypes: statusBars navigationBars captionBar systemGestures mandatorySystemGestures tappableElement displayCutout windowDecor systemOverlays, requestedVisibleTypes: navigationBars captionBar systemGestures mandatorySystemGestures tappableElement displayCutout windowDecor systemOverlays, visibleTypes: , type: 1, call: android.view.InsetsController.controlAnimationUnchecked:1556 android.view.InsetsController.applyAnimation:2378 android.view.InsetsController.applyAnimation:2344 android.view.InsetsController.hide:1484 android.view.InsetsController.hide:1388 android.view.PendingInsetsController$HideRequest.replay:277 android.view.PendingInsetsController.replayAndAttach:192 android.view.ViewRootImpl.setView:1749 android.view.WindowManagerGlobal.addView:514 android.view.WindowManagerImpl.addView:158 
07-23 09:55:24.023 25251 25251 D InsetsController: Setting requestedVisibleTypes to -10 (was -9)
07-23 09:55:24.023 25251 25251 D InsetsController: setRequestedVisibleTypes, mRequestedVisibleTypes: navigationBars captionBar systemGestures mandatorySystemGestures tappableElement displayCutout windowDecor systemOverlays, requestedVisibleTypes: captionBar systemGestures mandatorySystemGestures tappableElement displayCutout windowDecor systemOverlays, visibleTypes: , type: 2, call: android.view.InsetsController.controlAnimationUnchecked:1556 android.view.InsetsController.applyAnimation:2378 android.view.InsetsController.applyAnimation:2344 android.view.InsetsController.hide:1484 android.view.InsetsController.hide:1388 android.view.PendingInsetsController$HideRequest.replay:277 android.view.PendingInsetsController.replayAndAttach:192 android.view.ViewRootImpl.setView:1749 android.view.WindowManagerGlobal.addView:514 android.view.WindowManagerImpl.addView:158 
07-23 09:55:24.023 25251 25251 D InsetsController: Setting requestedVisibleTypes to -12 (was -10)
07-23 09:55:24.025 25251 25251 D ViewRootImplExtImpl: onDisplayChanged -1 for VRI android.view.ViewRootImpl@9c11db8
07-23 09:55:24.026 25251 25251 D VRI[VideoDetailActivity]: onFocusEvent false
07-23 09:55:24.027 25251 25251 D ResourcesManagerExtImpl: applyConfigurationToAppResourcesLocked app.getDisplayId() return callback.displayId:0
07-23 09:55:24.028 25251 25251 E OplusBracketLog: [OplusViewMirrorManager] updateHostViewRootIfNeeded, not support android.view.ViewRootImpl@9c11db8
07-23 09:55:24.029 25251 25251 D WindowOnBackDispatcher:  predictive settings is disabled for com.mediavault
07-23 09:55:24.029 25251 25251 D WindowOnBackDispatcher:  predictive settings is disabled for com.mediavault
07-23 09:55:24.029 25251 25251 D ViewRootImplExtImpl: wrapConfigInfoIntoFlags rotation=1, smallestScreenWidthDp=0, residentWS=false, scenario=0, bounds=Rect(0, 0 - 2376, 1080), relayoutAsync=false, flags=0, newFlags=1245708296, title=com.mediavault/com.mediavault.ui.PlayerActivity
07-23 09:55:24.033 25251 25251 D VRI[PlayerActivity]: relayoutWindow result, sizeChanged:true, surfaceControlChanged:true, transformHintChanged:true, mSurfaceSize:Point(2256, 1080), mLastSurfaceSize:Point(0, 0), mWidth:-1, mHeight:-1, requestedWidth:2256, requestedHeight:1080, transformHint:4, installOrientation:0, displayRotation:1, isSurfaceValid:true, attr.flag:-2122252032, tmpFrames:ClientWindowFrames{frame=[120,0][2376,1080] display=[120,0][2376,1080] parentFrame=[0,0][0,0]}, relayoutAsync:false, mSyncSeqId:0
07-23 09:55:24.034 25251 25251 W VRI[PlayerActivity]: updateBlastSurfaceIfNeeded, surfaceSize:Point(2256, 1080), lastSurfaceSize:Point(0, 0), format:-1, blastBufferQueue:null
07-23 09:55:24.034 25251 25251 D BufferQueueConsumer: [](id:62a300000029,api:0,p:-1,c:25251) connect: controlledByApp=false
07-23 09:55:24.034 25251 25251 D BufferQueueConsumer: [VRI[PlayerActivity]#31(BLAST Consumer)31](id:62a300000029,api:0,p:-1,c:25251) setMaxAcquiredBufferCount: 2
07-23 09:55:24.035 25251 25251 E OplusDisplayModeManager: has been initialized.
07-23 09:55:24.035 25251 25453 D BufferQueueProducer: [VRI[PlayerActivity]#31(BLAST Consumer)31](id:62a300000029,api:1,p:25251,c:25251) connect: api=1 producerControlledByApp=true
07-23 09:55:24.036 25251 25251 I SurfaceControl:  setExtendedRangeBrightness sc=Surface(name=com.mediavault/com.mediavault.ui.PlayerActivity)/@0x84be900,currentBufferRatio=1.0,desiredRatio=1.0
07-23 09:55:24.036 25251 25251 D TextureView: getHardwareLayer, createNewSurface:true
07-23 09:55:24.036 25251 25251 D BufferQueueConsumer: [](id:62a30000002a,api:0,p:-1,c:25251) connect: controlledByApp=true
07-23 09:55:24.039 25251 25453 D BLASTBufferQueue: [VRI[PlayerActivity]#31](f:0,a:1) acquireNextBufferLocked size=2256x1080 mFrameNumber=1 applyTransaction=true mTimestamp=53540174472231(auto) mPendingTransactions.size=0 graphicBufferId=108452219192215 transform=7
07-23 09:55:24.039 25251 25453 D VRI[PlayerActivity]: Received frameCommittedCallback lastAttemptedDrawFrameNum=1 didProduceBuffer=true syncBuffer=false
07-23 09:55:24.040 25251 25251 D VRI[PlayerActivity]: draw finished. seqId=0
07-23 09:55:24.042 25251 25251 W VRI[PlayerActivity]: handleResized, msg:, frameChanged:false, configChanged:false, displayChanged:false, attachedFrameChanged:false, compatScaleChanged:false, pendingDragResizing=false
07-23 09:55:24.044 25251 25453 D VRI[PlayerActivity]: Received frameCommittedCallback lastAttemptedDrawFrameNum=2 didProduceBuffer=true syncBuffer=false
07-23 09:55:24.044 25251 25251 D VRI[PlayerActivity]: draw finished. seqId=0
07-23 09:55:24.047 25251 25334 I com.mediavault: Note: end time exceeds INT32_MAX: 18446744071
07-23 09:55:24.048 25251 25334 I com.mediavault: Note: end time exceeds INT32_MAX: 18446744071
07-23 09:55:24.049 25251 25334 I com.mediavault: Note: end time exceeds INT32_MAX: 18446744071
07-23 09:55:24.050 25251 25334 I com.mediavault: Note: end time exceeds INT32_MAX: 18446744071
07-23 09:55:24.052 25251 25251 W VRI[PlayerActivity]: handleResized abandoned!
07-23 09:55:24.052 25251 25334 I com.mediavault: Note: end time exceeds INT32_MAX: 18446744071
07-23 09:55:24.053 25251 25334 I com.mediavault: Note: end time exceeds INT32_MAX: 18446744071
07-23 09:55:24.054 25251 25334 I com.mediavault: Note: end time exceeds INT32_MAX: 18446744071
07-23 09:55:24.055 25251 25334 I com.mediavault: Note: end time exceeds INT32_MAX: 18446744071
07-23 09:55:24.055 25251 25334 I com.mediavault: Note: end time exceeds INT32_MAX: 18446744071
07-23 09:55:24.060 25251 25334 I com.mediavault: Note: end time exceeds INT32_MAX: 18446744071
07-23 09:55:24.061 25251 25334 I com.mediavault: Note: end time exceeds INT32_MAX: 18446744071
07-23 09:55:24.061 25251 25334 I com.mediavault: Note: end time exceeds INT32_MAX: 18446744071
07-23 09:55:24.062 25251 25334 I com.mediavault: Note: end time exceeds INT32_MAX: 18446744071
07-23 09:55:24.063 25251 25251 D VRI[PlayerActivity]: onFocusEvent true
07-23 09:55:24.065 25251 25251 D InsetsController: hide(ime(), fromIme=false)
07-23 09:55:24.065 25251 25251 I ImeTracker: com.mediavault:9e00dbea: onCancelled at PHASE_CLIENT_ALREADY_HIDDEN
07-23 09:55:24.068 25251 25334 I com.mediavault: Note: end time exceeds INT32_MAX: 18446744071
07-23 09:55:24.069 25251 25334 I com.mediavault: Note: end time exceeds INT32_MAX: 18446744071
07-23 09:55:24.070 25251 25334 I com.mediavault: Note: end time exceeds INT32_MAX: 18446744071
07-23 09:55:24.071 25251 25334 I com.mediavault: Note: end time exceeds INT32_MAX: 18446744071
07-23 09:55:24.075 25251 25334 I com.mediavault: Note: end time exceeds INT32_MAX: 18446744071
07-23 09:55:24.078 25251 25334 I com.mediavault: Note: end time exceeds INT32_MAX: 18446744071
07-23 09:55:24.080 25251 25334 I com.mediavault: Note: end time exceeds INT32_MAX: 18446744071
07-23 09:55:24.081 25251 25334 I com.mediavault: Note: end time exceeds INT32_MAX: 18446744071
07-23 09:55:24.082 25251 25334 I com.mediavault: Note: end time exceeds INT32_MAX: 18446744071
07-23 09:55:24.089 25251 25334 I com.mediavault: Note: end time exceeds INT32_MAX: 18446744071
07-23 09:55:24.090 25251 25334 I com.mediavault: Note: end time exceeds INT32_MAX: 18446744071
07-23 09:55:24.091 25251 25334 I com.mediavault: Note: end time exceeds INT32_MAX: 18446744071
07-23 09:55:24.091 25251 25334 I com.mediavault: Note: end time exceeds INT32_MAX: 18446744071
07-23 09:55:24.094 25251 25334 I com.mediavault: Note: end time exceeds INT32_MAX: 18446744071
07-23 09:55:24.095 25251 25334 I com.mediavault: Note: end time exceeds INT32_MAX: 18446744071
07-23 09:55:24.096 25251 25334 I com.mediavault: Note: end time exceeds INT32_MAX: 18446744071
07-23 09:55:24.100 25251  3200 D MediaCodecInfo: NoSupport [codec.profileLevel, hvc1.2.4.L120.90, video/hevc] [c2.android.hevc.decoder, video/hevc] [OP5D0DL1, PJZ110, OnePlus, 36]
07-23 09:55:24.100 25251  3200 I DMCodecAdapterFactory: Creating an asynchronous MediaCodec adapter for track type video
07-23 09:55:24.101 25251  3200 W libc    : Access denied finding property "vendor.debug.stagefright.mediacodec.trace"
07-23 09:55:24.101 25251  3200 W VideoCapabilities: Unrecognized profile 8 for video/hevc
07-23 09:55:24.102 25251 25334 I com.mediavault: Note: end time exceeds INT32_MAX: 18446744071
07-23 09:55:24.102 25251  3200 W libc    : Access denied finding property "persist.vendor.media.c2.frameworks.buffercount.trace"
07-23 09:55:24.102 25251  3200 W libc    : Access denied finding property "persist.vendor.media.c2.frameworks.buffercount.trace"
07-23 09:55:24.102 25251  3200 W libc    : Access denied finding property "persist.vendor.media.c2.frameworks.buffercount.trace"
07-23 09:55:24.102 25251  3200 W libc    : Access denied finding property "persist.vendor.media.c2.frameworks.buffercount.trace"
07-23 09:55:24.103 25251 25334 I com.mediavault: Note: end time exceeds INT32_MAX: 18446744071
07-23 09:55:24.103 25251 25334 I com.mediavault: Note: end time exceeds INT32_MAX: 18446744071
07-23 09:55:24.104 25251 25334 I com.mediavault: Note: end time exceeds INT32_MAX: 18446744071
07-23 09:55:24.105 25251 25334 I com.mediavault: Note: end time exceeds INT32_MAX: 18446744071
07-23 09:55:24.106 25251  3216 W com.mediavault: AIBinder_linkToDeath is being called with a non-null cookie and no onUnlink callback set. This might not be intended. AIBinder_DeathRecipient_setOnUnlinked should be called first.
07-23 09:55:24.106 25251  3216 D CCodecConfig: read media type: video/hevc
07-23 09:55:24.107 25251  3216 D ReflectedParamUpdater: extent() != 1 for single value type: output.buffers.pool-ids.values
07-23 09:55:24.107 25251  3216 D ReflectedParamUpdater: ignored struct field vendor.output.configs.portConfigs
07-23 09:55:24.107 25251  3216 D ReflectedParamUpdater: extent() != 1 for single value type: output.subscribed-indices.values
07-23 09:55:24.108 25251  3216 D ReflectedParamUpdater: extent() != 1 for single value type: vendor.qti-ext-info-hist_hdr.stats_info
07-23 09:55:24.108 25251  3216 D ReflectedParamUpdater: extent() != 1 for single value type: vendor.qti-ext-info-hist_hdr.reserved
07-23 09:55:24.109 25251  3216 D ReflectedParamUpdater: extent() != 1 for single value type: vendor.qti-ext-transcode-info-stats.stats_info
07-23 09:55:24.109 25251  3216 D ReflectedParamUpdater: ignored struct field vendor.input.configs.portConfigs
07-23 09:55:24.110 25251  3216 D ReflectedParamUpdater: Could not describe oplus.vpp.is.ff.mode
07-23 09:55:24.110 25251 25334 I com.mediavault: Note: end time exceeds INT32_MAX: 18446744071
07-23 09:55:24.110 25251  3216 D ReflectedParamUpdater: Could not describe oplus.vpp.white.list
07-23 09:55:24.110 25251  3216 D ReflectedParamUpdater: Could not describe oplus.vpp.inputdelay
07-23 09:55:24.110 25251  3216 D ReflectedParamUpdater: Could not describe oplus.switch.by.app
07-23 09:55:24.110 25251  3216 D CCodecConfig: ignoring local param raw.size (0xd2001800) as it is already supported
07-23 09:55:24.110 25251  3216 D CCodecConfig: ignoring local param default.color (0x5200180b) as it is already supported
07-23 09:55:24.110 25251  3216 D CCodecConfig: ignoring local param raw.hdr-static-info (0xd200180a) as it is already supported
07-23 09:55:24.110 25251  3216 I CCodecConfig: query failed after returning 18 values (BAD_INDEX)
07-23 09:55:24.110 25251 25334 I com.mediavault: Note: end time exceeds INT32_MAX: 18446744071
07-23 09:55:24.111 25251  3216 W ColorUtils: expected specified color aspects (0:0:0:0)
07-23 09:55:24.111 25251 25334 I com.mediavault: Note: end time exceeds INT32_MAX: 18446744071
07-23 09:55:24.112 25251  3200 E MediaCodec: Media Quality Service not found.
07-23 09:55:24.112 25251  3215 D SurfaceUtils: connecting to surface 0xb4000077fa02d010, reason connectToSurface
07-23 09:55:24.112 25251  3215 D BufferQueueProducer: [SurfaceTexture-0-25251-5](id:62a30000002a,api:3,p:25251,c:25251) connect: api=3 producerControlledByApp=true
07-23 09:55:24.112 25251  3215 D SurfaceUtils: disconnecting from surface 0xb4000077fa02d010, reason connectToSurface(reconnect)
07-23 09:55:24.112 25251  3215 D BufferQueueProducer: [SurfaceTexture-0-25251-5](id:62a30000002a,api:3,p:25251,c:25251) disconnect: api 3
07-23 09:55:24.112 25251  3215 D SurfaceUtils: connecting to surface 0xb4000077fa02d000, reason connectToSurface(reconnect-with-listener)
07-23 09:55:24.112 25251  3215 D BufferQueueProducer: [SurfaceTexture-0-25251-5](id:62a30000002a,api:3,p:25251,c:25251) connect: api=3 producerControlledByApp=true
07-23 09:55:24.112 25251 25334 I com.mediavault: Note: end time exceeds INT32_MAX: 18446744071
07-23 09:55:24.113 25251  3215 W AString : ctor got NULL, using empty string instead
07-23 09:55:24.113 25251  3215 D AtlasEventUploadUtils: setEvent event:atlas_event_video_monitor_network_switch
07-23 09:55:24.115 25251  3216 W CCodec  : This behavior is subject to change. It is recommended that app developers double check whether the requested max input size is in reasonable range.
07-23 09:55:24.115 25251  3216 I CCodecConfig: query failed after returning 20 values (BAD_INDEX)
07-23 09:55:24.115 25251  3216 E com.mediavault: Failed to query component interface for required system resources: 6
07-23 09:55:24.118 25251 25334 I com.mediavault: Note: end time exceeds INT32_MAX: 18446744071
07-23 09:55:24.119 25251 31611 D AidlBufferPool: bufferpool2 0xb4000076bdff9d68 : 0(0 size) total buffers - 0(0 size) used buffers - 178/192 (recycle/alloc) - 11/172 (fetch/transfer)
07-23 09:55:24.119 25251 31611 D AidlBufferPool: Destruction - bufferpool2 0xb4000076bdff9d68 cached: 0/0M, 0/0% in use; allocs: 192, 93% recycled; transfers: 172, 94% unfetched
07-23 09:55:24.119 25251 25334 I com.mediavault: Note: end time exceeds INT32_MAX: 18446744071
07-23 09:55:24.120 25251 25334 I com.mediavault: Note: end time exceeds INT32_MAX: 18446744071
07-23 09:55:24.120 25251  3216 D Codec2Client: GraphicBufferAllocator created
07-23 09:55:24.121 25251 25334 I com.mediavault: Note: end time exceeds INT32_MAX: 18446744071
07-23 09:55:24.121 25251  3216 D Codec2Client: setOutputSurface -- failed to set consumer usage (6/BAD_INDEX)
07-23 09:55:24.121 25251  3216 D GraphicsTracker: new surface in configuration: maxDequeueRequested(0), maxDequeueCommitted(3)
07-23 09:55:24.121 25251  3216 D GraphicsTracker: new surface configured with id:108452219191338 gen:25857035 maxDequeue:3
07-23 09:55:24.121 25251  3216 D GraphicsTracker: maxDequeueCount committed to IGBP: 11
07-23 09:55:24.121 25251  3216 D GraphicsTracker: Cache size 0 -> 0: maybe_cleared(0), dequeued(0)
07-23 09:55:24.121 25251  3216 D GraphicsTracker: maxDqueueCount change 3 -> 11: pending: 0
07-23 09:55:24.121 25251  3216 D Codec2Client: setOutputSurface -- generation=25857035 consumer usage=0x900
07-23 09:55:24.123 25251  3215 W com.mediavault: AIBinder_linkToDeath is being called with a non-null cookie and no onUnlink callback set. This might not be intended. AIBinder_DeathRecipient_setOnUnlinked should be called first.
07-23 09:55:24.123 25251  3200 I DMCodecAdapterFactory: Creating an asynchronous MediaCodec adapter for track type audio
07-23 09:55:24.123 25251  3200 W libc    : Access denied finding property "vendor.debug.stagefright.mediacodec.trace"
07-23 09:55:24.124 25251  3200 W libc    : Access denied finding property "persist.vendor.media.c2.frameworks.buffercount.trace"
07-23 09:55:24.124 25251  3200 W libc    : Access denied finding property "persist.vendor.media.c2.frameworks.buffercount.trace"
07-23 09:55:24.124 25251  3200 W libc    : Access denied finding property "persist.vendor.media.c2.frameworks.buffercount.trace"
07-23 09:55:24.124 25251  3200 W libc    : Access denied finding property "persist.vendor.media.c2.frameworks.buffercount.trace"
07-23 09:55:24.127 25251 25334 I com.mediavault: Note: end time exceeds INT32_MAX: 18446744071
07-23 09:55:24.128 25251 25334 I com.mediavault: Note: end time exceeds INT32_MAX: 18446744071
07-23 09:55:24.129 25251 25334 I com.mediavault: Note: end time exceeds INT32_MAX: 18446744071
07-23 09:55:24.129 25251  3232 W com.mediavault: AIBinder_linkToDeath is being called with a non-null cookie and no onUnlink callback set. This might not be intended. AIBinder_DeathRecipient_setOnUnlinked should be called first.
07-23 09:55:24.129 25251  3232 D CCodecConfig: read media type: audio/mp4a-latm
07-23 09:55:24.130 25251 25334 I com.mediavault: Note: end time exceeds INT32_MAX: 18446744071
07-23 09:55:24.130 25251  3232 D ReflectedParamUpdater: extent() != 1 for single value type: algo.buffers.max-count.values
07-23 09:55:24.130 25251  3232 D ReflectedParamUpdater: extent() != 1 for single value type: output.subscribed-indices.values
07-23 09:55:24.130 25251  3232 D ReflectedParamUpdater: extent() != 1 for single value type: input.buffers.allocator-ids.values
07-23 09:55:24.130 25251  3232 D ReflectedParamUpdater: extent() != 1 for single value type: output.buffers.allocator-ids.values
07-23 09:55:24.130 25251  3232 D ReflectedParamUpdater: extent() != 1 for single value type: algo.buffers.allocator-ids.values
07-23 09:55:24.130 25251  3232 D ReflectedParamUpdater: extent() != 1 for single value type: output.buffers.pool-ids.values
07-23 09:55:24.131 25251  3232 D ReflectedParamUpdater: extent() != 1 for single value type: algo.buffers.pool-ids.values
07-23 09:55:24.131 25251 25334 I com.mediavault: Note: end time exceeds INT32_MAX: 18446744071
07-23 09:55:24.132 25251  3232 I CCodecConfig: query failed after returning 21 values (BAD_INDEX)
07-23 09:55:24.134 25251  3200 E MediaCodec: Media Quality Service not found.
07-23 09:55:24.134 25251 25334 I com.mediavault: Note: end time exceeds INT32_MAX: 18446744071
07-23 09:55:24.134 25251  3232 W AString : ctor got NULL, using empty string instead
07-23 09:55:24.135 25251 25334 I com.mediavault: Note: end time exceeds INT32_MAX: 18446744071
07-23 09:55:24.135 25251  3232 I CCodecConfig: query failed after returning 21 values (BAD_INDEX)
07-23 09:55:24.135 25251  3232 E com.mediavault: Failed to query component interface for required system resources: 6
07-23 09:55:24.136 25251 25334 I com.mediavault: Note: end time exceeds INT32_MAX: 18446744071
07-23 09:55:24.137 25251  3232 D CCodecBuffers: [c2.android.aac.decoder#537:1D-Output.Impl[N]] converted 0 buffers to array mode of 6
07-23 09:55:24.137 25251 25334 I com.mediavault: Note: end time exceeds INT32_MAX: 18446744071
07-23 09:55:24.137 25251  3232 W com.mediavault: AIBinder_linkToDeath is being called with a non-null cookie and no onUnlink callback set. This might not be intended. AIBinder_DeathRecipient_setOnUnlinked should be called first.
07-23 09:55:24.138 25251 25334 I com.mediavault: Note: end time exceeds INT32_MAX: 18446744071
07-23 09:55:24.143 25251  3216 D GraphicsTracker: maxDequeueCount committed to IGBP: 35
07-23 09:55:24.143 25251  3216 D GraphicsTracker: Cache size 2 -> 2: maybe_cleared(0), dequeued(2)
07-23 09:55:24.143 25251  3216 D GraphicsTracker: maxDqueueCount change 11 -> 35: pending: 0
07-23 09:55:24.157 25251  3200 I AudioTrack: set(): type=audio,case=1,attributes=1,content_type=0,usage=1,source=-1,flags=0xa00
07-23 09:55:24.157 25251  3200 D AudioTrackExtImpl: AudioTrackExtImpl init
07-23 09:55:24.157 25251  3200 D AudioTrack: set(): streamType -1, sampleRate 48000, format 0x1, channelMask 0x3, frameCount 23064, flags #0, notificationFrames 0, sessionId 11617, transferType 3, uid 10352, pid 25251
07-23 09:55:24.157 25251  3200 I AudioTrack: set(): 0xb4000077fa02d600, Create AudioTrackThread, tid = 3239
07-23 09:55:24.157 25251  3200 D AudioTrackExtImpl: doSchedBoost, set audioapp task boost, pid=25251, tid=3200, enable=1, ret=0
07-23 09:55:24.162 25251  3200 D AudioTrack: createTrack state 0 output.outputId=37
07-23 09:55:24.163 25251  3200 I AudioTrack: createTrack_l(1604) on outputId(37) : 0xb4000077fa02d600, mCblk = 0x7891735000,  mLatency = 609, mAfLatency = 129, frameCount = 23064, mSampleRate = 48000, mFlags = 0x8, mReqFrameCount = 23064, mNotificationFramesAct = 11532
07-23 09:55:24.163 25251  3200 D AudioTrackExtImpl: doSchedBoost, set audioapp task boost, pid=25251, tid=3200, enable=0, ret=0
07-23 09:55:24.163 25251  3200 E AudioTrackExtImpl: get fade type, but return null, pid 25251, uid 10352
07-23 09:55:24.163 25251  3200 D AudioTrack: set: pop_optimize mIsPopOptimizeSupport:0, mIsPopOptimizeFlush:0
07-23 09:55:24.164 25251  3200 D AudioTrack: setVolume(1604) left 1.000 right 1.000 , callingPid 25251
07-23 09:55:24.167 25251  3200 D AudioTrackExtImpl: doSchedBoost, set audioapp task boost, pid=25251, tid=3200, enable=1, ret=0
07-23 09:55:24.174 25251  3200 D AudioTrack: start(1604): prior state:STATE_STOPPED output 37 stream 3 session 11617
07-23 09:55:24.242 25251 25334 I com.mediavault: Note: end time exceeds INT32_MAX: 18446744071
07-23 09:55:24.254 25251 28143 W AudioSystem-JNI: Unknown native audio format for JAVA API: 503316496
07-23 09:55:24.254 25251 28143 W AudioSystem-JNI: Unknown native audio format for JAVA API: 503316736
07-23 09:55:24.259 25251  3200 D AudioTrack: pause(1604): prior state:STATE_ACTIVE output 37 stream 3 session 11617
07-23 09:55:24.264 25251  3215 I CCodecConfig: query failed after returning 19 values (BAD_INDEX)
07-23 09:55:24.267 25251  3232 I CCodecConfig: query failed after returning 21 values (BAD_INDEX)
07-23 09:55:24.268 25251  3260 D AudioTrack: flush+ mIsStopFlush 0, mIsTrackSupportFade 1, mTrackFadeSupportType 0 , mShareBuffer != 0 ? 0, mState 2
07-23 09:55:24.268 25251  3260 D AudioTrack: flush(1604): prior state:STATE_PAUSED
07-23 09:55:24.268 25251  3260 D AudioTrack: [oplusAudioFade]stop mState STATE_FLUSHED, mIsTrackSupportFade 1
07-23 09:55:24.268 25251  3260 D AudioTrack: stop(1604): prior state:STATE_FLUSHED output 37 stream 3 session 11617
07-23 09:55:24.268 25251  3260 D AudioTrack: ~AudioTrack(1604), releasing mStatus =0 session id 11617 from 25251 on behalf of 25251
07-23 09:55:24.268 25251  3260 D AudioTrack: [oplusAudioFade]stop mState STATE_FLUSHED, mIsTrackSupportFade 1
07-23 09:55:24.268 25251  3260 D AudioTrack: stop(1604): prior state:STATE_FLUSHED output 37 stream 3 session 11617
07-23 09:55:24.268 25251  3260 I AudioTrack: stopAndJoinCallbacks(1604) done
07-23 09:55:24.302 25251  3200 I AudioTrack: set(): type=audio,case=1,attributes=1,content_type=0,usage=1,source=-1,flags=0xa00
07-23 09:55:24.302 25251  3200 D AudioTrackExtImpl: AudioTrackExtImpl init
07-23 09:55:24.302 25251  3200 D AudioTrack: set(): streamType -1, sampleRate 48000, format 0x1, channelMask 0x3, frameCount 23064, flags #0, notificationFrames 0, sessionId 11617, transferType 3, uid 10352, pid 25251
07-23 09:55:24.302 25251  3200 I AudioTrack: set(): 0xb4000077fa02dc00, Create AudioTrackThread, tid = 3266
07-23 09:55:24.303 25251  3200 D AudioTrackExtImpl: doSchedBoost, set audioapp task boost, pid=25251, tid=3200, enable=1, ret=0
07-23 09:55:24.306 25251  3200 D AudioTrack: createTrack state 0 output.outputId=37
07-23 09:55:24.307 25251  3200 I AudioTrack: createTrack_l(1605) on outputId(37) : 0xb4000077fa02dc00, mCblk = 0x7891735000,  mLatency = 609, mAfLatency = 129, frameCount = 23064, mSampleRate = 48000, mFlags = 0x8, mReqFrameCount = 23064, mNotificationFramesAct = 11532
07-23 09:55:24.307 25251  3200 D AudioTrackExtImpl: doSchedBoost, set audioapp task boost, pid=25251, tid=3200, enable=0, ret=0
07-23 09:55:24.308 25251  3200 E AudioTrackExtImpl: get fade type, but return null, pid 25251, uid 10352
07-23 09:55:24.308 25251  3200 D AudioTrack: set: pop_optimize mIsPopOptimizeSupport:0, mIsPopOptimizeFlush:0
07-23 09:55:24.308 25251  3200 D AudioTrack: setVolume(1605) left 1.000 right 1.000 , callingPid 25251
07-23 09:55:24.310 25251  3200 D AudioTrackExtImpl: doSchedBoost, set audioapp task boost, pid=25251, tid=3200, enable=1, ret=0
07-23 09:55:24.311 25251  3232 D PipelineWatcher: [0xb4000077f849bb00] pipelineFull: too many frames in pipeline (6)
07-23 09:55:24.311 25251 31331 D PipelineWatcher: [0xb4000077f849bb00] pipelineFull: too many frames in pipeline (6)
07-23 09:55:24.345 25251  3183 D PipelineWatcher: [0xb4000077f849bb00] pipelineFull: too many frames in pipeline (6)
07-23 09:55:24.345 25251  3232 D PipelineWatcher: [0xb4000077f849bb00] pipelineFull: too many frames in pipeline (6)
07-23 09:55:24.410 25251 31611 D VRI[VideoDetailActivity]: dispatchAppVisibility visible:false mUpcomingWindowFocus:false
07-23 09:55:24.416 25251 25251 D VRI[VideoDetailActivity]: visibilityChanged oldVisibility=true newVisibility=false
07-23 09:55:24.425 25251 25251 D HWUI    : RenderProxy::destroy: this=0xb4000077fa0f5600, mContext=0xb40000769a98ee00
07-23 09:55:24.425 25251 25453 D HWUI    : SkiaVulkanPipeline::setSurface: this=0xb4000077f75ce980, surface=NULL
07-23 09:55:24.426 25251 25453 D BufferQueueProducer: [VRI[VideoDetailActivity]#30(BLAST Consumer)30](id:62a300000028,api:1,p:25251,c:25251) disconnect: api 1
07-23 09:55:24.426 25251 25251 D ViewRootImplExtImpl: wrapConfigInfoIntoFlags rotation=0, smallestScreenWidthDp=360, residentWS=false, scenario=0, bounds=Rect(0, 0 - 1080, 2376), relayoutAsync=false, flags=0, newFlags=1245719808, title=com.mediavault/com.mediavault.ui.VideoDetailActivity
07-23 09:55:24.427 25251  3200 D AudioTrack: start(1605): prior state:STATE_STOPPED output 37 stream 3 session 11617
07-23 09:55:24.449 25251 25251 D VRI[VideoDetailActivity]: relayoutWindow result, sizeChanged:false, surfaceControlChanged:true, transformHintChanged:false, mSurfaceSize:Point(1080, 2376), mLastSurfaceSize:Point(1080, 2376), mWidth:1080, mHeight:2376, requestedWidth:1080, requestedHeight:2376, transformHint:0, installOrientation:0, displayRotation:0, isSurfaceValid:false, attr.flag:-2122252032, tmpFrames:ClientWindowFrames{frame=[0,0][1080,2376] display=[0,0][1080,2376] parentFrame=[0,0][0,0]}, relayoutAsync:false, mSyncSeqId:0
07-23 09:55:24.451 25251 25251 D BLASTBufferQueue: [VRI[VideoDetailActivity]#30](f:0,a:1) destructor()
07-23 09:55:24.451 25251 25251 D BufferQueueConsumer: [VRI[VideoDetailActivity]#30(BLAST Consumer)30](id:62a300000028,api:0,p:-1,c:25251) disconnect
07-23 09:55:24.454 25251 25251 W VRI[PlayerActivity]: handleResized abandoned!
07-23 09:55:24.462 25251 25251 D VRI[VideoDetailActivity]: setWindowStopped stopped:true
07-23 09:55:24.466 25251 25251 D ViewRootImplExtImpl: wrapConfigInfoIntoFlags rotation=0, smallestScreenWidthDp=360, residentWS=false, scenario=0, bounds=Rect(0, 0 - 1080, 2376), relayoutAsync=false, flags=0, newFlags=1245719808, title=com.mediavault/com.mediavault.ui.VideoDetailActivity
07-23 09:55:24.470 25251 25251 D VRI[VideoDetailActivity]: relayoutWindow result, sizeChanged:false, surfaceControlChanged:true, transformHintChanged:false, mSurfaceSize:Point(1080, 2376), mLastSurfaceSize:Point(1080, 2376), mWidth:1080, mHeight:2376, requestedWidth:1080, requestedHeight:2376, transformHint:0, installOrientation:0, displayRotation:0, isSurfaceValid:false, attr.flag:-2122252032, tmpFrames:ClientWindowFrames{frame=[0,0][1080,2376] display=[0,0][1080,2376] parentFrame=[0,0][0,0]}, relayoutAsync:false, mSyncSeqId:0
